Archive member included to satisfy reference by file (symbol)

.pioenvs/bluepill_f103c8_bootloader/libd29/liblogger.a(logger.o)
                              .pioenvs/bluepill_f103c8_bootloader/src/cdc.o (debug_flush)
.pioenvs/bluepill_f103c8_bootloader/lib52f/libbluepill.a(bluepill.o)
                              .pioenvs/bluepill_f103c8_bootloader/src/dapboot.o (platform_setup)
.pioenvs/bluepill_f103c8_bootloader/lib52f/libbluepill.a(led.o)
                              .pioenvs/bluepill_f103c8_bootloader/lib52f/libbluepill.a(bluepill.o) (led_setup)
/Users/Luppy/.platformio/packages/toolchain-gccarmnoneeabi/bin/../lib/gcc/arm-none-eabi/7.2.1/../../../../arm-none-eabi/lib/thumb/v7-m/libc.a(lib_a-malloc.o)
                              .pioenvs/bluepill_f103c8_bootloader/lib52f/libbluepill.a(bluepill.o) (malloc)
/Users/Luppy/.platformio/packages/toolchain-gccarmnoneeabi/bin/../lib/gcc/arm-none-eabi/7.2.1/../../../../arm-none-eabi/lib/thumb/v7-m/libc.a(lib_a-mallocr.o)
                              /Users/Luppy/.platformio/packages/toolchain-gccarmnoneeabi/bin/../lib/gcc/arm-none-eabi/7.2.1/../../../../arm-none-eabi/lib/thumb/v7-m/libc.a(lib_a-malloc.o) (_malloc_r)
/Users/Luppy/.platformio/packages/toolchain-gccarmnoneeabi/bin/../lib/gcc/arm-none-eabi/7.2.1/../../../../arm-none-eabi/lib/thumb/v7-m/libc.a(lib_a-memcmp.o)
                              .pioenvs/bluepill_f103c8_bootloader/src/ghostfat.o (memcmp)
/Users/Luppy/.platformio/packages/toolchain-gccarmnoneeabi/bin/../lib/gcc/arm-none-eabi/7.2.1/../../../../arm-none-eabi/lib/thumb/v7-m/libc.a(lib_a-memcpy.o)
                              .pioenvs/bluepill_f103c8_bootloader/src/custom_usb_msc.o (memcpy)
/Users/Luppy/.platformio/packages/toolchain-gccarmnoneeabi/bin/../lib/gcc/arm-none-eabi/7.2.1/../../../../arm-none-eabi/lib/thumb/v7-m/libc.a(lib_a-memmove.o)
                              .pioenvs/bluepill_f103c8_bootloader/src/dmesg.o (memmove)
/Users/Luppy/.platformio/packages/toolchain-gccarmnoneeabi/bin/../lib/gcc/arm-none-eabi/7.2.1/../../../../arm-none-eabi/lib/thumb/v7-m/libc.a(lib_a-memset.o)
                              .pioenvs/bluepill_f103c8_bootloader/src/custom_usb_msc.o (memset)
/Users/Luppy/.platformio/packages/toolchain-gccarmnoneeabi/bin/../lib/gcc/arm-none-eabi/7.2.1/../../../../arm-none-eabi/lib/thumb/v7-m/libc.a(lib_a-mlock.o)
                              /Users/Luppy/.platformio/packages/toolchain-gccarmnoneeabi/bin/../lib/gcc/arm-none-eabi/7.2.1/../../../../arm-none-eabi/lib/thumb/v7-m/libc.a(lib_a-mallocr.o) (__malloc_lock)
/Users/Luppy/.platformio/packages/toolchain-gccarmnoneeabi/bin/../lib/gcc/arm-none-eabi/7.2.1/../../../../arm-none-eabi/lib/thumb/v7-m/libc.a(lib_a-sbrkr.o)
                              /Users/Luppy/.platformio/packages/toolchain-gccarmnoneeabi/bin/../lib/gcc/arm-none-eabi/7.2.1/../../../../arm-none-eabi/lib/thumb/v7-m/libc.a(lib_a-mallocr.o) (_sbrk_r)
/Users/Luppy/.platformio/packages/toolchain-gccarmnoneeabi/bin/../lib/gcc/arm-none-eabi/7.2.1/../../../../arm-none-eabi/lib/thumb/v7-m/libc.a(lib_a-strlen-stub.o)
                              .pioenvs/bluepill_f103c8_bootloader/src/custom_usb_msc.o (strlen)
/Users/Luppy/.platformio/packages/toolchain-gccarmnoneeabi/bin/../lib/gcc/arm-none-eabi/7.2.1/../../../../arm-none-eabi/lib/thumb/v7-m/libc.a(lib_a-strncat.o)
                              .pioenvs/bluepill_f103c8_bootloader/libd29/liblogger.a(logger.o) (strncat)
/Users/Luppy/.platformio/packages/toolchain-gccarmnoneeabi/bin/../lib/gcc/arm-none-eabi/7.2.1/../../../../arm-none-eabi/lib/thumb/v7-m/libc.a(lib_a-strncpy.o)
                              .pioenvs/bluepill_f103c8_bootloader/src/usb_conf.o (strncpy)
/Users/Luppy/.platformio/packages/toolchain-gccarmnoneeabi/bin/../lib/gcc/arm-none-eabi/7.2.1/../../../../arm-none-eabi/lib/thumb/v7-m/libc.a(lib_a-freer.o)
                              /Users/Luppy/.platformio/packages/toolchain-gccarmnoneeabi/bin/../lib/gcc/arm-none-eabi/7.2.1/../../../../arm-none-eabi/lib/thumb/v7-m/libc.a(lib_a-malloc.o) (_free_r)
/Users/Luppy/.platformio/packages/toolchain-gccarmnoneeabi/bin/../lib/gcc/arm-none-eabi/7.2.1/../../../../arm-none-eabi/lib/thumb/v7-m/libc.a(lib_a-impure.o)
                              /Users/Luppy/.platformio/packages/toolchain-gccarmnoneeabi/bin/../lib/gcc/arm-none-eabi/7.2.1/../../../../arm-none-eabi/lib/thumb/v7-m/libc.a(lib_a-malloc.o) (_impure_ptr)
/Users/Luppy/.platformio/packages/toolchain-gccarmnoneeabi/bin/../lib/gcc/arm-none-eabi/7.2.1/../../../../arm-none-eabi/lib/thumb/v7-m/libc.a(lib_a-lock.o)
                              /Users/Luppy/.platformio/packages/toolchain-gccarmnoneeabi/bin/../lib/gcc/arm-none-eabi/7.2.1/../../../../arm-none-eabi/lib/thumb/v7-m/libc.a(lib_a-mlock.o) (__retarget_lock_acquire_recursive)
/Users/Luppy/.platformio/packages/toolchain-gccarmnoneeabi/bin/../lib/gcc/arm-none-eabi/7.2.1/../../../../arm-none-eabi/lib/thumb/v7-m/libc.a(lib_a-reent.o)
[...]
Memory Configuration

Name             Origin             Length             Attributes
rom              0x0000000008000000 0x0000000000010000 xr
ram              0x0000000020000000 0x0000000000005000 xrw
*default*        0x0000000000000000 0xffffffffffffffff

Linker script and memory map

LOAD .pioenvs/bluepill_f103c8_bootloader/src/cdc.o
LOAD .pioenvs/bluepill_f103c8_bootloader/src/custom_usb_msc.o
LOAD .pioenvs/bluepill_f103c8_bootloader/src/dapboot.o
LOAD .pioenvs/bluepill_f103c8_bootloader/src/dfu.o
LOAD .pioenvs/bluepill_f103c8_bootloader/src/dmesg.o
LOAD .pioenvs/bluepill_f103c8_bootloader/src/dummy.o
LOAD .pioenvs/bluepill_f103c8_bootloader/src/ghostfat.o
LOAD .pioenvs/bluepill_f103c8_bootloader/src/stm32f103/backup.o
LOAD .pioenvs/bluepill_f103c8_bootloader/src/stm32f103/target_stm32f103.o
LOAD .pioenvs/bluepill_f103c8_bootloader/src/usb21_standard.o
LOAD .pioenvs/bluepill_f103c8_bootloader/src/usb_conf.o
LOAD .pioenvs/bluepill_f103c8_bootloader/src/webusb.o
LOAD .pioenvs/bluepill_f103c8_bootloader/src/winusb.o
START GROUP
LOAD .pioenvs/bluepill_f103c8_bootloader/libd29/liblogger.a
LOAD .pioenvs/bluepill_f103c8_bootloader/lib52f/libbluepill.a
LOAD /Users/Luppy/.platformio/packages/toolchain-gccarmnoneeabi/bin/../lib/gcc/arm-none-eabi/7.2.1/../../../../arm-none-eabi/lib/thumb/v7-m/libc.a
LOAD /Users/Luppy/.platformio/packages/toolchain-gccarmnoneeabi/bin/../lib/gcc/arm-none-eabi/7.2.1/thumb/v7-m/libgcc.a
LOAD /Users/Luppy/.platformio/packages/toolchain-gccarmnoneeabi/bin/../lib/gcc/arm-none-eabi/7.2.1/../../../../arm-none-eabi/lib/thumb/v7-m/libm.a
LOAD /Users/Luppy/.platformio/packages/toolchain-gccarmnoneeabi/bin/../lib/gcc/arm-none-eabi/7.2.1/../../../../arm-none-eabi/lib/thumb/v7-m/libstdc++.a
LOAD /Users/Luppy/.platformio/packages/toolchain-gccarmnoneeabi/bin/../lib/gcc/arm-none-eabi/7.2.1/../../../../arm-none-eabi/lib/thumb/v7-m/libnosys.a
LOAD .pioenvs/bluepill_f103c8_bootloader/libFrameworkLibOpenCM3.a
END GROUP

.text           0x0000000008000000     0x3e84
 *(SORT_BY_ALIGNMENT(.vectors))
 .vectors       0x0000000008000000      0x150 .pioenvs/bluepill_f103c8_bootloader/libFrameworkLibOpenCM3.a(vector.o)
                0x0000000008000000                vector_table
 *(SORT_BY_ALIGNMENT(.text*))
 .text.cdcacm_comm_cb
                0x0000000008000150       0x14 .pioenvs/bluepill_f103c8_bootloader/src/cdc.o
 .text.cdcacm_data_rx_cb
                0x0000000008000164       0x4c .pioenvs/bluepill_f103c8_bootloader/src/cdc.o
 .text.cdcacm_set_config
                0x00000000080001b0       0x68 .pioenvs/bluepill_f103c8_bootloader/src/cdc.o
 .text.cdcacm_control_request
                0x0000000008000218       0x68 .pioenvs/bluepill_f103c8_bootloader/src/cdc.o
 .text.cdc_setup
                0x0000000008000280       0x24 .pioenvs/bluepill_f103c8_bootloader/src/cdc.o
                0x0000000008000280                cdc_setup
 .text.msc_set_config
                0x00000000080002a4       0x5c .pioenvs/bluepill_f103c8_bootloader/src/custom_usb_msc.o
 .text.msc_control_request
                0x0000000008000300       0x44 .pioenvs/bluepill_f103c8_bootloader/src/custom_usb_msc.o
 .text.scsi_command.constprop.5
                0x0000000008000344      0x2b0 .pioenvs/bluepill_f103c8_bootloader/src/custom_usb_msc.o
 .text.msc_data_tx_cb
                0x00000000080005f4       0xe4 .pioenvs/bluepill_f103c8_bootloader/src/custom_usb_msc.o
 .text.msc_data_rx_cb
                0x00000000080006d8      0x18c .pioenvs/bluepill_f103c8_bootloader/src/custom_usb_msc.o
 .text.custom_usb_msc_init
                0x0000000008000864       0x80 .pioenvs/bluepill_f103c8_bootloader/src/custom_usb_msc.o
                0x0000000008000864                custom_usb_msc_init
 .text.validate_application
                0x00000000080008e4       0x1c .pioenvs/bluepill_f103c8_bootloader/src/dapboot.o
                0x00000000080008e4                validate_application
 .text.startup.main
                0x0000000008000900       0xa8 .pioenvs/bluepill_f103c8_bootloader/src/dapboot.o
                0x0000000008000900                main
 .text.dfu_set_state
                0x00000000080009a8       0x20 .pioenvs/bluepill_f103c8_bootloader/src/dfu.o
 .text.dfu_set_status
                0x00000000080009c8       0x48 .pioenvs/bluepill_f103c8_bootloader/src/dfu.o
 .text.dfu_on_manifest_request
                0x0000000008000a10       0x2c .pioenvs/bluepill_f103c8_bootloader/src/dfu.o
 .text.dfu_set_config
                0x0000000008000a3c       0x38 .pioenvs/bluepill_f103c8_bootloader/src/dfu.o
 .text.dfu_control_class_request
                0x0000000008000a74      0x1b4 .pioenvs/bluepill_f103c8_bootloader/src/dfu.o
 .text.dfu_on_download_request
                0x0000000008000c28       0x60 .pioenvs/bluepill_f103c8_bootloader/src/dfu.o
 .text.dfu_setup
                0x0000000008000c88       0x58 .pioenvs/bluepill_f103c8_bootloader/src/dfu.o
                0x0000000008000c88                dfu_setup
 .text.logwriten
                0x0000000008000ce0       0x70 .pioenvs/bluepill_f103c8_bootloader/src/dmesg.o
 .text.codal_vdmesg
                0x0000000008000d50      0x118 .pioenvs/bluepill_f103c8_bootloader/src/dmesg.o
                0x0000000008000d50                codal_vdmesg
 .text.flushFlash
                0x0000000008000e68       0xac .pioenvs/bluepill_f103c8_bootloader/src/ghostfat.o
 .text.ghostfat_1ms
                0x0000000008000f14       0x50 .pioenvs/bluepill_f103c8_bootloader/src/ghostfat.o
                0x0000000008000f14                ghostfat_1ms
 .text.read_block
                0x0000000008000f64      0x170 .pioenvs/bluepill_f103c8_bootloader/src/ghostfat.o
                0x0000000008000f64                read_block
 .text.write_block
                0x00000000080010d4      0x174 .pioenvs/bluepill_f103c8_bootloader/src/ghostfat.o
                0x00000000080010d4                write_block
 .text.backup_write
                0x0000000008001248       0x38 .pioenvs/bluepill_f103c8_bootloader/src/stm32f103/backup.o
                0x0000000008001248                backup_write
 .text.backup_read
                0x0000000008001280       0x18 .pioenvs/bluepill_f103c8_bootloader/src/stm32f103/backup.o
                0x0000000008001280                backup_read
 .text.target_set_led
                0x0000000008001298       0x18 .pioenvs/bluepill_f103c8_bootloader/src/stm32f103/target_stm32f103.o
                0x0000000008001298                target_set_led
 .text.target_gpio_setup
                0x00000000080012b0       0x70 .pioenvs/bluepill_f103c8_bootloader/src/stm32f103/target_stm32f103.o
                0x00000000080012b0                target_gpio_setup
 .text.target_usb_init
                0x0000000008001320       0x2c .pioenvs/bluepill_f103c8_bootloader/src/stm32f103/target_stm32f103.o
                0x0000000008001320                target_usb_init
 .text.target_manifest_app
                0x000000000800134c       0x14 .pioenvs/bluepill_f103c8_bootloader/src/stm32f103/target_stm32f103.o
                0x000000000800134c                target_manifest_app
 .text.target_get_force_bootloader
                0x0000000008001360       0x34 .pioenvs/bluepill_f103c8_bootloader/src/stm32f103/target_stm32f103.o
                0x0000000008001360                target_get_force_bootloader
 .text.target_flash_program_array
                0x0000000008001394       0xdc .pioenvs/bluepill_f103c8_bootloader/src/stm32f103/target_stm32f103.o
                0x0000000008001394                target_flash_program_array
 .text.usb21_set_config
                0x0000000008001470       0x28 .pioenvs/bluepill_f103c8_bootloader/src/usb21_standard.o
 .text.usb21_standard_get_descriptor
                0x0000000008001498       0xcc .pioenvs/bluepill_f103c8_bootloader/src/usb21_standard.o
 .text.usb21_setup
                0x0000000008001564       0x38 .pioenvs/bluepill_f103c8_bootloader/src/usb21_standard.o
                0x0000000008001564                usb21_setup
 .text.set_aggregate_callback
                0x000000000800159c       0x44 .pioenvs/bluepill_f103c8_bootloader/src/usb_conf.o
 .text.msc_setup
                0x00000000080015e0       0x48 .pioenvs/bluepill_f103c8_bootloader/src/usb_conf.o
                0x00000000080015e0                msc_setup
 .text.usb_setup
                0x0000000008001628       0x9c .pioenvs/bluepill_f103c8_bootloader/src/usb_conf.o
                0x0000000008001628                usb_setup
 .text.aggregate_register_config_callback
                0x00000000080016c4       0x38 .pioenvs/bluepill_f103c8_bootloader/src/usb_conf.o
                0x00000000080016c4                aggregate_register_config_callback
 .text.aggregate_register_callback
                0x00000000080016fc       0x4c .pioenvs/bluepill_f103c8_bootloader/src/usb_conf.o
                0x00000000080016fc                aggregate_register_callback
 .text.usb_set_serial_number
                0x0000000008001748       0x1c .pioenvs/bluepill_f103c8_bootloader/src/usb_conf.o
                0x0000000008001748                usb_set_serial_number
 .text.dump_usb_request
                0x0000000008001764       0x7c .pioenvs/bluepill_f103c8_bootloader/src/usb_conf.o
                0x0000000008001764                dump_usb_request
 .text.aggregate_callback
                0x00000000080017e0       0x58 .pioenvs/bluepill_f103c8_bootloader/src/usb_conf.o
 .text.webusb_set_config
                0x0000000008001838       0x38 .pioenvs/bluepill_f103c8_bootloader/src/webusb.o
 .text.webusb_control_vendor_request
                0x0000000008001870       0x94 .pioenvs/bluepill_f103c8_bootloader/src/webusb.o
 .text.webusb_setup
                0x0000000008001904       0x2c .pioenvs/bluepill_f103c8_bootloader/src/webusb.o
                0x0000000008001904                webusb_setup
 .text.winusb_set_config
                0x0000000008001930       0x28 .pioenvs/bluepill_f103c8_bootloader/src/winusb.o
 .text.winusb_control_vendor_request
                0x0000000008001958       0x70 .pioenvs/bluepill_f103c8_bootloader/src/winusb.o
 .text.winusb_descriptor_request
                0x00000000080019c8       0x7c .pioenvs/bluepill_f103c8_bootloader/src/winusb.o
 .text.winusb_setup
                0x0000000008001a44       0x5c .pioenvs/bluepill_f103c8_bootloader/src/winusb.o
                0x0000000008001a44                winusb_setup
 .text.enable_log
                0x0000000008001aa0       0x18 .pioenvs/bluepill_f103c8_bootloader/libd29/liblogger.a(logger.o)
                0x0000000008001aa0                enable_log
 .text.debug_flush
                0x0000000008001ab8       0x38 .pioenvs/bluepill_f103c8_bootloader/libd29/liblogger.a(logger.o)
                0x0000000008001ab8                debug_flush
 .text._ZL12debug_appendPKcj
                0x0000000008001af0       0x50 .pioenvs/bluepill_f103c8_bootloader/libd29/liblogger.a(logger.o)
 .text._Z11debug_printj
                0x0000000008001b40       0x7c .pioenvs/bluepill_f103c8_bootloader/libd29/liblogger.a(logger.o)
                0x0000000008001b40                debug_print(unsigned int)
 .text._Z11debug_printi
                0x0000000008001bbc       0x30 .pioenvs/bluepill_f103c8_bootloader/libd29/liblogger.a(logger.o)
                0x0000000008001bbc                debug_print(int)
 .text.debug_println
                0x0000000008001bec       0x1c .pioenvs/bluepill_f103c8_bootloader/libd29/liblogger.a(logger.o)
                0x0000000008001bec                debug_println
 .text.platform_setup
                0x0000000008001c08       0x48 .pioenvs/bluepill_f103c8_bootloader/lib52f/libbluepill.a(bluepill.o)
                0x0000000008001c08                platform_setup
 .text.enable_debug
                0x0000000008001c50       0x10 .pioenvs/bluepill_f103c8_bootloader/lib52f/libbluepill.a(bluepill.o)
                0x0000000008001c50                enable_debug
 .text.led_setup
                0x0000000008001c60       0x20 .pioenvs/bluepill_f103c8_bootloader/lib52f/libbluepill.a(led.o)
                0x0000000008001c60                led_setup
 .text.led_on   0x0000000008001c80       0x10 .pioenvs/bluepill_f103c8_bootloader/lib52f/libbluepill.a(led.o)
                0x0000000008001c80                led_on
 .text.led_off  0x0000000008001c90       0x10 .pioenvs/bluepill_f103c8_bootloader/lib52f/libbluepill.a(led.o)
                0x0000000008001c90                led_off
 .text.led_wait
                0x0000000008001ca0       0x10 .pioenvs/bluepill_f103c8_bootloader/lib52f/libbluepill.a(led.o)
                0x0000000008001ca0                led_wait
 .text.memcmp   0x0000000008001cb0       0x64 /Users/Luppy/.platformio/packages/toolchain-gccarmnoneeabi/bin/../lib/gcc/arm-none-eabi/7.2.1/../../../../arm-none-eabi/lib/thumb/v7-m/libc.a(lib_a-memcmp.o)
                0x0000000008001cb0                memcmp
 .text          0x0000000008001d14       0xec /Users/Luppy/.platformio/packages/toolchain-gccarmnoneeabi/bin/../lib/gcc/arm-none-eabi/7.2.1/../../../../arm-none-eabi/lib/thumb/v7-m/libc.a(lib_a-memcpy.o)
                0x0000000008001d14                memcpy
 .text.memmove  0x0000000008001e00       0xc4 /Users/Luppy/.platformio/packages/toolchain-gccarmnoneeabi/bin/../lib/gcc/arm-none-eabi/7.2.1/../../../../arm-none-eabi/lib/thumb/v7-m/libc.a(lib_a-memmove.o)
                0x0000000008001e00                memmove
 .text.memset   0x0000000008001ec4       0x94 /Users/Luppy/.platformio/packages/toolchain-gccarmnoneeabi/bin/../lib/gcc/arm-none-eabi/7.2.1/../../../../arm-none-eabi/lib/thumb/v7-m/libc.a(lib_a-memset.o)
                0x0000000008001ec4                memset
 .text.strlen   0x0000000008001f58       0x5c /Users/Luppy/.platformio/packages/toolchain-gccarmnoneeabi/bin/../lib/gcc/arm-none-eabi/7.2.1/../../../../arm-none-eabi/lib/thumb/v7-m/libc.a(lib_a-strlen-stub.o)
                0x0000000008001f58                strlen
 .text.strncat  0x0000000008001fb4       0x5c /Users/Luppy/.platformio/packages/toolchain-gccarmnoneeabi/bin/../lib/gcc/arm-none-eabi/7.2.1/../../../../arm-none-eabi/lib/thumb/v7-m/libc.a(lib_a-strncat.o)
                0x0000000008001fb4                strncat
 .text.strncpy  0x0000000008002010       0x64 /Users/Luppy/.platformio/packages/toolchain-gccarmnoneeabi/bin/../lib/gcc/arm-none-eabi/7.2.1/../../../../arm-none-eabi/lib/thumb/v7-m/libc.a(lib_a-strncpy.o)
                0x0000000008002010                strncpy
 .text.desig_get_unique_id
                0x0000000008002074       0x20 .pioenvs/bluepill_f103c8_bootloader/libFrameworkLibOpenCM3.a(desig.o)
                0x0000000008002074                desig_get_unique_id
 .text.desig_get_unique_id_as_string
                0x0000000008002094       0x48 .pioenvs/bluepill_f103c8_bootloader/libFrameworkLibOpenCM3.a(desig.o)
                0x0000000008002094                desig_get_unique_id_as_string
 .text.flash_get_status_flags
                0x00000000080020dc       0x28 .pioenvs/bluepill_f103c8_bootloader/libFrameworkLibOpenCM3.a(flash.o)
                0x00000000080020dc                flash_get_status_flags
 .text.flash_program_half_word
                0x0000000008002104       0x60 .pioenvs/bluepill_f103c8_bootloader/libFrameworkLibOpenCM3.a(flash.o)
                0x0000000008002104                flash_program_half_word
 .text.flash_erase_page
                0x0000000008002164       0x78 .pioenvs/bluepill_f103c8_bootloader/libFrameworkLibOpenCM3.a(flash.o)
                0x0000000008002164                flash_erase_page
 .text.rcc_osc_on.part.0
                0x00000000080021dc       0x10 .pioenvs/bluepill_f103c8_bootloader/libFrameworkLibOpenCM3.a(rcc.o)
 .text.rcc_wait_for_osc_ready
                0x00000000080021ec       0x64 .pioenvs/bluepill_f103c8_bootloader/libFrameworkLibOpenCM3.a(rcc.o)
                0x00000000080021ec                rcc_wait_for_osc_ready
 .text.rcc_osc_on
                0x0000000008002250       0x54 .pioenvs/bluepill_f103c8_bootloader/libFrameworkLibOpenCM3.a(rcc.o)
                0x0000000008002250                rcc_osc_on
 .text.rcc_set_sysclk_source
                0x00000000080022a4       0x14 .pioenvs/bluepill_f103c8_bootloader/libFrameworkLibOpenCM3.a(rcc.o)
                0x00000000080022a4                rcc_set_sysclk_source
 .text.rcc_set_pll_multiplication_factor
                0x00000000080022b8       0x14 .pioenvs/bluepill_f103c8_bootloader/libFrameworkLibOpenCM3.a(rcc.o)
                0x00000000080022b8                rcc_set_pll_multiplication_factor
 .text.rcc_set_pll_source
                0x00000000080022cc       0x14 .pioenvs/bluepill_f103c8_bootloader/libFrameworkLibOpenCM3.a(rcc.o)
                0x00000000080022cc                rcc_set_pll_source
 .text.rcc_set_pllxtpre
                0x00000000080022e0       0x14 .pioenvs/bluepill_f103c8_bootloader/libFrameworkLibOpenCM3.a(rcc.o)
                0x00000000080022e0                rcc_set_pllxtpre
 .text.rcc_set_adcpre
                0x00000000080022f4       0x14 .pioenvs/bluepill_f103c8_bootloader/libFrameworkLibOpenCM3.a(rcc.o)
                0x00000000080022f4                rcc_set_adcpre
 .text.rcc_set_ppre2
                0x0000000008002308       0x14 .pioenvs/bluepill_f103c8_bootloader/libFrameworkLibOpenCM3.a(rcc.o)
                0x0000000008002308                rcc_set_ppre2
 .text.rcc_set_ppre1
                0x000000000800231c       0x14 .pioenvs/bluepill_f103c8_bootloader/libFrameworkLibOpenCM3.a(rcc.o)
                0x000000000800231c                rcc_set_ppre1
 .text.rcc_set_hpre
                0x0000000008002330       0x14 .pioenvs/bluepill_f103c8_bootloader/libFrameworkLibOpenCM3.a(rcc.o)
                0x0000000008002330                rcc_set_hpre
 .text.rcc_clock_setup_in_hse_8mhz_out_72mhz
                0x0000000008002344       0x8c .pioenvs/bluepill_f103c8_bootloader/libFrameworkLibOpenCM3.a(rcc.o)
                0x0000000008002344                rcc_clock_setup_in_hse_8mhz_out_72mhz
 .text.pwr_disable_backup_domain_write_protect
                0x00000000080023d0       0x10 .pioenvs/bluepill_f103c8_bootloader/libFrameworkLibOpenCM3.a(pwr_common_all.o)
                0x00000000080023d0                pwr_disable_backup_domain_write_protect
 .text.pwr_enable_backup_domain_write_protect
                0x00000000080023e0       0x10 .pioenvs/bluepill_f103c8_bootloader/libFrameworkLibOpenCM3.a(pwr_common_all.o)
                0x00000000080023e0                pwr_enable_backup_domain_write_protect
 .text.flash_set_ws
                0x00000000080023f0       0x14 .pioenvs/bluepill_f103c8_bootloader/libFrameworkLibOpenCM3.a(flash_common_f01.o)
                0x00000000080023f0                flash_set_ws
 .text.flash_unlock
                0x0000000008002404       0x24 .pioenvs/bluepill_f103c8_bootloader/libFrameworkLibOpenCM3.a(flash_common_f01.o)
                0x0000000008002404                flash_unlock
 .text.flash_lock
                0x0000000008002428       0x10 .pioenvs/bluepill_f103c8_bootloader/libFrameworkLibOpenCM3.a(flash_common_f01.o)
                0x0000000008002428                flash_lock
 .text.usbd_init
                0x0000000008002438       0x50 .pioenvs/bluepill_f103c8_bootloader/libFrameworkLibOpenCM3.a(usb.o)
                0x0000000008002438                usbd_init
 .text._usbd_standard_request_device
                0x0000000008002488       0x48 .pioenvs/bluepill_f103c8_bootloader/libFrameworkLibOpenCM3.a(usb_standard.o)
                0x0000000008002488                _usbd_standard_request_device
 .text._usbd_standard_request_interface
                0x00000000080024d0       0x30 .pioenvs/bluepill_f103c8_bootloader/libFrameworkLibOpenCM3.a(usb_standard.o)
                0x00000000080024d0                _usbd_standard_request_interface
 .text._usbd_standard_request_endpoint
                0x0000000008002500       0x3c .pioenvs/bluepill_f103c8_bootloader/libFrameworkLibOpenCM3.a(usb_standard.o)
                0x0000000008002500                _usbd_standard_request_endpoint
 .text.st_usbfs_v1_usbd_init
                0x000000000800253c       0x30 .pioenvs/bluepill_f103c8_bootloader/libFrameworkLibOpenCM3.a(st_usbfs_v1.o)
 .text.reset_handler
                0x000000000800256c       0x90 .pioenvs/bluepill_f103c8_bootloader/libFrameworkLibOpenCM3.a(vector.o)
                0x000000000800256c                reset_handler
 .text.scb_reset_system
                0x00000000080025fc       0x10 .pioenvs/bluepill_f103c8_bootloader/libFrameworkLibOpenCM3.a(scb.o)
                0x00000000080025fc                scb_reset_system
 .text.st_usbfs_set_address
                0x000000000800260c       0x10 .pioenvs/bluepill_f103c8_bootloader/libFrameworkLibOpenCM3.a(st_usbfs_core.o)
                0x000000000800260c                st_usbfs_set_address
 .text.st_usbfs_set_ep_rx_bufsize
                0x000000000800261c       0x48 .pioenvs/bluepill_f103c8_bootloader/libFrameworkLibOpenCM3.a(st_usbfs_core.o)
                0x000000000800261c                st_usbfs_set_ep_rx_bufsize
 .text.st_usbfs_ep_setup
                0x0000000008002664      0x150 .pioenvs/bluepill_f103c8_bootloader/libFrameworkLibOpenCM3.a(st_usbfs_core.o)
                0x0000000008002664                st_usbfs_ep_setup
 .text.st_usbfs_endpoints_reset
                0x00000000080027b4       0x44 .pioenvs/bluepill_f103c8_bootloader/libFrameworkLibOpenCM3.a(st_usbfs_core.o)
                0x00000000080027b4                st_usbfs_endpoints_reset
 .text.st_usbfs_ep_stall_set
                0x00000000080027f8       0xe4 .pioenvs/bluepill_f103c8_bootloader/libFrameworkLibOpenCM3.a(st_usbfs_core.o)
                0x00000000080027f8                st_usbfs_ep_stall_set
 .text.st_usbfs_ep_nak_set
                0x00000000080028dc       0x58 .pioenvs/bluepill_f103c8_bootloader/libFrameworkLibOpenCM3.a(st_usbfs_core.o)
                0x00000000080028dc                st_usbfs_ep_nak_set
 .text.st_usbfs_ep_write_packet
                0x0000000008002934       0x8c .pioenvs/bluepill_f103c8_bootloader/libFrameworkLibOpenCM3.a(st_usbfs_core.o)
                0x0000000008002934                st_usbfs_ep_write_packet
 .text.st_usbfs_ep_read_packet
                0x00000000080029c0       0xb8 .pioenvs/bluepill_f103c8_bootloader/libFrameworkLibOpenCM3.a(st_usbfs_core.o)
                0x00000000080029c0                st_usbfs_ep_read_packet
 .text.st_usbfs_poll
                0x0000000008002a78       0xd0 .pioenvs/bluepill_f103c8_bootloader/libFrameworkLibOpenCM3.a(st_usbfs_core.o)
                0x0000000008002a78                st_usbfs_poll
 .text.dfu_on_download_complete
                0x0000000008002b48        0x6 .pioenvs/bluepill_f103c8_bootloader/src/dfu.o
 .text.writeNum
                0x0000000008002b4e       0x32 .pioenvs/bluepill_f103c8_bootloader/src/dmesg.o
 .text.logwrite
                0x0000000008002b80       0x14 .pioenvs/bluepill_f103c8_bootloader/src/dmesg.o
 .text.codal_dmesg
                0x0000000008002b94       0x1a .pioenvs/bluepill_f103c8_bootloader/src/dmesg.o
                0x0000000008002b94                codal_dmesg
 .text.target_get_serial_number
                0x0000000008002bae        0x6 .pioenvs/bluepill_f103c8_bootloader/src/stm32f103/target_stm32f103.o
                0x0000000008002bae                target_get_serial_number
 .text.target_get_max_firmware_size
                0x0000000008002bb4        0x6 .pioenvs/bluepill_f103c8_bootloader/src/stm32f103/target_stm32f103.o
                0x0000000008002bb4                target_get_max_firmware_size
 .text.target_flash_unlock
                0x0000000008002bba        0x4 .pioenvs/bluepill_f103c8_bootloader/src/stm32f103/target_stm32f103.o
                0x0000000008002bba                target_flash_unlock
 .text.target_flash_lock
                0x0000000008002bbe        0x4 .pioenvs/bluepill_f103c8_bootloader/src/stm32f103/target_stm32f103.o
                0x0000000008002bbe                target_flash_lock
 .text.debug_print
                0x0000000008002bc2       0x1a .pioenvs/bluepill_f103c8_bootloader/libd29/liblogger.a(logger.o)
                0x0000000008002bc2                debug_print
 .text.debug_print_int
                0x0000000008002bdc        0x4 .pioenvs/bluepill_f103c8_bootloader/libd29/liblogger.a(logger.o)
                0x0000000008002bdc                debug_print_int
 .text.debug_print_unsigned
                0x0000000008002be0        0x4 .pioenvs/bluepill_f103c8_bootloader/libd29/liblogger.a(logger.o)
                0x0000000008002be0                debug_print_unsigned
 .text.debug_printhex
                0x0000000008002be4       0x42 .pioenvs/bluepill_f103c8_bootloader/libd29/liblogger.a(logger.o)
                0x0000000008002be4                debug_printhex
 .text.gpio_set_mode
                0x0000000008002c26       0x62 .pioenvs/bluepill_f103c8_bootloader/libFrameworkLibOpenCM3.a(gpio.o)
                0x0000000008002c26                gpio_set_mode
 .text.gpio_set
                0x0000000008002c88        0x4 .pioenvs/bluepill_f103c8_bootloader/libFrameworkLibOpenCM3.a(gpio_common_all.o)
                0x0000000008002c88                gpio_set
 .text.gpio_clear
                0x0000000008002c8c        0x6 .pioenvs/bluepill_f103c8_bootloader/libFrameworkLibOpenCM3.a(gpio_common_all.o)
                0x0000000008002c8c                gpio_clear
 .text.rcc_periph_clock_enable
                0x0000000008002c92       0x1a .pioenvs/bluepill_f103c8_bootloader/libFrameworkLibOpenCM3.a(rcc_common_all.o)
                0x0000000008002c92                rcc_periph_clock_enable
 .text.rcc_periph_reset_pulse
                0x0000000008002cac       0x22 .pioenvs/bluepill_f103c8_bootloader/libFrameworkLibOpenCM3.a(rcc_common_all.o)
                0x0000000008002cac                rcc_periph_reset_pulse
 .text.flash_wait_for_last_operation
                0x0000000008002cce        0xc .pioenvs/bluepill_f103c8_bootloader/libFrameworkLibOpenCM3.a(flash_common_f01.o)
                0x0000000008002cce                flash_wait_for_last_operation
 .text.usbd_poll
                0x0000000008002cda        0x8 .pioenvs/bluepill_f103c8_bootloader/libFrameworkLibOpenCM3.a(usb.o)
                0x0000000008002cda                usbd_poll
 .text.usbd_ep_setup
                0x0000000008002ce2        0xe .pioenvs/bluepill_f103c8_bootloader/libFrameworkLibOpenCM3.a(usb.o)
                0x0000000008002ce2                usbd_ep_setup
 .text._usbd_reset
                0x0000000008002cf0       0x32 .pioenvs/bluepill_f103c8_bootloader/libFrameworkLibOpenCM3.a(usb.o)
                0x0000000008002cf0                _usbd_reset
 .text.usbd_ep_write_packet
                0x0000000008002d22        0xe .pioenvs/bluepill_f103c8_bootloader/libFrameworkLibOpenCM3.a(usb.o)
                0x0000000008002d22                usbd_ep_write_packet
 .text.usbd_ep_read_packet
                0x0000000008002d30        0xe .pioenvs/bluepill_f103c8_bootloader/libFrameworkLibOpenCM3.a(usb.o)
                0x0000000008002d30                usbd_ep_read_packet
 .text.usbd_ep_stall_set
                0x0000000008002d3e        0x8 .pioenvs/bluepill_f103c8_bootloader/libFrameworkLibOpenCM3.a(usb.o)
                0x0000000008002d3e                usbd_ep_stall_set
 .text.usbd_ep_stall_get
                0x0000000008002d46        0x8 .pioenvs/bluepill_f103c8_bootloader/libFrameworkLibOpenCM3.a(usb.o)
                0x0000000008002d46                usbd_ep_stall_get
 .text.stall_transaction
                0x0000000008002d4e       0x14 .pioenvs/bluepill_f103c8_bootloader/libFrameworkLibOpenCM3.a(usb_control.o)
 .text.usb_control_recv_chunk
                0x0000000008002d62       0x3c .pioenvs/bluepill_f103c8_bootloader/libFrameworkLibOpenCM3.a(usb_control.o)
 .text.usb_control_send_chunk
                0x0000000008002d9e       0x44 .pioenvs/bluepill_f103c8_bootloader/libFrameworkLibOpenCM3.a(usb_control.o)
 .text.usb_control_request_dispatch
                0x0000000008002de2       0x62 .pioenvs/bluepill_f103c8_bootloader/libFrameworkLibOpenCM3.a(usb_control.o)
 .text.usb_control_setup_read
                0x0000000008002e44       0x42 .pioenvs/bluepill_f103c8_bootloader/libFrameworkLibOpenCM3.a(usb_control.o)
 .text.usbd_register_control_callback
                0x0000000008002e86       0x26 .pioenvs/bluepill_f103c8_bootloader/libFrameworkLibOpenCM3.a(usb_control.o)
                0x0000000008002e86                usbd_register_control_callback
 .text._usbd_control_setup
                0x0000000008002eac       0x5a .pioenvs/bluepill_f103c8_bootloader/libFrameworkLibOpenCM3.a(usb_control.o)
                0x0000000008002eac                _usbd_control_setup
 .text._usbd_control_out
                0x0000000008002f06       0x82 .pioenvs/bluepill_f103c8_bootloader/libFrameworkLibOpenCM3.a(usb_control.o)
                0x0000000008002f06                _usbd_control_out
 .text._usbd_control_in
                0x0000000008002f88       0x56 .pioenvs/bluepill_f103c8_bootloader/libFrameworkLibOpenCM3.a(usb_control.o)
                0x0000000008002f88                _usbd_control_in
 .text.usb_standard_set_configuration
                0x0000000008002fde       0x92 .pioenvs/bluepill_f103c8_bootloader/libFrameworkLibOpenCM3.a(usb_standard.o)
 .text.usb_standard_get_configuration
                0x0000000008003070       0x20 .pioenvs/bluepill_f103c8_bootloader/libFrameworkLibOpenCM3.a(usb_standard.o)
 .text.usb_standard_get_interface
                0x0000000008003090       0x34 .pioenvs/bluepill_f103c8_bootloader/libFrameworkLibOpenCM3.a(usb_standard.o)
 .text.usb_standard_device_get_status
                0x00000000080030c4       0x18 .pioenvs/bluepill_f103c8_bootloader/libFrameworkLibOpenCM3.a(usb_standard.o)
 .text.usb_standard_endpoint_get_status
                0x00000000080030dc       0x2a .pioenvs/bluepill_f103c8_bootloader/libFrameworkLibOpenCM3.a(usb_standard.o)
 .text.usb_standard_endpoint_stall
                0x0000000008003106       0x10 .pioenvs/bluepill_f103c8_bootloader/libFrameworkLibOpenCM3.a(usb_standard.o)
 .text.usb_standard_endpoint_unstall
                0x0000000008003116       0x10 .pioenvs/bluepill_f103c8_bootloader/libFrameworkLibOpenCM3.a(usb_standard.o)
 .text.usb_standard_set_address
                0x0000000008003126       0x28 .pioenvs/bluepill_f103c8_bootloader/libFrameworkLibOpenCM3.a(usb_standard.o)
 .text.usb_standard_set_interface
                0x000000000800314e       0x4e .pioenvs/bluepill_f103c8_bootloader/libFrameworkLibOpenCM3.a(usb_standard.o)
 .text.usb_standard_get_descriptor
                0x000000000800319c      0x256 .pioenvs/bluepill_f103c8_bootloader/libFrameworkLibOpenCM3.a(usb_standard.o)
 .text.usb_standard_interface_get_status
                0x00000000080033f2       0x18 .pioenvs/bluepill_f103c8_bootloader/libFrameworkLibOpenCM3.a(usb_standard.o)
 .text.usbd_register_set_config_callback
                0x000000000800340a       0x26 .pioenvs/bluepill_f103c8_bootloader/libFrameworkLibOpenCM3.a(usb_standard.o)
                0x000000000800340a                usbd_register_set_config_callback
 .text._usbd_standard_request
                0x0000000008003430       0x30 .pioenvs/bluepill_f103c8_bootloader/libFrameworkLibOpenCM3.a(usb_standard.o)
                0x0000000008003430                _usbd_standard_request
 .text.st_usbfs_copy_to_pm
                0x0000000008003460       0x1c .pioenvs/bluepill_f103c8_bootloader/libFrameworkLibOpenCM3.a(st_usbfs_v1.o)
                0x0000000008003460                st_usbfs_copy_to_pm
 .text.st_usbfs_copy_from_pm
                0x000000000800347c       0x2a .pioenvs/bluepill_f103c8_bootloader/libFrameworkLibOpenCM3.a(st_usbfs_v1.o)
                0x000000000800347c                st_usbfs_copy_from_pm
 .text.blocking_handler
                0x00000000080034a6        0x2 .pioenvs/bluepill_f103c8_bootloader/libFrameworkLibOpenCM3.a(vector.o)
                0x00000000080034a6                exti0_isr
                0x00000000080034a6                rtc_isr
                0x00000000080034a6                tim7_isr
                0x00000000080034a6                adc1_2_isr
                0x00000000080034a6                tim1_trg_com_isr
                0x00000000080034a6                usb_hp_can_tx_isr
                0x00000000080034a6                tim6_isr
                0x00000000080034a6                usb_wakeup_isr
                0x00000000080034a6                blocking_handler
                0x00000000080034a6                tim5_isr
                0x00000000080034a6                otg_fs_isr
                0x00000000080034a6                spi1_isr
                0x00000000080034a6                exti2_isr
                0x00000000080034a6                dma1_channel6_isr
                0x00000000080034a6                can_rx1_isr
                0x00000000080034a6                dma1_channel5_isr
                0x00000000080034a6                dma2_channel5_isr
                0x00000000080034a6                usart1_isr
                0x00000000080034a6                usage_fault_handler
                0x00000000080034a6                tim8_trg_com_isr
                0x00000000080034a6                can2_rx0_isr
                0x00000000080034a6                tim1_brk_isr
                0x00000000080034a6                can2_rx1_isr
                0x00000000080034a6                tim1_cc_isr
                0x00000000080034a6                sdio_isr
                0x00000000080034a6                eth_isr
                0x00000000080034a6                dma1_channel4_isr
                0x00000000080034a6                tim8_brk_isr
                0x00000000080034a6                dma2_channel4_5_isr
                0x00000000080034a6                pvd_isr
                0x00000000080034a6                rcc_isr
                0x00000000080034a6                flash_isr
                0x00000000080034a6                uart4_isr
                0x00000000080034a6                rtc_alarm_isr
                0x00000000080034a6                exti15_10_isr
                0x00000000080034a6                hard_fault_handler
                0x00000000080034a6                exti1_isr
                0x00000000080034a6                i2c1_ev_isr
                0x00000000080034a6                dma2_channel1_isr
                0x00000000080034a6                spi2_isr
                0x00000000080034a6                tim8_up_isr
                0x00000000080034a6                dma2_channel2_isr
                0x00000000080034a6                exti3_isr
                0x00000000080034a6                adc3_isr
                0x00000000080034a6                tim3_isr
                0x00000000080034a6                usart2_isr
                0x00000000080034a6                usb_lp_can_rx0_isr
                0x00000000080034a6                i2c2_er_isr
                0x00000000080034a6                i2c2_ev_isr
                0x00000000080034a6                uart5_isr
                0x00000000080034a6                fsmc_isr
                0x00000000080034a6                dma1_channel1_isr
                0x00000000080034a6                exti4_isr
                0x00000000080034a6                mem_manage_handler
                0x00000000080034a6                can2_tx_isr
                0x00000000080034a6                exti9_5_isr
                0x00000000080034a6                dma2_channel3_isr
                0x00000000080034a6                dma1_channel7_isr
                0x00000000080034a6                tim1_up_isr
                0x00000000080034a6                can2_sce_isr
                0x00000000080034a6                tim4_isr
                0x00000000080034a6                dma1_channel2_isr
                0x00000000080034a6                i2c1_er_isr
                0x00000000080034a6                can_sce_isr
                0x00000000080034a6                tim8_cc_isr
                0x00000000080034a6                tamper_isr
                0x00000000080034a6                eth_wkup_isr
                0x00000000080034a6                bus_fault_handler
                0x00000000080034a6                wwdg_isr
                0x00000000080034a6                dma1_channel3_isr
                0x00000000080034a6                spi3_isr
                0x00000000080034a6                tim2_isr
                0x00000000080034a6                usart3_isr
 .text.null_handler
                0x00000000080034a8        0x2 .pioenvs/bluepill_f103c8_bootloader/libFrameworkLibOpenCM3.a(vector.o)
                0x00000000080034a8                null_handler
                0x00000000080034a8                sv_call_handler
                0x00000000080034a8                pend_sv_handler
                0x00000000080034a8                debug_monitor_handler
                0x00000000080034a8                sys_tick_handler
                0x00000000080034a8                nmi_handler
 .text.st_usbfs_ep_stall_get
                0x00000000080034aa       0x38 .pioenvs/bluepill_f103c8_bootloader/libFrameworkLibOpenCM3.a(st_usbfs_core.o)
                0x00000000080034aa                st_usbfs_ep_stall_get
                0x00000000080034e4                . = ALIGN (0x4)
 *fill*         0x00000000080034e2        0x2 
 *(SORT_BY_ALIGNMENT(.rodata*))
 .rodata.info   0x00000000080034e4       0x30 .pioenvs/bluepill_f103c8_bootloader/src/ghostfat.o
 .rodata.interfaces
                0x0000000008003514       0x40 .pioenvs/bluepill_f103c8_bootloader/src/usb_conf.o
 .rodata.st_usbfs_v1_usb_driver
                0x0000000008003554       0x34 .pioenvs/bluepill_f103c8_bootloader/libFrameworkLibOpenCM3.a(st_usbfs_v1.o)
                0x0000000008003554                st_usbfs_v1_usb_driver
 .rodata.cdc_setup.str1.1
                0x0000000008003588       0x15 .pioenvs/bluepill_f103c8_bootloader/src/cdc.o
 .rodata.cdcacm_comm_cb.str1.1
                0x000000000800359d        0x5 .pioenvs/bluepill_f103c8_bootloader/src/cdc.o
 .rodata.cdcacm_control_request.str1.1
                0x00000000080035a2       0x44 .pioenvs/bluepill_f103c8_bootloader/src/cdc.o
                                         0x45 (size before relaxing)
 .rodata.cdcacm_data_rx_cb.str1.1
                0x00000000080035e6        0x4 .pioenvs/bluepill_f103c8_bootloader/src/cdc.o
 .rodata.cdcacm_set_config.str1.1
                0x00000000080035ea       0x1d .pioenvs/bluepill_f103c8_bootloader/src/cdc.o
 .rodata._spc3_inquiry_response
                0x0000000008003607       0x24 .pioenvs/bluepill_f103c8_bootloader/src/custom_usb_msc.o
 .rodata._spc3_request_sense
                0x000000000800362b       0x12 .pioenvs/bluepill_f103c8_bootloader/src/custom_usb_msc.o
 .rodata.custom_usb_msc_init.str1.1
                0x000000000800363d       0x1f .pioenvs/bluepill_f103c8_bootloader/src/custom_usb_msc.o
 .rodata.msc_control_request.str1.1
                0x000000000800365c        0xd .pioenvs/bluepill_f103c8_bootloader/src/custom_usb_msc.o
 .rodata.msc_data_rx_cb.str1.1
                0x0000000008003669       0x52 .pioenvs/bluepill_f103c8_bootloader/src/custom_usb_msc.o
 .rodata.msc_data_tx_cb.str1.1
                0x00000000080036bb       0x1a .pioenvs/bluepill_f103c8_bootloader/src/custom_usb_msc.o
 .rodata.msc_set_config.str1.1
                0x00000000080036d5       0x1a .pioenvs/bluepill_f103c8_bootloader/src/custom_usb_msc.o
 .rodata.scsi_command.constprop.5.str1.1
                0x00000000080036ef       0x1f .pioenvs/bluepill_f103c8_bootloader/src/custom_usb_msc.o
                                         0x20 (size before relaxing)
 .rodata.main.str1.1
                0x000000000800370e       0x69 .pioenvs/bluepill_f103c8_bootloader/src/dapboot.o
 .rodata.dfu_control_class_request.str1.1
                0x0000000008003777       0x36 .pioenvs/bluepill_f103c8_bootloader/src/dfu.o
 .rodata.dfu_function
                0x00000000080037ad        0x9 .pioenvs/bluepill_f103c8_bootloader/src/dfu.o
                0x00000000080037ad                dfu_function
 .rodata.dfu_on_download_request.str1.1
                0x00000000080037b6       0x16 .pioenvs/bluepill_f103c8_bootloader/src/dfu.o
 .rodata.dfu_on_manifest_request.str1.1
                0x00000000080037cc       0x17 .pioenvs/bluepill_f103c8_bootloader/src/dfu.o
 .rodata.dfu_set_config.str1.1
                0x00000000080037e3       0x2a .pioenvs/bluepill_f103c8_bootloader/src/dfu.o
 .rodata.dfu_set_status.str1.1
                0x000000000800380d       0x10 .pioenvs/bluepill_f103c8_bootloader/src/dfu.o
 .rodata.dfu_setup.str1.1
                0x000000000800381d       0x15 .pioenvs/bluepill_f103c8_bootloader/src/dfu.o
 .rodata.codal_vdmesg.str1.1
                0x0000000008003832        0x6 .pioenvs/bluepill_f103c8_bootloader/src/dmesg.o
                                          0xb (size before relaxing)
 .rodata.logwriten.str1.1
                0x0000000008003838       0x16 .pioenvs/bluepill_f103c8_bootloader/src/dmesg.o
 .rodata.BootBlock
                0x000000000800384e       0x3e .pioenvs/bluepill_f103c8_bootloader/src/ghostfat.o
 .rodata.flushFlash.str1.1
                0x000000000800388c       0x3c .pioenvs/bluepill_f103c8_bootloader/src/ghostfat.o
                                         0x3d (size before relaxing)
 .rodata.ghostfat_1ms.str1.1
                0x00000000080038c8       0x21 .pioenvs/bluepill_f103c8_bootloader/src/ghostfat.o
 .rodata.indexFile
                0x00000000080038e9       0x74 .pioenvs/bluepill_f103c8_bootloader/src/ghostfat.o
                0x00000000080038e9                indexFile
 .rodata.infoUf2File
                0x000000000800395d       0x45 .pioenvs/bluepill_f103c8_bootloader/src/ghostfat.o
                0x000000000800395d                infoUf2File
 .rodata.write_block.str1.1
                0x00000000080039a2       0x4c .pioenvs/bluepill_f103c8_bootloader/src/ghostfat.o
 .rodata.target_flash_program_array.str1.1
                0x00000000080039ee       0x6a .pioenvs/bluepill_f103c8_bootloader/src/stm32f103/target_stm32f103.o
                                         0x6b (size before relaxing)
 .rodata.usb21_set_config.str1.1
                0x0000000008003a58       0x1c .pioenvs/bluepill_f103c8_bootloader/src/usb21_standard.o
 .rodata.usb21_setup.str1.1
                0x0000000008003a74       0x17 .pioenvs/bluepill_f103c8_bootloader/src/usb21_standard.o
 .rodata.usb21_standard_get_descriptor.str1.1
                0x0000000008003a8b       0x21 .pioenvs/bluepill_f103c8_bootloader/src/usb21_standard.o
 .rodata.aggregate_callback.str1.1
                0x0000000008003aac        0x4 .pioenvs/bluepill_f103c8_bootloader/src/usb_conf.o
 .rodata.aggregate_register_callback.str1.1
                0x0000000008003ab0       0x26 .pioenvs/bluepill_f103c8_bootloader/src/usb_conf.o
 .rodata.aggregate_register_config_callback.str1.1
                0x0000000008003ad6       0x25 .pioenvs/bluepill_f103c8_bootloader/src/usb_conf.o
 .rodata.bos_descriptor
                0x0000000008003afb        0x9 .pioenvs/bluepill_f103c8_bootloader/src/usb_conf.o
 .rodata.cdcacm_functional_descriptors
                0x0000000008003b04       0x13 .pioenvs/bluepill_f103c8_bootloader/src/usb_conf.o
 .rodata.comm_endp
                0x0000000008003b17        0xf .pioenvs/bluepill_f103c8_bootloader/src/usb_conf.o
 .rodata.comm_iface
                0x0000000008003b26       0x15 .pioenvs/bluepill_f103c8_bootloader/src/usb_conf.o
 .rodata.config
                0x0000000008003b3b        0xd .pioenvs/bluepill_f103c8_bootloader/src/usb_conf.o
 .rodata.data_endp
                0x0000000008003b48       0x1e .pioenvs/bluepill_f103c8_bootloader/src/usb_conf.o
 .rodata.data_iface
                0x0000000008003b66       0x15 .pioenvs/bluepill_f103c8_bootloader/src/usb_conf.o
 .rodata.dev    0x0000000008003b7b       0x12 .pioenvs/bluepill_f103c8_bootloader/src/usb_conf.o
 .rodata.dfu_iface
                0x0000000008003b8d       0x15 .pioenvs/bluepill_f103c8_bootloader/src/usb_conf.o
 .rodata.dump_usb_request.str1.1
                0x0000000008003ba2       0x2c .pioenvs/bluepill_f103c8_bootloader/src/usb_conf.o
                                         0x36 (size before relaxing)
 .rodata.msc_endp
                0x0000000008003bce       0x1e .pioenvs/bluepill_f103c8_bootloader/src/usb_conf.o
 .rodata.msc_iface
                0x0000000008003bec       0x15 .pioenvs/bluepill_f103c8_bootloader/src/usb_conf.o
 .rodata.msc_setup.str1.1
                0x0000000008003c01       0x1e .pioenvs/bluepill_f103c8_bootloader/src/usb_conf.o
 .rodata.set_aggregate_callback.str1.1
                0x0000000008003c1f       0x29 .pioenvs/bluepill_f103c8_bootloader/src/usb_conf.o
 .rodata.str1.1
                0x0000000008003c48       0x5a .pioenvs/bluepill_f103c8_bootloader/src/usb_conf.o
 .rodata.usb_setup.str1.1
                0x0000000008003ca2       0x2e .pioenvs/bluepill_f103c8_bootloader/src/usb_conf.o
 .rodata.webusb_control_vendor_request.str1.1
                0x0000000008003cd0       0x39 .pioenvs/bluepill_f103c8_bootloader/src/webusb.o
                                         0x3a (size before relaxing)
 .rodata.webusb_platform_capability_descriptor
                0x0000000008003d09       0x18 .pioenvs/bluepill_f103c8_bootloader/src/webusb.o
                0x0000000008003d09                webusb_platform_capability_descriptor
 .rodata.webusb_set_config.str1.1
                0x0000000008003d21       0x2f .pioenvs/bluepill_f103c8_bootloader/src/webusb.o
 .rodata.webusb_setup.str1.1
                0x0000000008003d50       0x18 .pioenvs/bluepill_f103c8_bootloader/src/webusb.o
 .rodata.default_string_descriptor
                0x0000000008003d68        0x2 .pioenvs/bluepill_f103c8_bootloader/src/winusb.o
 .rodata.guid   0x0000000008003d6a       0x92 .pioenvs/bluepill_f103c8_bootloader/src/winusb.o
 .rodata.winusb_control_vendor_request.str1.1
                0x0000000008003dfc        0x7 .pioenvs/bluepill_f103c8_bootloader/src/winusb.o
 .rodata.winusb_descriptor_request.str1.1
                0x0000000008003e03        0x7 .pioenvs/bluepill_f103c8_bootloader/src/winusb.o
                                          0x8 (size before relaxing)
 .rodata.winusb_set_config.str1.1
                0x0000000008003e0a       0x1d .pioenvs/bluepill_f103c8_bootloader/src/winusb.o
 .rodata.winusb_setup.str1.1
                0x0000000008003e27       0x18 .pioenvs/bluepill_f103c8_bootloader/src/winusb.o
 .rodata.winusb_string_descriptor
                0x0000000008003e3f       0x12 .pioenvs/bluepill_f103c8_bootloader/src/winusb.o
 .rodata._Z11debug_printi.str1.1
                0x0000000008003e51        0x2 .pioenvs/bluepill_f103c8_bootloader/libd29/liblogger.a(logger.o)
                                          0x4 (size before relaxing)
 .rodata._Z11debug_printj.str1.1
                0x0000000008003e53        0xb .pioenvs/bluepill_f103c8_bootloader/libd29/liblogger.a(logger.o)
 .rodata.debug_println.str1.1
                0x0000000008003e5e        0x2 .pioenvs/bluepill_f103c8_bootloader/libd29/liblogger.a(logger.o)
 .rodata.platform_setup.str1.1
                0x0000000008003e5e       0x13 .pioenvs/bluepill_f103c8_bootloader/lib52f/libbluepill.a(bluepill.o)
 .rodata.chars.4166
                0x0000000008003e71       0x11 .pioenvs/bluepill_f103c8_bootloader/libFrameworkLibOpenCM3.a(desig.o)
                0x0000000008003e84                . = ALIGN (0x4)
 *fill*         0x0000000008003e82        0x2 

.glue_7         0x0000000008003e84        0x0
 .glue_7        0x0000000008003e84        0x0 linker stubs

.glue_7t        0x0000000008003e84        0x0
 .glue_7t       0x0000000008003e84        0x0 linker stubs

.vfp11_veneer   0x0000000008003e84        0x0
 .vfp11_veneer  0x0000000008003e84        0x0 linker stubs

.v4_bx          0x0000000008003e84        0x0
 .v4_bx         0x0000000008003e84        0x0 linker stubs

.iplt           0x0000000008003e84        0x0
 .iplt          0x0000000008003e84        0x0 .pioenvs/bluepill_f103c8_bootloader/src/cdc.o

.rel.dyn        0x0000000008003e84        0x0
 .rel.iplt      0x0000000008003e84        0x0 .pioenvs/bluepill_f103c8_bootloader/src/cdc.o

.preinit_array  0x0000000008003e84        0x0
                0x0000000008003e84                . = ALIGN (0x4)
                0x0000000008003e84                __preinit_array_start = .
 *(SORT_BY_ALIGNMENT(.preinit_array))
                0x0000000008003e84                __preinit_array_end = .

.init_array     0x0000000008003e84        0x0
                0x0000000008003e84                . = ALIGN (0x4)
                0x0000000008003e84                __init_array_start = .
 *(SORT_BY_NAME(SORT_BY_ALIGNMENT(.init_array.*)))
 *(SORT_BY_ALIGNMENT(.init_array))
                0x0000000008003e84                __init_array_end = .

.fini_array     0x0000000008003e84        0x0
                0x0000000008003e84                . = ALIGN (0x4)
                0x0000000008003e84                __fini_array_start = .
 *(SORT_BY_ALIGNMENT(.fini_array))
 *(SORT_BY_NAME(SORT_BY_ALIGNMENT(.fini_array.*)))
                0x0000000008003e84                __fini_array_end = .

.ARM.extab
 *(SORT_BY_ALIGNMENT(.ARM.extab*))

.ARM.exidx      0x0000000008003e84        0x0
                0x0000000008003e84                __exidx_start = .
 *(SORT_BY_ALIGNMENT(.ARM.exidx*))
                0x0000000008003e84                __exidx_end = .
                0x0000000008003e84                . = ALIGN (0x4)
                0x0000000008003e84                _etext = .

.data           0x0000000020000000       0x5c load address 0x0000000008003e84
                0x0000000020000000                _data = .
 *(SORT_BY_ALIGNMENT(.data*))
 .data.flashAddr
                0x0000000020000000        0x4 .pioenvs/bluepill_f103c8_bootloader/src/ghostfat.o
 .data.capabilities
                0x0000000020000004        0x4 .pioenvs/bluepill_f103c8_bootloader/src/usb_conf.o
 .data.usb_strings
                0x0000000020000008       0x1c .pioenvs/bluepill_f103c8_bootloader/src/usb_conf.o
 .data.rcc_ahb_frequency
                0x0000000020000024        0x4 .pioenvs/bluepill_f103c8_bootloader/libFrameworkLibOpenCM3.a(rcc.o)
                0x0000000020000024                rcc_ahb_frequency
 .data.rcc_apb1_frequency
                0x0000000020000028        0x4 .pioenvs/bluepill_f103c8_bootloader/libFrameworkLibOpenCM3.a(rcc.o)
                0x0000000020000028                rcc_apb1_frequency
 .data.rcc_apb2_frequency
                0x000000002000002c        0x4 .pioenvs/bluepill_f103c8_bootloader/libFrameworkLibOpenCM3.a(rcc.o)
                0x000000002000002c                rcc_apb2_frequency
 .data.firstFlush
                0x0000000020000030        0x1 .pioenvs/bluepill_f103c8_bootloader/src/ghostfat.o
 .data.winusb_wcid
                0x0000000020000031       0x28 .pioenvs/bluepill_f103c8_bootloader/src/winusb.o
                0x000000002000005c                . = ALIGN (0x4)
 *fill*         0x0000000020000059        0x3 
                0x000000002000005c                _edata = .
                0x0000000008003e84                _data_loadaddr = LOADADDR (.data)

.igot.plt       0x000000002000005c        0x0 load address 0x0000000008003ee0
 .igot.plt      0x000000002000005c        0x0 .pioenvs/bluepill_f103c8_bootloader/src/cdc.o

.bss            0x000000002000005c      0xf10 load address 0x0000000008003ee0
 *(SORT_BY_ALIGNMENT(.bss*))
 .bss._mass_storage
                0x000000002000005c      0x274 .pioenvs/bluepill_f103c8_bootloader/src/custom_usb_msc.o
 .bss.current_dfu_offset
                0x00000000200002d0        0x4 .pioenvs/bluepill_f103c8_bootloader/src/dfu.o
 .bss.dfu_download_size
                0x00000000200002d4        0x4 .pioenvs/bluepill_f103c8_bootloader/src/dfu.o
 .bss.dfu_manifest_request_callback
                0x00000000200002d8        0x4 .pioenvs/bluepill_f103c8_bootloader/src/dfu.o
 .bss.dfu_state_change_callback
                0x00000000200002dc        0x4 .pioenvs/bluepill_f103c8_bootloader/src/dfu.o
 .bss.dfu_status_change_callback
                0x00000000200002e0        0x4 .pioenvs/bluepill_f103c8_bootloader/src/dfu.o
 .bss.flashBuf  0x00000000200002e4      0x400 .pioenvs/bluepill_f103c8_bootloader/src/ghostfat.o
 .bss.lastFlush
                0x00000000200006e4        0x4 .pioenvs/bluepill_f103c8_bootloader/src/ghostfat.o
 .bss.ms        0x00000000200006e8        0x4 .pioenvs/bluepill_f103c8_bootloader/src/ghostfat.o
 .bss.resetTime
                0x00000000200006ec        0x4 .pioenvs/bluepill_f103c8_bootloader/src/ghostfat.o
 .bss.erase_end.5422
                0x00000000200006f0        0x4 .pioenvs/bluepill_f103c8_bootloader/src/stm32f103/target_stm32f103.o
 .bss.erase_start.5421
                0x00000000200006f4        0x4 .pioenvs/bluepill_f103c8_bootloader/src/stm32f103/target_stm32f103.o
 .bss.usb21_bos
                0x00000000200006f8        0x4 .pioenvs/bluepill_f103c8_bootloader/src/usb21_standard.o
 .bss.config_callback
                0x00000000200006fc       0x28 .pioenvs/bluepill_f103c8_bootloader/src/usb_conf.o
 .bss.control_callback
                0x0000000020000724       0x50 .pioenvs/bluepill_f103c8_bootloader/src/usb_conf.o
 .bss.usbd_dev  0x0000000020000774        0x4 .pioenvs/bluepill_f103c8_bootloader/src/usb_conf.o
                0x0000000020000774                usbd_dev
 .bss.webusb_https_url
                0x0000000020000778        0x4 .pioenvs/bluepill_f103c8_bootloader/src/webusb.o
 .bss.usbd_control_buffer
                0x000000002000077c      0x100 .pioenvs/bluepill_f103c8_bootloader/src/usb_conf.o
 .bss.cdcbuf    0x000000002000087c       0x41 .pioenvs/bluepill_f103c8_bootloader/src/cdc.o
 .bss.current_dfu_state
                0x00000000200008bd        0x1 .pioenvs/bluepill_f103c8_bootloader/src/dfu.o
 .bss.current_dfu_status
                0x00000000200008be        0x1 .pioenvs/bluepill_f103c8_bootloader/src/dfu.o
 .bss.dfu_download_buffer
                0x00000000200008bf      0x100 .pioenvs/bluepill_f103c8_bootloader/src/dfu.o
 .bss.serial_number
                0x00000000200009bf       0x19 .pioenvs/bluepill_f103c8_bootloader/src/usb_conf.o
 .bss._ZL10logEnabled
                0x00000000200009d8        0x1 .pioenvs/bluepill_f103c8_bootloader/libd29/liblogger.a(logger.o)
 .bss._ZL11debugBuffer
                0x00000000200009d9       0x51 .pioenvs/bluepill_f103c8_bootloader/libd29/liblogger.a(logger.o)
 .bss._ZL12debugEnabled
                0x0000000020000a2a        0x1 .pioenvs/bluepill_f103c8_bootloader/lib52f/libbluepill.a(bluepill.o)
 *(SORT_BY_ALIGNMENT(COMMON))
 *fill*         0x0000000020000a2b        0x1 
 COMMON         0x0000000020000a2c        0x4 .pioenvs/bluepill_f103c8_bootloader/src/dapboot.o
                0x0000000020000a2c                msTimer
 COMMON         0x0000000020000a30      0x404 .pioenvs/bluepill_f103c8_bootloader/src/dmesg.o
                0x0000000020000a30                codalLogStore
 COMMON         0x0000000020000e34       0x38 .pioenvs/bluepill_f103c8_bootloader/src/ghostfat.o
                0x0000000020000e34                wrState
 COMMON         0x0000000020000e6c      0x100 .pioenvs/bluepill_f103c8_bootloader/libFrameworkLibOpenCM3.a(st_usbfs_core.o)
                0x0000000020000e6c                st_usbfs_dev
                0x0000000020000f64                st_usbfs_force_nak
                0x0000000020000f6c                . = ALIGN (0x4)
                0x0000000020000f6c                _ebss = .

/DISCARD/
 *(SORT_BY_ALIGNMENT(.eh_frame))
                0x0000000020000f6c                . = ALIGN (0x4)
                0x0000000020000f6c                end = .
                0x0000000020005000                PROVIDE (_stack, (ORIGIN (ram) + LENGTH (ram)))
OUTPUT(.pioenvs/bluepill_f103c8_bootloader/firmware.elf elf32-littlearm)

.comment        0x0000000000000000       0x7e
 .comment       0x0000000000000000       0x7e .pioenvs/bluepill_f103c8_bootloader/src/cdc.o
                                         0x7f (size before relaxing)
 .comment       0x000000000000007e       0x7f .pioenvs/bluepill_f103c8_bootloader/src/custom_usb_msc.o
 .comment       0x000000000000007e       0x7f .pioenvs/bluepill_f103c8_bootloader/src/dapboot.o
 .comment       0x000000000000007e       0x7f .pioenvs/bluepill_f103c8_bootloader/src/dfu.o
 .comment       0x000000000000007e       0x7f .pioenvs/bluepill_f103c8_bootloader/src/dmesg.o
 .comment       0x000000000000007e       0x7f .pioenvs/bluepill_f103c8_bootloader/src/ghostfat.o
 .comment       0x000000000000007e       0x7f .pioenvs/bluepill_f103c8_bootloader/src/stm32f103/backup.o
 .comment       0x000000000000007e       0x7f .pioenvs/bluepill_f103c8_bootloader/src/stm32f103/target_stm32f103.o
 .comment       0x000000000000007e       0x7f .pioenvs/bluepill_f103c8_bootloader/src/usb21_standard.o
 .comment       0x000000000000007e       0x7f .pioenvs/bluepill_f103c8_bootloader/src/usb_conf.o
 .comment       0x000000000000007e       0x7f .pioenvs/bluepill_f103c8_bootloader/src/webusb.o
 .comment       0x000000000000007e       0x7f .pioenvs/bluepill_f103c8_bootloader/src/winusb.o
 .comment       0x000000000000007e       0x7f .pioenvs/bluepill_f103c8_bootloader/libd29/liblogger.a(logger.o)
 .comment       0x000000000000007e       0x7f .pioenvs/bluepill_f103c8_bootloader/lib52f/libbluepill.a(bluepill.o)
 .comment       0x000000000000007e       0x7f .pioenvs/bluepill_f103c8_bootloader/lib52f/libbluepill.a(led.o)
 .comment       0x000000000000007e       0x7f .pioenvs/bluepill_f103c8_bootloader/libFrameworkLibOpenCM3.a(desig.o)
 .comment       0x000000000000007e       0x7f .pioenvs/bluepill_f103c8_bootloader/libFrameworkLibOpenCM3.a(flash.o)
 .comment       0x000000000000007e       0x7f .pioenvs/bluepill_f103c8_bootloader/libFrameworkLibOpenCM3.a(gpio.o)
 .comment       0x000000000000007e       0x7f .pioenvs/bluepill_f103c8_bootloader/libFrameworkLibOpenCM3.a(rcc.o)
 .comment       0x000000000000007e       0x7f .pioenvs/bluepill_f103c8_bootloader/libFrameworkLibOpenCM3.a(gpio_common_all.o)
 .comment       0x000000000000007e       0x7f .pioenvs/bluepill_f103c8_bootloader/libFrameworkLibOpenCM3.a(pwr_common_all.o)
 .comment       0x000000000000007e       0x7f .pioenvs/bluepill_f103c8_bootloader/libFrameworkLibOpenCM3.a(rcc_common_all.o)
 .comment       0x000000000000007e       0x7f .pioenvs/bluepill_f103c8_bootloader/libFrameworkLibOpenCM3.a(flash_common_f01.o)
 .comment       0x000000000000007e       0x7f .pioenvs/bluepill_f103c8_bootloader/libFrameworkLibOpenCM3.a(usb.o)
 .comment       0x000000000000007e       0x7f .pioenvs/bluepill_f103c8_bootloader/libFrameworkLibOpenCM3.a(usb_control.o)
 .comment       0x000000000000007e       0x7f .pioenvs/bluepill_f103c8_bootloader/libFrameworkLibOpenCM3.a(usb_standard.o)
 .comment       0x000000000000007e       0x7f .pioenvs/bluepill_f103c8_bootloader/libFrameworkLibOpenCM3.a(st_usbfs_v1.o)
 .comment       0x000000000000007e       0x7f .pioenvs/bluepill_f103c8_bootloader/libFrameworkLibOpenCM3.a(vector.o)
 .comment       0x000000000000007e       0x7f .pioenvs/bluepill_f103c8_bootloader/libFrameworkLibOpenCM3.a(scb.o)
 .comment       0x000000000000007e       0x7f .pioenvs/bluepill_f103c8_bootloader/libFrameworkLibOpenCM3.a(st_usbfs_core.o)

.ARM.attributes
                0x0000000000000000       0x31
 .ARM.attributes
                0x0000000000000000       0x33 .pioenvs/bluepill_f103c8_bootloader/src/cdc.o
 .ARM.attributes
                0x0000000000000033       0x33 .pioenvs/bluepill_f103c8_bootloader/src/custom_usb_msc.o
 .ARM.attributes
                0x0000000000000066       0x33 .pioenvs/bluepill_f103c8_bootloader/src/dapboot.o
 .ARM.attributes
                0x0000000000000099       0x33 .pioenvs/bluepill_f103c8_bootloader/src/dfu.o
 .ARM.attributes
                0x00000000000000cc       0x33 .pioenvs/bluepill_f103c8_bootloader/src/dmesg.o
 .ARM.attributes
                0x00000000000000ff       0x33 .pioenvs/bluepill_f103c8_bootloader/src/ghostfat.o
 .ARM.attributes
                0x0000000000000132       0x33 .pioenvs/bluepill_f103c8_bootloader/src/stm32f103/backup.o
 .ARM.attributes
                0x0000000000000165       0x33 .pioenvs/bluepill_f103c8_bootloader/src/stm32f103/target_stm32f103.o
 .ARM.attributes
                0x0000000000000198       0x33 .pioenvs/bluepill_f103c8_bootloader/src/usb21_standard.o
 .ARM.attributes
                0x00000000000001cb       0x33 .pioenvs/bluepill_f103c8_bootloader/src/usb_conf.o
 .ARM.attributes
                0x00000000000001fe       0x33 .pioenvs/bluepill_f103c8_bootloader/src/webusb.o
 .ARM.attributes
                0x0000000000000231       0x33 .pioenvs/bluepill_f103c8_bootloader/src/winusb.o
 .ARM.attributes
                0x0000000000000264       0x33 .pioenvs/bluepill_f103c8_bootloader/libd29/liblogger.a(logger.o)
 .ARM.attributes
                0x0000000000000297       0x33 .pioenvs/bluepill_f103c8_bootloader/lib52f/libbluepill.a(bluepill.o)
 .ARM.attributes
                0x00000000000002ca       0x33 .pioenvs/bluepill_f103c8_bootloader/lib52f/libbluepill.a(led.o)
 .ARM.attributes
                0x00000000000002fd       0x2d /Users/Luppy/.platformio/packages/toolchain-gccarmnoneeabi/bin/../lib/gcc/arm-none-eabi/7.2.1/../../../../arm-none-eabi/lib/thumb/v7-m/libc.a(lib_a-memcmp.o)
 .ARM.attributes
                0x000000000000032a       0x1b /Users/Luppy/.platformio/packages/toolchain-gccarmnoneeabi/bin/../lib/gcc/arm-none-eabi/7.2.1/../../../../arm-none-eabi/lib/thumb/v7-m/libc.a(lib_a-memcpy.o)
 .ARM.attributes
                0x0000000000000345       0x2d /Users/Luppy/.platformio/packages/toolchain-gccarmnoneeabi/bin/../lib/gcc/arm-none-eabi/7.2.1/../../../../arm-none-eabi/lib/thumb/v7-m/libc.a(lib_a-memmove.o)
 .ARM.attributes
                0x0000000000000372       0x2d /Users/Luppy/.platformio/packages/toolchain-gccarmnoneeabi/bin/../lib/gcc/arm-none-eabi/7.2.1/../../../../arm-none-eabi/lib/thumb/v7-m/libc.a(lib_a-memset.o)
 .ARM.attributes
                0x000000000000039f       0x2d /Users/Luppy/.platformio/packages/toolchain-gccarmnoneeabi/bin/../lib/gcc/arm-none-eabi/7.2.1/../../../../arm-none-eabi/lib/thumb/v7-m/libc.a(lib_a-strlen-stub.o)
 .ARM.attributes
                0x00000000000003cc       0x2d /Users/Luppy/.platformio/packages/toolchain-gccarmnoneeabi/bin/../lib/gcc/arm-none-eabi/7.2.1/../../../../arm-none-eabi/lib/thumb/v7-m/libc.a(lib_a-strncat.o)
 .ARM.attributes
                0x00000000000003f9       0x2d /Users/Luppy/.platformio/packages/toolchain-gccarmnoneeabi/bin/../lib/gcc/arm-none-eabi/7.2.1/../../../../arm-none-eabi/lib/thumb/v7-m/libc.a(lib_a-strncpy.o)
 .ARM.attributes
                0x0000000000000426       0x33 .pioenvs/bluepill_f103c8_bootloader/libFrameworkLibOpenCM3.a(desig.o)
 .ARM.attributes
                0x0000000000000459       0x33 .pioenvs/bluepill_f103c8_bootloader/libFrameworkLibOpenCM3.a(flash.o)
 .ARM.attributes
                0x000000000000048c       0x33 .pioenvs/bluepill_f103c8_bootloader/libFrameworkLibOpenCM3.a(gpio.o)
 .ARM.attributes
                0x00000000000004bf       0x33 .pioenvs/bluepill_f103c8_bootloader/libFrameworkLibOpenCM3.a(rcc.o)
 .ARM.attributes
                0x00000000000004f2       0x33 .pioenvs/bluepill_f103c8_bootloader/libFrameworkLibOpenCM3.a(gpio_common_all.o)
 .ARM.attributes
                0x0000000000000525       0x33 .pioenvs/bluepill_f103c8_bootloader/libFrameworkLibOpenCM3.a(pwr_common_all.o)
 .ARM.attributes
                0x0000000000000558       0x33 .pioenvs/bluepill_f103c8_bootloader/libFrameworkLibOpenCM3.a(rcc_common_all.o)
 .ARM.attributes
                0x000000000000058b       0x33 .pioenvs/bluepill_f103c8_bootloader/libFrameworkLibOpenCM3.a(flash_common_f01.o)
 .ARM.attributes
                0x00000000000005be       0x33 .pioenvs/bluepill_f103c8_bootloader/libFrameworkLibOpenCM3.a(usb.o)
 .ARM.attributes
                0x00000000000005f1       0x33 .pioenvs/bluepill_f103c8_bootloader/libFrameworkLibOpenCM3.a(usb_control.o)
 .ARM.attributes
                0x0000000000000624       0x33 .pioenvs/bluepill_f103c8_bootloader/libFrameworkLibOpenCM3.a(usb_standard.o)
 .ARM.attributes
                0x0000000000000657       0x33 .pioenvs/bluepill_f103c8_bootloader/libFrameworkLibOpenCM3.a(st_usbfs_v1.o)
 .ARM.attributes
                0x000000000000068a       0x33 .pioenvs/bluepill_f103c8_bootloader/libFrameworkLibOpenCM3.a(vector.o)
 .ARM.attributes
                0x00000000000006bd       0x33 .pioenvs/bluepill_f103c8_bootloader/libFrameworkLibOpenCM3.a(scb.o)
 .ARM.attributes
                0x00000000000006f0       0x33 .pioenvs/bluepill_f103c8_bootloader/libFrameworkLibOpenCM3.a(st_usbfs_core.o)

.debug_frame    0x0000000000000000      0x138
 .debug_frame   0x0000000000000000       0x38 /Users/Luppy/.platformio/packages/toolchain-gccarmnoneeabi/bin/../lib/gcc/arm-none-eabi/7.2.1/../../../../arm-none-eabi/lib/thumb/v7-m/libc.a(lib_a-memcmp.o)
 .debug_frame   0x0000000000000038       0x40 /Users/Luppy/.platformio/packages/toolchain-gccarmnoneeabi/bin/../lib/gcc/arm-none-eabi/7.2.1/../../../../arm-none-eabi/lib/thumb/v7-m/libc.a(lib_a-memmove.o)
 .debug_frame   0x0000000000000078       0x38 /Users/Luppy/.platformio/packages/toolchain-gccarmnoneeabi/bin/../lib/gcc/arm-none-eabi/7.2.1/../../../../arm-none-eabi/lib/thumb/v7-m/libc.a(lib_a-memset.o)
 .debug_frame   0x00000000000000b0       0x20 /Users/Luppy/.platformio/packages/toolchain-gccarmnoneeabi/bin/../lib/gcc/arm-none-eabi/7.2.1/../../../../arm-none-eabi/lib/thumb/v7-m/libc.a(lib_a-strlen-stub.o)
 .debug_frame   0x00000000000000d0       0x34 /Users/Luppy/.platformio/packages/toolchain-gccarmnoneeabi/bin/../lib/gcc/arm-none-eabi/7.2.1/../../../../arm-none-eabi/lib/thumb/v7-m/libc.a(lib_a-strncat.o)
 .debug_frame   0x0000000000000104       0x34 /Users/Luppy/.platformio/packages/toolchain-gccarmnoneeabi/bin/../lib/gcc/arm-none-eabi/7.2.1/../../../../arm-none-eabi/lib/thumb/v7-m/libc.a(lib_a-strncpy.o)
