Archive member included to satisfy reference by file (symbol)

.pioenvs\bluepill_f103c8_bootloader\lib4c2\liblogger.a(logger.o)
                              .pioenvs\bluepill_f103c8_bootloader\src\cdc.o (debug_flush)
.pioenvs\bluepill_f103c8_bootloader\libbe0\libbluepill.a(bluepill.o)
                              .pioenvs\bluepill_f103c8_bootloader\src\dapboot.o (platform_setup)
.pioenvs\bluepill_f103c8_bootloader\libbe0\libbluepill.a(led.o)
                              .pioenvs\bluepill_f103c8_bootloader\libbe0\libbluepill.a(bluepill.o) (led_setup)
c:/users/guppy/.platformio/packages/toolchain-gccarmnoneeabi/bin/../lib/gcc/arm-none-eabi/7.2.1/../../../../arm-none-eabi/lib/thumb/v7-m\libc.a(lib_a-malloc.o)
                              .pioenvs\bluepill_f103c8_bootloader\libbe0\libbluepill.a(bluepill.o) (malloc)
c:/users/guppy/.platformio/packages/toolchain-gccarmnoneeabi/bin/../lib/gcc/arm-none-eabi/7.2.1/../../../../arm-none-eabi/lib/thumb/v7-m\libc.a(lib_a-mallocr.o)
                              c:/users/guppy/.platformio/packages/toolchain-gccarmnoneeabi/bin/../lib/gcc/arm-none-eabi/7.2.1/../../../../arm-none-eabi/lib/thumb/v7-m\libc.a(lib_a-malloc.o) (_malloc_r)
c:/users/guppy/.platformio/packages/toolchain-gccarmnoneeabi/bin/../lib/gcc/arm-none-eabi/7.2.1/../../../../arm-none-eabi/lib/thumb/v7-m\libc.a(lib_a-memcmp.o)
                              .pioenvs\bluepill_f103c8_bootloader\src\ghostfat.o (memcmp)
c:/users/guppy/.platformio/packages/toolchain-gccarmnoneeabi/bin/../lib/gcc/arm-none-eabi/7.2.1/../../../../arm-none-eabi/lib/thumb/v7-m\libc.a(lib_a-memcpy.o)
                              .pioenvs\bluepill_f103c8_bootloader\src\dfu.o (memcpy)
c:/users/guppy/.platformio/packages/toolchain-gccarmnoneeabi/bin/../lib/gcc/arm-none-eabi/7.2.1/../../../../arm-none-eabi/lib/thumb/v7-m\libc.a(lib_a-memmove.o)
                              .pioenvs\bluepill_f103c8_bootloader\src\dmesg.o (memmove)
c:/users/guppy/.platformio/packages/toolchain-gccarmnoneeabi/bin/../lib/gcc/arm-none-eabi/7.2.1/../../../../arm-none-eabi/lib/thumb/v7-m\libc.a(lib_a-memset.o)
                              .pioenvs\bluepill_f103c8_bootloader\src\dmesg.o (memset)
c:/users/guppy/.platformio/packages/toolchain-gccarmnoneeabi/bin/../lib/gcc/arm-none-eabi/7.2.1/../../../../arm-none-eabi/lib/thumb/v7-m\libc.a(lib_a-mlock.o)
                              c:/users/guppy/.platformio/packages/toolchain-gccarmnoneeabi/bin/../lib/gcc/arm-none-eabi/7.2.1/../../../../arm-none-eabi/lib/thumb/v7-m\libc.a(lib_a-mallocr.o) (__malloc_lock)
c:/users/guppy/.platformio/packages/toolchain-gccarmnoneeabi/bin/../lib/gcc/arm-none-eabi/7.2.1/../../../../arm-none-eabi/lib/thumb/v7-m\libc.a(lib_a-sbrkr.o)
                              c:/users/guppy/.platformio/packages/toolchain-gccarmnoneeabi/bin/../lib/gcc/arm-none-eabi/7.2.1/../../../../arm-none-eabi/lib/thumb/v7-m\libc.a(lib_a-mallocr.o) (_sbrk_r)
c:/users/guppy/.platformio/packages/toolchain-gccarmnoneeabi/bin/../lib/gcc/arm-none-eabi/7.2.1/../../../../arm-none-eabi/lib/thumb/v7-m\libc.a(lib_a-strlen-stub.o)
                              .pioenvs\bluepill_f103c8_bootloader\src\dmesg.o (strlen)
c:/users/guppy/.platformio/packages/toolchain-gccarmnoneeabi/bin/../lib/gcc/arm-none-eabi/7.2.1/../../../../arm-none-eabi/lib/thumb/v7-m\libc.a(lib_a-strncat.o)
                              .pioenvs\bluepill_f103c8_bootloader\lib4c2\liblogger.a(logger.o) (strncat)
c:/users/guppy/.platformio/packages/toolchain-gccarmnoneeabi/bin/../lib/gcc/arm-none-eabi/7.2.1/../../../../arm-none-eabi/lib/thumb/v7-m\libc.a(lib_a-strncpy.o)
                              .pioenvs\bluepill_f103c8_bootloader\src\usb_conf.o (strncpy)
c:/users/guppy/.platformio/packages/toolchain-gccarmnoneeabi/bin/../lib/gcc/arm-none-eabi/7.2.1/../../../../arm-none-eabi/lib/thumb/v7-m\libc.a(lib_a-freer.o)
                              c:/users/guppy/.platformio/packages/toolchain-gccarmnoneeabi/bin/../lib/gcc/arm-none-eabi/7.2.1/../../../../arm-none-eabi/lib/thumb/v7-m\libc.a(lib_a-malloc.o) (_free_r)
c:/users/guppy/.platformio/packages/toolchain-gccarmnoneeabi/bin/../lib/gcc/arm-none-eabi/7.2.1/../../../../arm-none-eabi/lib/thumb/v7-m\libc.a(lib_a-impure.o)
                              c:/users/guppy/.platformio/packages/toolchain-gccarmnoneeabi/bin/../lib/gcc/arm-none-eabi/7.2.1/../../../../arm-none-eabi/lib/thumb/v7-m\libc.a(lib_a-malloc.o) (_impure_ptr)
c:/users/guppy/.platformio/packages/toolchain-gccarmnoneeabi/bin/../lib/gcc/arm-none-eabi/7.2.1/../../../../arm-none-eabi/lib/thumb/v7-m\libc.a(lib_a-lock.o)
                              c:/users/guppy/.platformio/packages/toolchain-gccarmnoneeabi/bin/../lib/gcc/arm-none-eabi/7.2.1/../../../../arm-none-eabi/lib/thumb/v7-m\libc.a(lib_a-mlock.o) (__retarget_lock_acquire_recursive)
c:/users/guppy/.platformio/packages/toolchain-gccarmnoneeabi/bin/../lib/gcc/arm-none-eabi/7.2.1/../../../../arm-none-eabi/lib/thumb/v7-m\libc.a(lib_a-reent.o)
[...]
Memory Configuration

Name             Origin             Length             Attributes
rom              0x08000000         0x00010000         xr
ram              0x20000000         0x00005000         xrw
*default*        0x00000000         0xffffffff

Linker script and memory map

LOAD .pioenvs\bluepill_f103c8_bootloader\src\cdc.o
LOAD .pioenvs\bluepill_f103c8_bootloader\src\dapboot.o
LOAD .pioenvs\bluepill_f103c8_bootloader\src\dfu.o
LOAD .pioenvs\bluepill_f103c8_bootloader\src\dmesg.o
LOAD .pioenvs\bluepill_f103c8_bootloader\src\dummy.o
LOAD .pioenvs\bluepill_f103c8_bootloader\src\ghostfat.o
LOAD .pioenvs\bluepill_f103c8_bootloader\src\msc.o
LOAD .pioenvs\bluepill_f103c8_bootloader\src\stm32f103\backup.o
LOAD .pioenvs\bluepill_f103c8_bootloader\src\stm32f103\target_stm32f103.o
LOAD .pioenvs\bluepill_f103c8_bootloader\src\usb21_standard.o
LOAD .pioenvs\bluepill_f103c8_bootloader\src\usb_conf.o
LOAD .pioenvs\bluepill_f103c8_bootloader\src\webusb.o
LOAD .pioenvs\bluepill_f103c8_bootloader\src\winusb.o
START GROUP
LOAD .pioenvs\bluepill_f103c8_bootloader\lib4c2\liblogger.a
LOAD .pioenvs\bluepill_f103c8_bootloader\libbe0\libbluepill.a
LOAD c:/users/guppy/.platformio/packages/toolchain-gccarmnoneeabi/bin/../lib/gcc/arm-none-eabi/7.2.1/../../../../arm-none-eabi/lib/thumb/v7-m\libc.a
LOAD c:/users/guppy/.platformio/packages/toolchain-gccarmnoneeabi/bin/../lib/gcc/arm-none-eabi/7.2.1/thumb/v7-m\libgcc.a
LOAD c:/users/guppy/.platformio/packages/toolchain-gccarmnoneeabi/bin/../lib/gcc/arm-none-eabi/7.2.1/../../../../arm-none-eabi/lib/thumb/v7-m\libm.a
LOAD c:/users/guppy/.platformio/packages/toolchain-gccarmnoneeabi/bin/../lib/gcc/arm-none-eabi/7.2.1/../../../../arm-none-eabi/lib/thumb/v7-m\libstdc++.a
LOAD c:/users/guppy/.platformio/packages/toolchain-gccarmnoneeabi/bin/../lib/gcc/arm-none-eabi/7.2.1/../../../../arm-none-eabi/lib/thumb/v7-m\libnosys.a
LOAD .pioenvs\bluepill_f103c8_bootloader\libFrameworkLibOpenCM3.a
END GROUP

.text           0x08000000     0x3efc
 *(SORT_BY_ALIGNMENT(.vectors))
 .vectors       0x08000000      0x150 .pioenvs\bluepill_f103c8_bootloader\libFrameworkLibOpenCM3.a(vector.o)
                0x08000000                vector_table
 *(SORT_BY_ALIGNMENT(.text*))
 .text.cdcacm_comm_cb
                0x08000150       0x14 .pioenvs\bluepill_f103c8_bootloader\src\cdc.o
 .text.cdcacm_data_rx_cb
                0x08000164       0x4c .pioenvs\bluepill_f103c8_bootloader\src\cdc.o
 .text.cdcacm_set_config
                0x080001b0       0x74 .pioenvs\bluepill_f103c8_bootloader\src\cdc.o
 .text.cdcacm_control_request
                0x08000224       0x80 .pioenvs\bluepill_f103c8_bootloader\src\cdc.o
 .text.cdc_setup
                0x080002a4       0x24 .pioenvs\bluepill_f103c8_bootloader\src\cdc.o
                0x080002a4                cdc_setup
 .text.validate_application
                0x080002c8       0x1c .pioenvs\bluepill_f103c8_bootloader\src\dapboot.o
                0x080002c8                validate_application
 .text.startup.main
                0x080002e4       0xac .pioenvs\bluepill_f103c8_bootloader\src\dapboot.o
                0x080002e4                main
 .text.dfu_set_state
                0x08000390       0x20 .pioenvs\bluepill_f103c8_bootloader\src\dfu.o
 .text.dfu_set_status
                0x080003b0       0x48 .pioenvs\bluepill_f103c8_bootloader\src\dfu.o
 .text.dfu_set_config
                0x080003f8       0x38 .pioenvs\bluepill_f103c8_bootloader\src\dfu.o
 .text.dfu_on_manifest_request
                0x08000430       0x2c .pioenvs\bluepill_f103c8_bootloader\src\dfu.o
 .text.dfu_control_class_request
                0x0800045c      0x1b4 .pioenvs\bluepill_f103c8_bootloader\src\dfu.o
 .text.dfu_on_download_request
                0x08000610       0x60 .pioenvs\bluepill_f103c8_bootloader\src\dfu.o
 .text.dfu_setup
                0x08000670       0x78 .pioenvs\bluepill_f103c8_bootloader\src\dfu.o
                0x08000670                dfu_setup
 .text.logwriten
                0x080006e8       0x70 .pioenvs\bluepill_f103c8_bootloader\src\dmesg.o
 .text.codal_vdmesg
                0x08000758      0x118 .pioenvs\bluepill_f103c8_bootloader\src\dmesg.o
                0x08000758                codal_vdmesg
 .text.flushFlash
                0x08000870       0xac .pioenvs\bluepill_f103c8_bootloader\src\ghostfat.o
 .text.ghostfat_1ms
                0x0800091c       0x50 .pioenvs\bluepill_f103c8_bootloader\src\ghostfat.o
                0x0800091c                ghostfat_1ms
 .text.read_block
                0x0800096c      0x170 .pioenvs\bluepill_f103c8_bootloader\src\ghostfat.o
                0x0800096c                read_block
 .text.write_block
                0x08000adc      0x174 .pioenvs\bluepill_f103c8_bootloader\src\ghostfat.o
                0x08000adc                write_block
 .text.msc_set_config
                0x08000c50       0x5c .pioenvs\bluepill_f103c8_bootloader\src\msc.o
 .text.msc_control_request
                0x08000cac       0x34 .pioenvs\bluepill_f103c8_bootloader\src\msc.o
 .text.scsi_command.constprop.5
                0x08000ce0      0x2b0 .pioenvs\bluepill_f103c8_bootloader\src\msc.o
 .text.msc_data_tx_cb
                0x08000f90       0xe4 .pioenvs\bluepill_f103c8_bootloader\src\msc.o
 .text.msc_data_rx_cb
                0x08001074      0x18c .pioenvs\bluepill_f103c8_bootloader\src\msc.o
 .text.custom_usb_msc_init
                0x08001200       0x80 .pioenvs\bluepill_f103c8_bootloader\src\msc.o
                0x08001200                custom_usb_msc_init
 .text.backup_write
                0x08001280       0x38 .pioenvs\bluepill_f103c8_bootloader\src\stm32f103\backup.o
                0x08001280                backup_write
 .text.backup_read
                0x080012b8       0x18 .pioenvs\bluepill_f103c8_bootloader\src\stm32f103\backup.o
                0x080012b8                backup_read
 .text.target_set_led
                0x080012d0       0x18 .pioenvs\bluepill_f103c8_bootloader\src\stm32f103\target_stm32f103.o
                0x080012d0                target_set_led
 .text.target_gpio_setup
                0x080012e8       0x70 .pioenvs\bluepill_f103c8_bootloader\src\stm32f103\target_stm32f103.o
                0x080012e8                target_gpio_setup
 .text.target_usb_init
                0x08001358       0x2c .pioenvs\bluepill_f103c8_bootloader\src\stm32f103\target_stm32f103.o
                0x08001358                target_usb_init
 .text.target_manifest_app
                0x08001384       0x14 .pioenvs\bluepill_f103c8_bootloader\src\stm32f103\target_stm32f103.o
                0x08001384                target_manifest_app
 .text.target_get_force_bootloader
                0x08001398       0x34 .pioenvs\bluepill_f103c8_bootloader\src\stm32f103\target_stm32f103.o
                0x08001398                target_get_force_bootloader
 .text.target_flash_program_array
                0x080013cc       0xdc .pioenvs\bluepill_f103c8_bootloader\src\stm32f103\target_stm32f103.o
                0x080013cc                target_flash_program_array
 .text.usb21_set_config
                0x080014a8       0x28 .pioenvs\bluepill_f103c8_bootloader\src\usb21_standard.o
 .text.usb21_standard_get_descriptor
                0x080014d0       0xcc .pioenvs\bluepill_f103c8_bootloader\src\usb21_standard.o
 .text.usb21_setup
                0x0800159c       0x38 .pioenvs\bluepill_f103c8_bootloader\src\usb21_standard.o
                0x0800159c                usb21_setup
 .text.set_aggregate_callback
                0x080015d4       0x5c .pioenvs\bluepill_f103c8_bootloader\src\usb_conf.o
 .text.msc_setup
                0x08001630       0x48 .pioenvs\bluepill_f103c8_bootloader\src\usb_conf.o
                0x08001630                msc_setup
 .text.usb_setup
                0x08001678       0xa0 .pioenvs\bluepill_f103c8_bootloader\src\usb_conf.o
                0x08001678                usb_setup
 .text.aggregate_register_config_callback
                0x08001718       0x38 .pioenvs\bluepill_f103c8_bootloader\src\usb_conf.o
                0x08001718                aggregate_register_config_callback
 .text.aggregate_register_callback
                0x08001750       0x4c .pioenvs\bluepill_f103c8_bootloader\src\usb_conf.o
                0x08001750                aggregate_register_callback
 .text.usb_set_serial_number
                0x0800179c       0x1c .pioenvs\bluepill_f103c8_bootloader\src\usb_conf.o
                0x0800179c                usb_set_serial_number
 .text.dump_usb_request
                0x080017b8       0x8c .pioenvs\bluepill_f103c8_bootloader\src\usb_conf.o
                0x080017b8                dump_usb_request
 .text.aggregate_callback
                0x08001844       0x58 .pioenvs\bluepill_f103c8_bootloader\src\usb_conf.o
 .text.webusb_set_config
                0x0800189c       0x38 .pioenvs\bluepill_f103c8_bootloader\src\webusb.o
 .text.webusb_control_vendor_request
                0x080018d4       0xa0 .pioenvs\bluepill_f103c8_bootloader\src\webusb.o
 .text.webusb_setup
                0x08001974       0x4c .pioenvs\bluepill_f103c8_bootloader\src\webusb.o
                0x08001974                webusb_setup
 .text.winusb_set_config
                0x080019c0       0x28 .pioenvs\bluepill_f103c8_bootloader\src\winusb.o
 .text.winusb_descriptor_request
                0x080019e8       0x48 .pioenvs\bluepill_f103c8_bootloader\src\winusb.o
 .text.winusb_control_vendor_request
                0x08001a30       0x70 .pioenvs\bluepill_f103c8_bootloader\src\winusb.o
 .text.winusb_setup
                0x08001aa0       0x5c .pioenvs\bluepill_f103c8_bootloader\src\winusb.o
                0x08001aa0                winusb_setup
 .text.enable_log
                0x08001afc       0x18 .pioenvs\bluepill_f103c8_bootloader\lib4c2\liblogger.a(logger.o)
                0x08001afc                enable_log
 .text.debug_flush
                0x08001b14       0x38 .pioenvs\bluepill_f103c8_bootloader\lib4c2\liblogger.a(logger.o)
                0x08001b14                debug_flush
 .text._ZL12debug_appendPKcj
                0x08001b4c       0x50 .pioenvs\bluepill_f103c8_bootloader\lib4c2\liblogger.a(logger.o)
 .text._Z11debug_printj
                0x08001b9c       0x7c .pioenvs\bluepill_f103c8_bootloader\lib4c2\liblogger.a(logger.o)
                0x08001b9c                debug_print(unsigned int)
 .text.debug_println
                0x08001c18       0x1c .pioenvs\bluepill_f103c8_bootloader\lib4c2\liblogger.a(logger.o)
                0x08001c18                debug_println
 .text.platform_setup
                0x08001c34       0x48 .pioenvs\bluepill_f103c8_bootloader\libbe0\libbluepill.a(bluepill.o)
                0x08001c34                platform_setup
 .text.enable_debug
                0x08001c7c       0x10 .pioenvs\bluepill_f103c8_bootloader\libbe0\libbluepill.a(bluepill.o)
                0x08001c7c                enable_debug
 .text.led_setup
                0x08001c8c       0x20 .pioenvs\bluepill_f103c8_bootloader\libbe0\libbluepill.a(led.o)
                0x08001c8c                led_setup
 .text.led_on   0x08001cac       0x10 .pioenvs\bluepill_f103c8_bootloader\libbe0\libbluepill.a(led.o)
                0x08001cac                led_on
 .text.led_off  0x08001cbc       0x10 .pioenvs\bluepill_f103c8_bootloader\libbe0\libbluepill.a(led.o)
                0x08001cbc                led_off
 .text.led_wait
                0x08001ccc       0x10 .pioenvs\bluepill_f103c8_bootloader\libbe0\libbluepill.a(led.o)
                0x08001ccc                led_wait
 .text.memcmp   0x08001cdc       0x64 c:/users/guppy/.platformio/packages/toolchain-gccarmnoneeabi/bin/../lib/gcc/arm-none-eabi/7.2.1/../../../../arm-none-eabi/lib/thumb/v7-m\libc.a(lib_a-memcmp.o)
                0x08001cdc                memcmp
 .text          0x08001d40       0xec c:/users/guppy/.platformio/packages/toolchain-gccarmnoneeabi/bin/../lib/gcc/arm-none-eabi/7.2.1/../../../../arm-none-eabi/lib/thumb/v7-m\libc.a(lib_a-memcpy.o)
                0x08001d40                memcpy
 .text.memmove  0x08001e2c       0xc4 c:/users/guppy/.platformio/packages/toolchain-gccarmnoneeabi/bin/../lib/gcc/arm-none-eabi/7.2.1/../../../../arm-none-eabi/lib/thumb/v7-m\libc.a(lib_a-memmove.o)
                0x08001e2c                memmove
 .text.memset   0x08001ef0       0x94 c:/users/guppy/.platformio/packages/toolchain-gccarmnoneeabi/bin/../lib/gcc/arm-none-eabi/7.2.1/../../../../arm-none-eabi/lib/thumb/v7-m\libc.a(lib_a-memset.o)
                0x08001ef0                memset
 .text.strlen   0x08001f84       0x5c c:/users/guppy/.platformio/packages/toolchain-gccarmnoneeabi/bin/../lib/gcc/arm-none-eabi/7.2.1/../../../../arm-none-eabi/lib/thumb/v7-m\libc.a(lib_a-strlen-stub.o)
                0x08001f84                strlen
 .text.strncat  0x08001fe0       0x5c c:/users/guppy/.platformio/packages/toolchain-gccarmnoneeabi/bin/../lib/gcc/arm-none-eabi/7.2.1/../../../../arm-none-eabi/lib/thumb/v7-m\libc.a(lib_a-strncat.o)
                0x08001fe0                strncat
 .text.strncpy  0x0800203c       0x64 c:/users/guppy/.platformio/packages/toolchain-gccarmnoneeabi/bin/../lib/gcc/arm-none-eabi/7.2.1/../../../../arm-none-eabi/lib/thumb/v7-m\libc.a(lib_a-strncpy.o)
                0x0800203c                strncpy
 .text.desig_get_unique_id
                0x080020a0       0x20 .pioenvs\bluepill_f103c8_bootloader\libFrameworkLibOpenCM3.a(desig.o)
                0x080020a0                desig_get_unique_id
 .text.desig_get_unique_id_as_string
                0x080020c0       0x48 .pioenvs\bluepill_f103c8_bootloader\libFrameworkLibOpenCM3.a(desig.o)
                0x080020c0                desig_get_unique_id_as_string
 .text.flash_get_status_flags
                0x08002108       0x28 .pioenvs\bluepill_f103c8_bootloader\libFrameworkLibOpenCM3.a(flash.o)
                0x08002108                flash_get_status_flags
 .text.flash_program_half_word
                0x08002130       0x60 .pioenvs\bluepill_f103c8_bootloader\libFrameworkLibOpenCM3.a(flash.o)
                0x08002130                flash_program_half_word
 .text.flash_erase_page
                0x08002190       0x78 .pioenvs\bluepill_f103c8_bootloader\libFrameworkLibOpenCM3.a(flash.o)
                0x08002190                flash_erase_page
 .text.rcc_osc_on.part.0
                0x08002208       0x10 .pioenvs\bluepill_f103c8_bootloader\libFrameworkLibOpenCM3.a(rcc.o)
 .text.rcc_wait_for_osc_ready
                0x08002218       0x64 .pioenvs\bluepill_f103c8_bootloader\libFrameworkLibOpenCM3.a(rcc.o)
                0x08002218                rcc_wait_for_osc_ready
 .text.rcc_osc_on
                0x0800227c       0x54 .pioenvs\bluepill_f103c8_bootloader\libFrameworkLibOpenCM3.a(rcc.o)
                0x0800227c                rcc_osc_on
 .text.rcc_set_sysclk_source
                0x080022d0       0x14 .pioenvs\bluepill_f103c8_bootloader\libFrameworkLibOpenCM3.a(rcc.o)
                0x080022d0                rcc_set_sysclk_source
 .text.rcc_set_pll_multiplication_factor
                0x080022e4       0x14 .pioenvs\bluepill_f103c8_bootloader\libFrameworkLibOpenCM3.a(rcc.o)
                0x080022e4                rcc_set_pll_multiplication_factor
 .text.rcc_set_pll_source
                0x080022f8       0x14 .pioenvs\bluepill_f103c8_bootloader\libFrameworkLibOpenCM3.a(rcc.o)
                0x080022f8                rcc_set_pll_source
 .text.rcc_set_pllxtpre
                0x0800230c       0x14 .pioenvs\bluepill_f103c8_bootloader\libFrameworkLibOpenCM3.a(rcc.o)
                0x0800230c                rcc_set_pllxtpre
 .text.rcc_set_adcpre
                0x08002320       0x14 .pioenvs\bluepill_f103c8_bootloader\libFrameworkLibOpenCM3.a(rcc.o)
                0x08002320                rcc_set_adcpre
 .text.rcc_set_ppre2
                0x08002334       0x14 .pioenvs\bluepill_f103c8_bootloader\libFrameworkLibOpenCM3.a(rcc.o)
                0x08002334                rcc_set_ppre2
 .text.rcc_set_ppre1
                0x08002348       0x14 .pioenvs\bluepill_f103c8_bootloader\libFrameworkLibOpenCM3.a(rcc.o)
                0x08002348                rcc_set_ppre1
 .text.rcc_set_hpre
                0x0800235c       0x14 .pioenvs\bluepill_f103c8_bootloader\libFrameworkLibOpenCM3.a(rcc.o)
                0x0800235c                rcc_set_hpre
 .text.rcc_clock_setup_in_hse_8mhz_out_72mhz
                0x08002370       0x8c .pioenvs\bluepill_f103c8_bootloader\libFrameworkLibOpenCM3.a(rcc.o)
                0x08002370                rcc_clock_setup_in_hse_8mhz_out_72mhz
 .text.pwr_disable_backup_domain_write_protect
                0x080023fc       0x10 .pioenvs\bluepill_f103c8_bootloader\libFrameworkLibOpenCM3.a(pwr_common_all.o)
                0x080023fc                pwr_disable_backup_domain_write_protect
 .text.pwr_enable_backup_domain_write_protect
                0x0800240c       0x10 .pioenvs\bluepill_f103c8_bootloader\libFrameworkLibOpenCM3.a(pwr_common_all.o)
                0x0800240c                pwr_enable_backup_domain_write_protect
 .text.flash_set_ws
                0x0800241c       0x14 .pioenvs\bluepill_f103c8_bootloader\libFrameworkLibOpenCM3.a(flash_common_f01.o)
                0x0800241c                flash_set_ws
 .text.flash_unlock
                0x08002430       0x24 .pioenvs\bluepill_f103c8_bootloader\libFrameworkLibOpenCM3.a(flash_common_f01.o)
                0x08002430                flash_unlock
 .text.flash_lock
                0x08002454       0x10 .pioenvs\bluepill_f103c8_bootloader\libFrameworkLibOpenCM3.a(flash_common_f01.o)
                0x08002454                flash_lock
 .text.usbd_init
                0x08002464       0x50 .pioenvs\bluepill_f103c8_bootloader\libFrameworkLibOpenCM3.a(usb.o)
                0x08002464                usbd_init
 .text._usbd_standard_request_device
                0x080024b4       0x48 .pioenvs\bluepill_f103c8_bootloader\libFrameworkLibOpenCM3.a(usb_standard.o)
                0x080024b4                _usbd_standard_request_device
 .text._usbd_standard_request_interface
                0x080024fc       0x30 .pioenvs\bluepill_f103c8_bootloader\libFrameworkLibOpenCM3.a(usb_standard.o)
                0x080024fc                _usbd_standard_request_interface
 .text._usbd_standard_request_endpoint
                0x0800252c       0x3c .pioenvs\bluepill_f103c8_bootloader\libFrameworkLibOpenCM3.a(usb_standard.o)
                0x0800252c                _usbd_standard_request_endpoint
 .text.st_usbfs_v1_usbd_init
                0x08002568       0x30 .pioenvs\bluepill_f103c8_bootloader\libFrameworkLibOpenCM3.a(st_usbfs_v1.o)
 .text.reset_handler
                0x08002598       0x90 .pioenvs\bluepill_f103c8_bootloader\libFrameworkLibOpenCM3.a(vector.o)
                0x08002598                reset_handler
 .text.scb_reset_system
                0x08002628       0x10 .pioenvs\bluepill_f103c8_bootloader\libFrameworkLibOpenCM3.a(scb.o)
                0x08002628                scb_reset_system
 .text.st_usbfs_set_address
                0x08002638       0x10 .pioenvs\bluepill_f103c8_bootloader\libFrameworkLibOpenCM3.a(st_usbfs_core.o)
                0x08002638                st_usbfs_set_address
 .text.st_usbfs_set_ep_rx_bufsize
                0x08002648       0x48 .pioenvs\bluepill_f103c8_bootloader\libFrameworkLibOpenCM3.a(st_usbfs_core.o)
                0x08002648                st_usbfs_set_ep_rx_bufsize
 .text.st_usbfs_ep_setup
                0x08002690      0x150 .pioenvs\bluepill_f103c8_bootloader\libFrameworkLibOpenCM3.a(st_usbfs_core.o)
                0x08002690                st_usbfs_ep_setup
 .text.st_usbfs_endpoints_reset
                0x080027e0       0x44 .pioenvs\bluepill_f103c8_bootloader\libFrameworkLibOpenCM3.a(st_usbfs_core.o)
                0x080027e0                st_usbfs_endpoints_reset
 .text.st_usbfs_ep_stall_set
                0x08002824       0xe4 .pioenvs\bluepill_f103c8_bootloader\libFrameworkLibOpenCM3.a(st_usbfs_core.o)
                0x08002824                st_usbfs_ep_stall_set
 .text.st_usbfs_ep_nak_set
                0x08002908       0x58 .pioenvs\bluepill_f103c8_bootloader\libFrameworkLibOpenCM3.a(st_usbfs_core.o)
                0x08002908                st_usbfs_ep_nak_set
 .text.st_usbfs_ep_write_packet
                0x08002960       0x8c .pioenvs\bluepill_f103c8_bootloader\libFrameworkLibOpenCM3.a(st_usbfs_core.o)
                0x08002960                st_usbfs_ep_write_packet
 .text.st_usbfs_ep_read_packet
                0x080029ec       0xb8 .pioenvs\bluepill_f103c8_bootloader\libFrameworkLibOpenCM3.a(st_usbfs_core.o)
                0x080029ec                st_usbfs_ep_read_packet
 .text.st_usbfs_poll
                0x08002aa4       0xd0 .pioenvs\bluepill_f103c8_bootloader\libFrameworkLibOpenCM3.a(st_usbfs_core.o)
                0x08002aa4                st_usbfs_poll
 .text.dfu_on_download_complete
                0x08002b74        0x6 .pioenvs\bluepill_f103c8_bootloader\src\dfu.o
 .text.writeNum
                0x08002b7a       0x32 .pioenvs\bluepill_f103c8_bootloader\src\dmesg.o
 .text.logwrite
                0x08002bac       0x14 .pioenvs\bluepill_f103c8_bootloader\src\dmesg.o
 .text.codal_dmesg
                0x08002bc0       0x1a .pioenvs\bluepill_f103c8_bootloader\src\dmesg.o
                0x08002bc0                codal_dmesg
 .text.target_get_serial_number
                0x08002bda        0x6 .pioenvs\bluepill_f103c8_bootloader\src\stm32f103\target_stm32f103.o
                0x08002bda                target_get_serial_number
 .text.target_get_max_firmware_size
                0x08002be0        0x6 .pioenvs\bluepill_f103c8_bootloader\src\stm32f103\target_stm32f103.o
                0x08002be0                target_get_max_firmware_size
 .text.target_flash_unlock
                0x08002be6        0x4 .pioenvs\bluepill_f103c8_bootloader\src\stm32f103\target_stm32f103.o
                0x08002be6                target_flash_unlock
 .text.target_flash_lock
                0x08002bea        0x4 .pioenvs\bluepill_f103c8_bootloader\src\stm32f103\target_stm32f103.o
                0x08002bea                target_flash_lock
 .text.debug_print
                0x08002bee       0x1a .pioenvs\bluepill_f103c8_bootloader\lib4c2\liblogger.a(logger.o)
                0x08002bee                debug_print
 .text.debug_print_unsigned
                0x08002c08        0x4 .pioenvs\bluepill_f103c8_bootloader\lib4c2\liblogger.a(logger.o)
                0x08002c08                debug_print_unsigned
 .text.debug_printhex
                0x08002c0c       0x42 .pioenvs\bluepill_f103c8_bootloader\lib4c2\liblogger.a(logger.o)
                0x08002c0c                debug_printhex
 .text.gpio_set_mode
                0x08002c4e       0x62 .pioenvs\bluepill_f103c8_bootloader\libFrameworkLibOpenCM3.a(gpio.o)
                0x08002c4e                gpio_set_mode
 .text.gpio_set
                0x08002cb0        0x4 .pioenvs\bluepill_f103c8_bootloader\libFrameworkLibOpenCM3.a(gpio_common_all.o)
                0x08002cb0                gpio_set
 .text.gpio_clear
                0x08002cb4        0x6 .pioenvs\bluepill_f103c8_bootloader\libFrameworkLibOpenCM3.a(gpio_common_all.o)
                0x08002cb4                gpio_clear
 .text.rcc_periph_clock_enable
                0x08002cba       0x1a .pioenvs\bluepill_f103c8_bootloader\libFrameworkLibOpenCM3.a(rcc_common_all.o)
                0x08002cba                rcc_periph_clock_enable
 .text.rcc_periph_reset_pulse
                0x08002cd4       0x22 .pioenvs\bluepill_f103c8_bootloader\libFrameworkLibOpenCM3.a(rcc_common_all.o)
                0x08002cd4                rcc_periph_reset_pulse
 .text.flash_wait_for_last_operation
                0x08002cf6        0xc .pioenvs\bluepill_f103c8_bootloader\libFrameworkLibOpenCM3.a(flash_common_f01.o)
                0x08002cf6                flash_wait_for_last_operation
 .text.usbd_poll
                0x08002d02        0x8 .pioenvs\bluepill_f103c8_bootloader\libFrameworkLibOpenCM3.a(usb.o)
                0x08002d02                usbd_poll
 .text.usbd_ep_setup
                0x08002d0a        0xe .pioenvs\bluepill_f103c8_bootloader\libFrameworkLibOpenCM3.a(usb.o)
                0x08002d0a                usbd_ep_setup
 .text._usbd_reset
                0x08002d18       0x32 .pioenvs\bluepill_f103c8_bootloader\libFrameworkLibOpenCM3.a(usb.o)
                0x08002d18                _usbd_reset
 .text.usbd_ep_write_packet
                0x08002d4a        0xe .pioenvs\bluepill_f103c8_bootloader\libFrameworkLibOpenCM3.a(usb.o)
                0x08002d4a                usbd_ep_write_packet
 .text.usbd_ep_read_packet
                0x08002d58        0xe .pioenvs\bluepill_f103c8_bootloader\libFrameworkLibOpenCM3.a(usb.o)
                0x08002d58                usbd_ep_read_packet
 .text.usbd_ep_stall_set
                0x08002d66        0x8 .pioenvs\bluepill_f103c8_bootloader\libFrameworkLibOpenCM3.a(usb.o)
                0x08002d66                usbd_ep_stall_set
 .text.usbd_ep_stall_get
                0x08002d6e        0x8 .pioenvs\bluepill_f103c8_bootloader\libFrameworkLibOpenCM3.a(usb.o)
                0x08002d6e                usbd_ep_stall_get
 .text.stall_transaction
                0x08002d76       0x14 .pioenvs\bluepill_f103c8_bootloader\libFrameworkLibOpenCM3.a(usb_control.o)
 .text.usb_control_recv_chunk
                0x08002d8a       0x3c .pioenvs\bluepill_f103c8_bootloader\libFrameworkLibOpenCM3.a(usb_control.o)
 .text.usb_control_send_chunk
                0x08002dc6       0x44 .pioenvs\bluepill_f103c8_bootloader\libFrameworkLibOpenCM3.a(usb_control.o)
 .text.usb_control_request_dispatch
                0x08002e0a       0x62 .pioenvs\bluepill_f103c8_bootloader\libFrameworkLibOpenCM3.a(usb_control.o)
 .text.usb_control_setup_read
                0x08002e6c       0x42 .pioenvs\bluepill_f103c8_bootloader\libFrameworkLibOpenCM3.a(usb_control.o)
 .text.usbd_register_control_callback
                0x08002eae       0x26 .pioenvs\bluepill_f103c8_bootloader\libFrameworkLibOpenCM3.a(usb_control.o)
                0x08002eae                usbd_register_control_callback
 .text._usbd_control_setup
                0x08002ed4       0x5a .pioenvs\bluepill_f103c8_bootloader\libFrameworkLibOpenCM3.a(usb_control.o)
                0x08002ed4                _usbd_control_setup
 .text._usbd_control_out
                0x08002f2e       0x82 .pioenvs\bluepill_f103c8_bootloader\libFrameworkLibOpenCM3.a(usb_control.o)
                0x08002f2e                _usbd_control_out
 .text._usbd_control_in
                0x08002fb0       0x56 .pioenvs\bluepill_f103c8_bootloader\libFrameworkLibOpenCM3.a(usb_control.o)
                0x08002fb0                _usbd_control_in
 .text.usb_standard_set_configuration
                0x08003006       0x92 .pioenvs\bluepill_f103c8_bootloader\libFrameworkLibOpenCM3.a(usb_standard.o)
 .text.usb_standard_get_configuration
                0x08003098       0x20 .pioenvs\bluepill_f103c8_bootloader\libFrameworkLibOpenCM3.a(usb_standard.o)
 .text.usb_standard_get_interface
                0x080030b8       0x34 .pioenvs\bluepill_f103c8_bootloader\libFrameworkLibOpenCM3.a(usb_standard.o)
 .text.usb_standard_device_get_status
                0x080030ec       0x18 .pioenvs\bluepill_f103c8_bootloader\libFrameworkLibOpenCM3.a(usb_standard.o)
 .text.usb_standard_endpoint_get_status
                0x08003104       0x2a .pioenvs\bluepill_f103c8_bootloader\libFrameworkLibOpenCM3.a(usb_standard.o)
 .text.usb_standard_endpoint_stall
                0x0800312e       0x10 .pioenvs\bluepill_f103c8_bootloader\libFrameworkLibOpenCM3.a(usb_standard.o)
 .text.usb_standard_endpoint_unstall
                0x0800313e       0x10 .pioenvs\bluepill_f103c8_bootloader\libFrameworkLibOpenCM3.a(usb_standard.o)
 .text.usb_standard_set_address
                0x0800314e       0x28 .pioenvs\bluepill_f103c8_bootloader\libFrameworkLibOpenCM3.a(usb_standard.o)
 .text.usb_standard_set_interface
                0x08003176       0x4e .pioenvs\bluepill_f103c8_bootloader\libFrameworkLibOpenCM3.a(usb_standard.o)
 .text.usb_standard_get_descriptor
                0x080031c4      0x256 .pioenvs\bluepill_f103c8_bootloader\libFrameworkLibOpenCM3.a(usb_standard.o)
 .text.usb_standard_interface_get_status
                0x0800341a       0x18 .pioenvs\bluepill_f103c8_bootloader\libFrameworkLibOpenCM3.a(usb_standard.o)
 .text.usbd_register_set_config_callback
                0x08003432       0x26 .pioenvs\bluepill_f103c8_bootloader\libFrameworkLibOpenCM3.a(usb_standard.o)
                0x08003432                usbd_register_set_config_callback
 .text._usbd_standard_request
                0x08003458       0x30 .pioenvs\bluepill_f103c8_bootloader\libFrameworkLibOpenCM3.a(usb_standard.o)
                0x08003458                _usbd_standard_request
 .text.st_usbfs_copy_to_pm
                0x08003488       0x1c .pioenvs\bluepill_f103c8_bootloader\libFrameworkLibOpenCM3.a(st_usbfs_v1.o)
                0x08003488                st_usbfs_copy_to_pm
 .text.st_usbfs_copy_from_pm
                0x080034a4       0x2a .pioenvs\bluepill_f103c8_bootloader\libFrameworkLibOpenCM3.a(st_usbfs_v1.o)
                0x080034a4                st_usbfs_copy_from_pm
 .text.blocking_handler
                0x080034ce        0x2 .pioenvs\bluepill_f103c8_bootloader\libFrameworkLibOpenCM3.a(vector.o)
                0x080034ce                usart3_isr
                0x080034ce                rtc_isr
                0x080034ce                tim7_isr
                0x080034ce                adc1_2_isr
                0x080034ce                tim1_trg_com_isr
                0x080034ce                usb_hp_can_tx_isr
                0x080034ce                tim6_isr
                0x080034ce                usb_wakeup_isr
                0x080034ce                blocking_handler
                0x080034ce                tim5_isr
                0x080034ce                otg_fs_isr
                0x080034ce                spi1_isr
                0x080034ce                exti2_isr
                0x080034ce                dma1_channel6_isr
                0x080034ce                can_rx1_isr
                0x080034ce                dma1_channel5_isr
                0x080034ce                dma2_channel5_isr
                0x080034ce                usart1_isr
                0x080034ce                usage_fault_handler
                0x080034ce                tim8_trg_com_isr
                0x080034ce                can2_rx0_isr
                0x080034ce                tim1_brk_isr
                0x080034ce                can2_rx1_isr
                0x080034ce                tim1_cc_isr
                0x080034ce                sdio_isr
                0x080034ce                eth_isr
                0x080034ce                dma1_channel4_isr
                0x080034ce                tim8_brk_isr
                0x080034ce                dma2_channel4_5_isr
                0x080034ce                pvd_isr
                0x080034ce                rcc_isr
                0x080034ce                flash_isr
                0x080034ce                uart4_isr
                0x080034ce                rtc_alarm_isr
                0x080034ce                exti15_10_isr
                0x080034ce                hard_fault_handler
                0x080034ce                exti1_isr
                0x080034ce                i2c1_ev_isr
                0x080034ce                dma2_channel1_isr
                0x080034ce                spi2_isr
                0x080034ce                tim8_up_isr
                0x080034ce                dma2_channel2_isr
                0x080034ce                exti3_isr
                0x080034ce                adc3_isr
                0x080034ce                tim3_isr
                0x080034ce                usart2_isr
                0x080034ce                usb_lp_can_rx0_isr
                0x080034ce                i2c2_er_isr
                0x080034ce                i2c2_ev_isr
                0x080034ce                uart5_isr
                0x080034ce                fsmc_isr
                0x080034ce                dma1_channel1_isr
                0x080034ce                exti4_isr
                0x080034ce                mem_manage_handler
                0x080034ce                can2_tx_isr
                0x080034ce                exti9_5_isr
                0x080034ce                dma2_channel3_isr
                0x080034ce                dma1_channel7_isr
                0x080034ce                tim1_up_isr
                0x080034ce                can2_sce_isr
                0x080034ce                tim4_isr
                0x080034ce                dma1_channel2_isr
                0x080034ce                i2c1_er_isr
                0x080034ce                can_sce_isr
                0x080034ce                tim8_cc_isr
                0x080034ce                tamper_isr
                0x080034ce                eth_wkup_isr
                0x080034ce                bus_fault_handler
                0x080034ce                wwdg_isr
                0x080034ce                dma1_channel3_isr
                0x080034ce                spi3_isr
                0x080034ce                tim2_isr
                0x080034ce                exti0_isr
 .text.null_handler
                0x080034d0        0x2 .pioenvs\bluepill_f103c8_bootloader\libFrameworkLibOpenCM3.a(vector.o)
                0x080034d0                sv_call_handler
                0x080034d0                pend_sv_handler
                0x080034d0                debug_monitor_handler
                0x080034d0                sys_tick_handler
                0x080034d0                nmi_handler
                0x080034d0                null_handler
 .text.st_usbfs_ep_stall_get
                0x080034d2       0x38 .pioenvs\bluepill_f103c8_bootloader\libFrameworkLibOpenCM3.a(st_usbfs_core.o)
                0x080034d2                st_usbfs_ep_stall_get
                0x0800350c                . = ALIGN (0x4)
 *fill*         0x0800350a        0x2 
 *(SORT_BY_ALIGNMENT(.rodata*))
 .rodata.info   0x0800350c       0x30 .pioenvs\bluepill_f103c8_bootloader\src\ghostfat.o
 .rodata.interfaces
                0x0800353c       0x40 .pioenvs\bluepill_f103c8_bootloader\src\usb_conf.o
 .rodata.st_usbfs_v1_usb_driver
                0x0800357c       0x34 .pioenvs\bluepill_f103c8_bootloader\libFrameworkLibOpenCM3.a(st_usbfs_v1.o)
                0x0800357c                st_usbfs_v1_usb_driver
 .rodata.cdc_setup.str1.1
                0x080035b0       0x15 .pioenvs\bluepill_f103c8_bootloader\src\cdc.o
 .rodata.cdcacm_comm_cb.str1.1
                0x080035c5        0x5 .pioenvs\bluepill_f103c8_bootloader\src\cdc.o
 .rodata.cdcacm_control_request.str1.1
                0x080035ca       0x44 .pioenvs\bluepill_f103c8_bootloader\src\cdc.o
                                 0x45 (size before relaxing)
 .rodata.cdcacm_data_rx_cb.str1.1
                0x0800360e        0x4 .pioenvs\bluepill_f103c8_bootloader\src\cdc.o
 .rodata.cdcacm_set_config.str1.1
                0x08003612       0x33 .pioenvs\bluepill_f103c8_bootloader\src\cdc.o
 .rodata.line_coding
                0x08003645        0x7 .pioenvs\bluepill_f103c8_bootloader\src\cdc.o
 .rodata.main.str1.1
                0x0800364c       0x74 .pioenvs\bluepill_f103c8_bootloader\src\dapboot.o
 .rodata.dfu_control_class_request.str1.1
                0x080036c0       0x36 .pioenvs\bluepill_f103c8_bootloader\src\dfu.o
 .rodata.dfu_function
                0x080036f6        0x9 .pioenvs\bluepill_f103c8_bootloader\src\dfu.o
                0x080036f6                dfu_function
 .rodata.dfu_on_download_request.str1.1
                0x080036ff       0x16 .pioenvs\bluepill_f103c8_bootloader\src\dfu.o
 .rodata.dfu_on_manifest_request.str1.1
                0x08003715       0x17 .pioenvs\bluepill_f103c8_bootloader\src\dfu.o
 .rodata.dfu_set_config.str1.1
                0x0800372c       0x2a .pioenvs\bluepill_f103c8_bootloader\src\dfu.o
 .rodata.dfu_set_status.str1.1
                0x08003756       0x10 .pioenvs\bluepill_f103c8_bootloader\src\dfu.o
 .rodata.dfu_setup.str1.1
                0x08003766       0x15 .pioenvs\bluepill_f103c8_bootloader\src\dfu.o
 .rodata.codal_vdmesg.str1.1
                0x0800377b        0x6 .pioenvs\bluepill_f103c8_bootloader\src\dmesg.o
                                  0xb (size before relaxing)
 .rodata.logwriten.str1.1
                0x08003781       0x16 .pioenvs\bluepill_f103c8_bootloader\src\dmesg.o
 .rodata.BootBlock
                0x08003797       0x3e .pioenvs\bluepill_f103c8_bootloader\src\ghostfat.o
 .rodata.flushFlash.str1.1
                0x080037d5       0x3c .pioenvs\bluepill_f103c8_bootloader\src\ghostfat.o
                                 0x3d (size before relaxing)
 .rodata.ghostfat_1ms.str1.1
                0x08003811       0x21 .pioenvs\bluepill_f103c8_bootloader\src\ghostfat.o
 .rodata.indexFile
                0x08003832       0x74 .pioenvs\bluepill_f103c8_bootloader\src\ghostfat.o
                0x08003832                indexFile
 .rodata.infoUf2File
                0x080038a6       0x45 .pioenvs\bluepill_f103c8_bootloader\src\ghostfat.o
                0x080038a6                infoUf2File
 .rodata.write_block.str1.1
                0x080038eb       0x4c .pioenvs\bluepill_f103c8_bootloader\src\ghostfat.o
 .rodata._spc3_inquiry_response
                0x08003937       0x24 .pioenvs\bluepill_f103c8_bootloader\src\msc.o
 .rodata._spc3_request_sense
                0x0800395b       0x12 .pioenvs\bluepill_f103c8_bootloader\src\msc.o
 .rodata.custom_usb_msc_init.str1.1
                0x0800396d       0x1f .pioenvs\bluepill_f103c8_bootloader\src\msc.o
 .rodata.msc_control_request.str1.1
                0x0800398c        0x4 .pioenvs\bluepill_f103c8_bootloader\src\msc.o
 .rodata.msc_data_rx_cb.str1.1
                0x08003990       0x52 .pioenvs\bluepill_f103c8_bootloader\src\msc.o
 .rodata.msc_data_tx_cb.str1.1
                0x080039e2       0x1a .pioenvs\bluepill_f103c8_bootloader\src\msc.o
 .rodata.msc_set_config.str1.1
                0x080039fc       0x1a .pioenvs\bluepill_f103c8_bootloader\src\msc.o
 .rodata.scsi_command.constprop.5.str1.1
                0x08003a16       0x1f .pioenvs\bluepill_f103c8_bootloader\src\msc.o
                                 0x20 (size before relaxing)
 .rodata.target_flash_program_array.str1.1
                0x08003a35       0x6a .pioenvs\bluepill_f103c8_bootloader\src\stm32f103\target_stm32f103.o
                                 0x6b (size before relaxing)
 .rodata.usb21_set_config.str1.1
                0x08003a9f       0x1c .pioenvs\bluepill_f103c8_bootloader\src\usb21_standard.o
 .rodata.usb21_setup.str1.1
                0x08003abb       0x17 .pioenvs\bluepill_f103c8_bootloader\src\usb21_standard.o
 .rodata.usb21_standard_get_descriptor.str1.1
                0x08003ad2       0x21 .pioenvs\bluepill_f103c8_bootloader\src\usb21_standard.o
 .rodata.aggregate_callback.str1.1
                0x08003af3        0x4 .pioenvs\bluepill_f103c8_bootloader\src\usb_conf.o
 .rodata.aggregate_register_callback.str1.1
                0x08003af7       0x26 .pioenvs\bluepill_f103c8_bootloader\src\usb_conf.o
 .rodata.aggregate_register_config_callback.str1.1
                0x08003b1d       0x25 .pioenvs\bluepill_f103c8_bootloader\src\usb_conf.o
 .rodata.bos_descriptor
                0x08003b42        0x9 .pioenvs\bluepill_f103c8_bootloader\src\usb_conf.o
 .rodata.cdc_iface_assoc
                0x08003b4b        0x8 .pioenvs\bluepill_f103c8_bootloader\src\usb_conf.o
 .rodata.cdcacm_functional_descriptors
                0x08003b53       0x13 .pioenvs\bluepill_f103c8_bootloader\src\usb_conf.o
 .rodata.comm_endp
                0x08003b66        0xf .pioenvs\bluepill_f103c8_bootloader\src\usb_conf.o
 .rodata.comm_iface
                0x08003b75       0x15 .pioenvs\bluepill_f103c8_bootloader\src\usb_conf.o
 .rodata.config
                0x08003b8a        0xd .pioenvs\bluepill_f103c8_bootloader\src\usb_conf.o
 .rodata.data_endp
                0x08003b97       0x1e .pioenvs\bluepill_f103c8_bootloader\src\usb_conf.o
 .rodata.data_iface
                0x08003bb5       0x15 .pioenvs\bluepill_f103c8_bootloader\src\usb_conf.o
 .rodata.dev    0x08003bca       0x12 .pioenvs\bluepill_f103c8_bootloader\src\usb_conf.o
 .rodata.dfu_iface
                0x08003bdc       0x15 .pioenvs\bluepill_f103c8_bootloader\src\usb_conf.o
 .rodata.dump_usb_request.str1.1
                0x08003bf1       0x2c .pioenvs\bluepill_f103c8_bootloader\src\usb_conf.o
                                 0x3d (size before relaxing)
 .rodata.msc_endp
                0x08003c1d       0x1e .pioenvs\bluepill_f103c8_bootloader\src\usb_conf.o
 .rodata.msc_iface
                0x08003c3b       0x15 .pioenvs\bluepill_f103c8_bootloader\src\usb_conf.o
 .rodata.msc_setup.str1.1
                0x08003c50       0x1e .pioenvs\bluepill_f103c8_bootloader\src\usb_conf.o
 .rodata.set_aggregate_callback.str1.1
                0x08003c6e       0x40 .pioenvs\bluepill_f103c8_bootloader\src\usb_conf.o
 .rodata.str1.1
                0x08003cae       0x70 .pioenvs\bluepill_f103c8_bootloader\src\usb_conf.o
 .rodata.usb_setup.str1.1
                0x08003d1e       0x2e .pioenvs\bluepill_f103c8_bootloader\src\usb_conf.o
 .rodata.webusb_control_vendor_request.str1.1
                0x08003d4c       0x39 .pioenvs\bluepill_f103c8_bootloader\src\webusb.o
                                 0x3a (size before relaxing)
 .rodata.webusb_platform_capability_descriptor
                0x08003d85       0x18 .pioenvs\bluepill_f103c8_bootloader\src\webusb.o
                0x08003d85                webusb_platform_capability_descriptor
 .rodata.webusb_set_config.str1.1
                0x08003d9d       0x2f .pioenvs\bluepill_f103c8_bootloader\src\webusb.o
 .rodata.webusb_setup.str1.1
                0x08003dcc       0x18 .pioenvs\bluepill_f103c8_bootloader\src\webusb.o
 .rodata.guid   0x08003de4       0x92 .pioenvs\bluepill_f103c8_bootloader\src\winusb.o
 .rodata.winusb_control_vendor_request.str1.1
                0x08003e76        0x7 .pioenvs\bluepill_f103c8_bootloader\src\winusb.o
 .rodata.winusb_descriptor_request.str1.1
                0x08003e7d        0x7 .pioenvs\bluepill_f103c8_bootloader\src\winusb.o
 .rodata.winusb_set_config.str1.1
                0x08003e84       0x1d .pioenvs\bluepill_f103c8_bootloader\src\winusb.o
 .rodata.winusb_setup.str1.1
                0x08003ea1       0x18 .pioenvs\bluepill_f103c8_bootloader\src\winusb.o
 .rodata.winusb_string_descriptor
                0x08003eb9       0x12 .pioenvs\bluepill_f103c8_bootloader\src\winusb.o
 .rodata._Z11debug_printj.str1.1
                0x08003ecb        0xb .pioenvs\bluepill_f103c8_bootloader\lib4c2\liblogger.a(logger.o)
 .rodata.debug_println.str1.1
                0x08003ed6        0x2 .pioenvs\bluepill_f103c8_bootloader\lib4c2\liblogger.a(logger.o)
 .rodata.platform_setup.str1.1
                0x08003ed6       0x13 .pioenvs\bluepill_f103c8_bootloader\libbe0\libbluepill.a(bluepill.o)
 .rodata.chars.4166
                0x08003ee9       0x11 .pioenvs\bluepill_f103c8_bootloader\libFrameworkLibOpenCM3.a(desig.o)
                0x08003efc                . = ALIGN (0x4)
 *fill*         0x08003efa        0x2 

.glue_7         0x08003efc        0x0
 .glue_7        0x08003efc        0x0 linker stubs

.glue_7t        0x08003efc        0x0
 .glue_7t       0x08003efc        0x0 linker stubs

.vfp11_veneer   0x08003efc        0x0
 .vfp11_veneer  0x08003efc        0x0 linker stubs

.v4_bx          0x08003efc        0x0
 .v4_bx         0x08003efc        0x0 linker stubs

.iplt           0x08003efc        0x0
 .iplt          0x08003efc        0x0 .pioenvs\bluepill_f103c8_bootloader\src\cdc.o

.rel.dyn        0x08003efc        0x0
 .rel.iplt      0x08003efc        0x0 .pioenvs\bluepill_f103c8_bootloader\src\cdc.o

.preinit_array  0x08003efc        0x0
                0x08003efc                . = ALIGN (0x4)
                0x08003efc                __preinit_array_start = .
 *(SORT_BY_ALIGNMENT(.preinit_array))
                0x08003efc                __preinit_array_end = .

.init_array     0x08003efc        0x0
                0x08003efc                . = ALIGN (0x4)
                0x08003efc                __init_array_start = .
 *(SORT_BY_NAME(SORT_BY_ALIGNMENT(.init_array.*)))
 *(SORT_BY_ALIGNMENT(.init_array))
                0x08003efc                __init_array_end = .

.fini_array     0x08003efc        0x0
                0x08003efc                . = ALIGN (0x4)
                0x08003efc                __fini_array_start = .
 *(SORT_BY_ALIGNMENT(.fini_array))
 *(SORT_BY_NAME(SORT_BY_ALIGNMENT(.fini_array.*)))
                0x08003efc                __fini_array_end = .

.ARM.extab
 *(SORT_BY_ALIGNMENT(.ARM.extab*))

.ARM.exidx      0x08003efc        0x0
                0x08003efc                __exidx_start = .
 *(SORT_BY_ALIGNMENT(.ARM.exidx*))
                0x08003efc                __exidx_end = .
                0x08003efc                . = ALIGN (0x4)
                0x08003efc                _etext = .

.data           0x20000000       0x60 load address 0x08003efc
                0x20000000                _data = .
 *(SORT_BY_ALIGNMENT(.data*))
 .data.flashAddr
                0x20000000        0x4 .pioenvs\bluepill_f103c8_bootloader\src\ghostfat.o
 .data.capabilities
                0x20000004        0x4 .pioenvs\bluepill_f103c8_bootloader\src\usb_conf.o
 .data.usb_strings
                0x20000008       0x20 .pioenvs\bluepill_f103c8_bootloader\src\usb_conf.o
 .data.rcc_ahb_frequency
                0x20000028        0x4 .pioenvs\bluepill_f103c8_bootloader\libFrameworkLibOpenCM3.a(rcc.o)
                0x20000028                rcc_ahb_frequency
 .data.rcc_apb1_frequency
                0x2000002c        0x4 .pioenvs\bluepill_f103c8_bootloader\libFrameworkLibOpenCM3.a(rcc.o)
                0x2000002c                rcc_apb1_frequency
 .data.rcc_apb2_frequency
                0x20000030        0x4 .pioenvs\bluepill_f103c8_bootloader\libFrameworkLibOpenCM3.a(rcc.o)
                0x20000030                rcc_apb2_frequency
 .data.firstFlush
                0x20000034        0x1 .pioenvs\bluepill_f103c8_bootloader\src\ghostfat.o
 .data.winusb_wcid
                0x20000035       0x28 .pioenvs\bluepill_f103c8_bootloader\src\winusb.o
                0x20000060                . = ALIGN (0x4)
 *fill*         0x2000005d        0x3 
                0x20000060                _edata = .
                0x08003efc                _data_loadaddr = LOADADDR (.data)

.igot.plt       0x20000060        0x0 load address 0x08003f5c
 .igot.plt      0x20000060        0x0 .pioenvs\bluepill_f103c8_bootloader\src\cdc.o

.bss            0x20000060      0xf10 load address 0x08003f5c
 *(SORT_BY_ALIGNMENT(.bss*))
 .bss.current_dfu_offset
                0x20000060        0x4 .pioenvs\bluepill_f103c8_bootloader\src\dfu.o
 .bss.dfu_download_size
                0x20000064        0x4 .pioenvs\bluepill_f103c8_bootloader\src\dfu.o
 .bss.dfu_manifest_request_callback
                0x20000068        0x4 .pioenvs\bluepill_f103c8_bootloader\src\dfu.o
 .bss.dfu_state_change_callback
                0x2000006c        0x4 .pioenvs\bluepill_f103c8_bootloader\src\dfu.o
 .bss.dfu_status_change_callback
                0x20000070        0x4 .pioenvs\bluepill_f103c8_bootloader\src\dfu.o
 .bss.flashBuf  0x20000074      0x400 .pioenvs\bluepill_f103c8_bootloader\src\ghostfat.o
 .bss.lastFlush
                0x20000474        0x4 .pioenvs\bluepill_f103c8_bootloader\src\ghostfat.o
 .bss.ms        0x20000478        0x4 .pioenvs\bluepill_f103c8_bootloader\src\ghostfat.o
 .bss.resetTime
                0x2000047c        0x4 .pioenvs\bluepill_f103c8_bootloader\src\ghostfat.o
 .bss._mass_storage
                0x20000480      0x274 .pioenvs\bluepill_f103c8_bootloader\src\msc.o
 .bss.erase_end.5422
                0x200006f4        0x4 .pioenvs\bluepill_f103c8_bootloader\src\stm32f103\target_stm32f103.o
 .bss.erase_start.5421
                0x200006f8        0x4 .pioenvs\bluepill_f103c8_bootloader\src\stm32f103\target_stm32f103.o
 .bss.usb21_bos
                0x200006fc        0x4 .pioenvs\bluepill_f103c8_bootloader\src\usb21_standard.o
 .bss.config_callback
                0x20000700       0x28 .pioenvs\bluepill_f103c8_bootloader\src\usb_conf.o
 .bss.control_callback
                0x20000728       0x50 .pioenvs\bluepill_f103c8_bootloader\src\usb_conf.o
 .bss.usbd_dev  0x20000778        0x4 .pioenvs\bluepill_f103c8_bootloader\src\usb_conf.o
                0x20000778                usbd_dev
 .bss.webusb_https_url
                0x2000077c        0x4 .pioenvs\bluepill_f103c8_bootloader\src\webusb.o
 .bss.usbd_control_buffer
                0x20000780      0x100 .pioenvs\bluepill_f103c8_bootloader\src\usb_conf.o
 .bss.cdcbuf    0x20000880       0x41 .pioenvs\bluepill_f103c8_bootloader\src\cdc.o
 .bss.current_dfu_state
                0x200008c1        0x1 .pioenvs\bluepill_f103c8_bootloader\src\dfu.o
 .bss.current_dfu_status
                0x200008c2        0x1 .pioenvs\bluepill_f103c8_bootloader\src\dfu.o
 .bss.dfu_download_buffer
                0x200008c3      0x100 .pioenvs\bluepill_f103c8_bootloader\src\dfu.o
 .bss.serial_number
                0x200009c3       0x19 .pioenvs\bluepill_f103c8_bootloader\src\usb_conf.o
 .bss._ZL10logEnabled
                0x200009dc        0x1 .pioenvs\bluepill_f103c8_bootloader\lib4c2\liblogger.a(logger.o)
 .bss._ZL11debugBuffer
                0x200009dd       0x51 .pioenvs\bluepill_f103c8_bootloader\lib4c2\liblogger.a(logger.o)
 .bss._ZL12debugEnabled
                0x20000a2e        0x1 .pioenvs\bluepill_f103c8_bootloader\libbe0\libbluepill.a(bluepill.o)
 *(SORT_BY_ALIGNMENT(COMMON))
 *fill*         0x20000a2f        0x1 
 COMMON         0x20000a30        0x4 .pioenvs\bluepill_f103c8_bootloader\src\dapboot.o
                0x20000a30                msTimer
 COMMON         0x20000a34      0x404 .pioenvs\bluepill_f103c8_bootloader\src\dmesg.o
                0x20000a34                codalLogStore
 COMMON         0x20000e38       0x38 .pioenvs\bluepill_f103c8_bootloader\src\ghostfat.o
                0x20000e38                wrState
 COMMON         0x20000e70      0x100 .pioenvs\bluepill_f103c8_bootloader\libFrameworkLibOpenCM3.a(st_usbfs_core.o)
                0x20000e70                st_usbfs_dev
                0x20000f68                st_usbfs_force_nak
                0x20000f70                . = ALIGN (0x4)
                0x20000f70                _ebss = .

/DISCARD/
 *(SORT_BY_ALIGNMENT(.eh_frame))
                0x20000f70                . = ALIGN (0x4)
                0x20000f70                end = .
                0x20005000                PROVIDE (_stack, (ORIGIN (ram) + LENGTH (ram)))
OUTPUT(.pioenvs\bluepill_f103c8_bootloader\firmware.elf elf32-littlearm)

.comment        0x00000000       0x7e
 .comment       0x00000000       0x7e .pioenvs\bluepill_f103c8_bootloader\src\cdc.o
                                 0x7f (size before relaxing)
 .comment       0x0000007e       0x7f .pioenvs\bluepill_f103c8_bootloader\src\dapboot.o
 .comment       0x0000007e       0x7f .pioenvs\bluepill_f103c8_bootloader\src\dfu.o
 .comment       0x0000007e       0x7f .pioenvs\bluepill_f103c8_bootloader\src\dmesg.o
 .comment       0x0000007e       0x7f .pioenvs\bluepill_f103c8_bootloader\src\ghostfat.o
 .comment       0x0000007e       0x7f .pioenvs\bluepill_f103c8_bootloader\src\msc.o
 .comment       0x0000007e       0x7f .pioenvs\bluepill_f103c8_bootloader\src\stm32f103\backup.o
 .comment       0x0000007e       0x7f .pioenvs\bluepill_f103c8_bootloader\src\stm32f103\target_stm32f103.o
 .comment       0x0000007e       0x7f .pioenvs\bluepill_f103c8_bootloader\src\usb21_standard.o
 .comment       0x0000007e       0x7f .pioenvs\bluepill_f103c8_bootloader\src\usb_conf.o
 .comment       0x0000007e       0x7f .pioenvs\bluepill_f103c8_bootloader\src\webusb.o
 .comment       0x0000007e       0x7f .pioenvs\bluepill_f103c8_bootloader\src\winusb.o
 .comment       0x0000007e       0x7f .pioenvs\bluepill_f103c8_bootloader\lib4c2\liblogger.a(logger.o)
 .comment       0x0000007e       0x7f .pioenvs\bluepill_f103c8_bootloader\libbe0\libbluepill.a(bluepill.o)
 .comment       0x0000007e       0x7f .pioenvs\bluepill_f103c8_bootloader\libbe0\libbluepill.a(led.o)
 .comment       0x0000007e       0x7f .pioenvs\bluepill_f103c8_bootloader\libFrameworkLibOpenCM3.a(desig.o)
 .comment       0x0000007e       0x7f .pioenvs\bluepill_f103c8_bootloader\libFrameworkLibOpenCM3.a(flash.o)
 .comment       0x0000007e       0x7f .pioenvs\bluepill_f103c8_bootloader\libFrameworkLibOpenCM3.a(gpio.o)
 .comment       0x0000007e       0x7f .pioenvs\bluepill_f103c8_bootloader\libFrameworkLibOpenCM3.a(rcc.o)
 .comment       0x0000007e       0x7f .pioenvs\bluepill_f103c8_bootloader\libFrameworkLibOpenCM3.a(gpio_common_all.o)
 .comment       0x0000007e       0x7f .pioenvs\bluepill_f103c8_bootloader\libFrameworkLibOpenCM3.a(pwr_common_all.o)
 .comment       0x0000007e       0x7f .pioenvs\bluepill_f103c8_bootloader\libFrameworkLibOpenCM3.a(rcc_common_all.o)
 .comment       0x0000007e       0x7f .pioenvs\bluepill_f103c8_bootloader\libFrameworkLibOpenCM3.a(flash_common_f01.o)
 .comment       0x0000007e       0x7f .pioenvs\bluepill_f103c8_bootloader\libFrameworkLibOpenCM3.a(usb.o)
 .comment       0x0000007e       0x7f .pioenvs\bluepill_f103c8_bootloader\libFrameworkLibOpenCM3.a(usb_control.o)
 .comment       0x0000007e       0x7f .pioenvs\bluepill_f103c8_bootloader\libFrameworkLibOpenCM3.a(usb_standard.o)
 .comment       0x0000007e       0x7f .pioenvs\bluepill_f103c8_bootloader\libFrameworkLibOpenCM3.a(st_usbfs_v1.o)
 .comment       0x0000007e       0x7f .pioenvs\bluepill_f103c8_bootloader\libFrameworkLibOpenCM3.a(vector.o)
 .comment       0x0000007e       0x7f .pioenvs\bluepill_f103c8_bootloader\libFrameworkLibOpenCM3.a(scb.o)
 .comment       0x0000007e       0x7f .pioenvs\bluepill_f103c8_bootloader\libFrameworkLibOpenCM3.a(st_usbfs_core.o)

.ARM.attributes
                0x00000000       0x31
 .ARM.attributes
                0x00000000       0x33 .pioenvs\bluepill_f103c8_bootloader\src\cdc.o
 .ARM.attributes
                0x00000033       0x33 .pioenvs\bluepill_f103c8_bootloader\src\dapboot.o
 .ARM.attributes
                0x00000066       0x33 .pioenvs\bluepill_f103c8_bootloader\src\dfu.o
 .ARM.attributes
                0x00000099       0x33 .pioenvs\bluepill_f103c8_bootloader\src\dmesg.o
 .ARM.attributes
                0x000000cc       0x33 .pioenvs\bluepill_f103c8_bootloader\src\ghostfat.o
 .ARM.attributes
                0x000000ff       0x33 .pioenvs\bluepill_f103c8_bootloader\src\msc.o
 .ARM.attributes
                0x00000132       0x33 .pioenvs\bluepill_f103c8_bootloader\src\stm32f103\backup.o
 .ARM.attributes
                0x00000165       0x33 .pioenvs\bluepill_f103c8_bootloader\src\stm32f103\target_stm32f103.o
 .ARM.attributes
                0x00000198       0x33 .pioenvs\bluepill_f103c8_bootloader\src\usb21_standard.o
 .ARM.attributes
                0x000001cb       0x33 .pioenvs\bluepill_f103c8_bootloader\src\usb_conf.o
 .ARM.attributes
                0x000001fe       0x33 .pioenvs\bluepill_f103c8_bootloader\src\webusb.o
 .ARM.attributes
                0x00000231       0x33 .pioenvs\bluepill_f103c8_bootloader\src\winusb.o
 .ARM.attributes
                0x00000264       0x33 .pioenvs\bluepill_f103c8_bootloader\lib4c2\liblogger.a(logger.o)
 .ARM.attributes
                0x00000297       0x33 .pioenvs\bluepill_f103c8_bootloader\libbe0\libbluepill.a(bluepill.o)
 .ARM.attributes
                0x000002ca       0x33 .pioenvs\bluepill_f103c8_bootloader\libbe0\libbluepill.a(led.o)
 .ARM.attributes
                0x000002fd       0x2d c:/users/guppy/.platformio/packages/toolchain-gccarmnoneeabi/bin/../lib/gcc/arm-none-eabi/7.2.1/../../../../arm-none-eabi/lib/thumb/v7-m\libc.a(lib_a-memcmp.o)
 .ARM.attributes
                0x0000032a       0x1b c:/users/guppy/.platformio/packages/toolchain-gccarmnoneeabi/bin/../lib/gcc/arm-none-eabi/7.2.1/../../../../arm-none-eabi/lib/thumb/v7-m\libc.a(lib_a-memcpy.o)
 .ARM.attributes
                0x00000345       0x2d c:/users/guppy/.platformio/packages/toolchain-gccarmnoneeabi/bin/../lib/gcc/arm-none-eabi/7.2.1/../../../../arm-none-eabi/lib/thumb/v7-m\libc.a(lib_a-memmove.o)
 .ARM.attributes
                0x00000372       0x2d c:/users/guppy/.platformio/packages/toolchain-gccarmnoneeabi/bin/../lib/gcc/arm-none-eabi/7.2.1/../../../../arm-none-eabi/lib/thumb/v7-m\libc.a(lib_a-memset.o)
 .ARM.attributes
                0x0000039f       0x2d c:/users/guppy/.platformio/packages/toolchain-gccarmnoneeabi/bin/../lib/gcc/arm-none-eabi/7.2.1/../../../../arm-none-eabi/lib/thumb/v7-m\libc.a(lib_a-strlen-stub.o)
 .ARM.attributes
                0x000003cc       0x2d c:/users/guppy/.platformio/packages/toolchain-gccarmnoneeabi/bin/../lib/gcc/arm-none-eabi/7.2.1/../../../../arm-none-eabi/lib/thumb/v7-m\libc.a(lib_a-strncat.o)
 .ARM.attributes
                0x000003f9       0x2d c:/users/guppy/.platformio/packages/toolchain-gccarmnoneeabi/bin/../lib/gcc/arm-none-eabi/7.2.1/../../../../arm-none-eabi/lib/thumb/v7-m\libc.a(lib_a-strncpy.o)
 .ARM.attributes
                0x00000426       0x33 .pioenvs\bluepill_f103c8_bootloader\libFrameworkLibOpenCM3.a(desig.o)
 .ARM.attributes
                0x00000459       0x33 .pioenvs\bluepill_f103c8_bootloader\libFrameworkLibOpenCM3.a(flash.o)
 .ARM.attributes
                0x0000048c       0x33 .pioenvs\bluepill_f103c8_bootloader\libFrameworkLibOpenCM3.a(gpio.o)
 .ARM.attributes
                0x000004bf       0x33 .pioenvs\bluepill_f103c8_bootloader\libFrameworkLibOpenCM3.a(rcc.o)
 .ARM.attributes
                0x000004f2       0x33 .pioenvs\bluepill_f103c8_bootloader\libFrameworkLibOpenCM3.a(gpio_common_all.o)
 .ARM.attributes
                0x00000525       0x33 .pioenvs\bluepill_f103c8_bootloader\libFrameworkLibOpenCM3.a(pwr_common_all.o)
 .ARM.attributes
                0x00000558       0x33 .pioenvs\bluepill_f103c8_bootloader\libFrameworkLibOpenCM3.a(rcc_common_all.o)
 .ARM.attributes
                0x0000058b       0x33 .pioenvs\bluepill_f103c8_bootloader\libFrameworkLibOpenCM3.a(flash_common_f01.o)
 .ARM.attributes
                0x000005be       0x33 .pioenvs\bluepill_f103c8_bootloader\libFrameworkLibOpenCM3.a(usb.o)
 .ARM.attributes
                0x000005f1       0x33 .pioenvs\bluepill_f103c8_bootloader\libFrameworkLibOpenCM3.a(usb_control.o)
 .ARM.attributes
                0x00000624       0x33 .pioenvs\bluepill_f103c8_bootloader\libFrameworkLibOpenCM3.a(usb_standard.o)
 .ARM.attributes
                0x00000657       0x33 .pioenvs\bluepill_f103c8_bootloader\libFrameworkLibOpenCM3.a(st_usbfs_v1.o)
 .ARM.attributes
                0x0000068a       0x33 .pioenvs\bluepill_f103c8_bootloader\libFrameworkLibOpenCM3.a(vector.o)
 .ARM.attributes
                0x000006bd       0x33 .pioenvs\bluepill_f103c8_bootloader\libFrameworkLibOpenCM3.a(scb.o)
 .ARM.attributes
                0x000006f0       0x33 .pioenvs\bluepill_f103c8_bootloader\libFrameworkLibOpenCM3.a(st_usbfs_core.o)

.debug_frame    0x00000000      0x138
 .debug_frame   0x00000000       0x38 c:/users/guppy/.platformio/packages/toolchain-gccarmnoneeabi/bin/../lib/gcc/arm-none-eabi/7.2.1/../../../../arm-none-eabi/lib/thumb/v7-m\libc.a(lib_a-memcmp.o)
 .debug_frame   0x00000038       0x40 c:/users/guppy/.platformio/packages/toolchain-gccarmnoneeabi/bin/../lib/gcc/arm-none-eabi/7.2.1/../../../../arm-none-eabi/lib/thumb/v7-m\libc.a(lib_a-memmove.o)
 .debug_frame   0x00000078       0x38 c:/users/guppy/.platformio/packages/toolchain-gccarmnoneeabi/bin/../lib/gcc/arm-none-eabi/7.2.1/../../../../arm-none-eabi/lib/thumb/v7-m\libc.a(lib_a-memset.o)
 .debug_frame   0x000000b0       0x20 c:/users/guppy/.platformio/packages/toolchain-gccarmnoneeabi/bin/../lib/gcc/arm-none-eabi/7.2.1/../../../../arm-none-eabi/lib/thumb/v7-m\libc.a(lib_a-strlen-stub.o)
 .debug_frame   0x000000d0       0x34 c:/users/guppy/.platformio/packages/toolchain-gccarmnoneeabi/bin/../lib/gcc/arm-none-eabi/7.2.1/../../../../arm-none-eabi/lib/thumb/v7-m\libc.a(lib_a-strncat.o)
 .debug_frame   0x00000104       0x34 c:/users/guppy/.platformio/packages/toolchain-gccarmnoneeabi/bin/../lib/gcc/arm-none-eabi/7.2.1/../../../../arm-none-eabi/lib/thumb/v7-m\libc.a(lib_a-strncpy.o)
