Archive member included to satisfy reference by file (symbol)

.pioenvs\bluepill_f103c8_firmware\lib4c2\liblogger.a(logger.o)
                              .pioenvs\bluepill_f103c8_firmware\src\blink\blink.o (debug_flush)
.pioenvs\bluepill_f103c8_firmware\libbe0\libbluepill.a(bluepill.o)
                              .pioenvs\bluepill_f103c8_firmware\src\blink\blink.o (platform_setup)
.pioenvs\bluepill_f103c8_firmware\libbe0\libbluepill.a(led.o)
                              .pioenvs\bluepill_f103c8_firmware\libbe0\libbluepill.a(bluepill.o) (led_setup)
c:/users/guppy/.platformio/packages/toolchain-gccarmnoneeabi/bin/../lib/gcc/arm-none-eabi/7.2.1/../../../../arm-none-eabi/lib/thumb/v7-m\libc.a(lib_a-malloc.o)
                              .pioenvs\bluepill_f103c8_firmware\libbe0\libbluepill.a(bluepill.o) (malloc)
c:/users/guppy/.platformio/packages/toolchain-gccarmnoneeabi/bin/../lib/gcc/arm-none-eabi/7.2.1/../../../../arm-none-eabi/lib/thumb/v7-m\libc.a(lib_a-mallocr.o)
                              c:/users/guppy/.platformio/packages/toolchain-gccarmnoneeabi/bin/../lib/gcc/arm-none-eabi/7.2.1/../../../../arm-none-eabi/lib/thumb/v7-m\libc.a(lib_a-malloc.o) (_malloc_r)
c:/users/guppy/.platformio/packages/toolchain-gccarmnoneeabi/bin/../lib/gcc/arm-none-eabi/7.2.1/../../../../arm-none-eabi/lib/thumb/v7-m\libc.a(lib_a-mlock.o)
                              c:/users/guppy/.platformio/packages/toolchain-gccarmnoneeabi/bin/../lib/gcc/arm-none-eabi/7.2.1/../../../../arm-none-eabi/lib/thumb/v7-m\libc.a(lib_a-mallocr.o) (__malloc_lock)
c:/users/guppy/.platformio/packages/toolchain-gccarmnoneeabi/bin/../lib/gcc/arm-none-eabi/7.2.1/../../../../arm-none-eabi/lib/thumb/v7-m\libc.a(lib_a-sbrkr.o)
                              c:/users/guppy/.platformio/packages/toolchain-gccarmnoneeabi/bin/../lib/gcc/arm-none-eabi/7.2.1/../../../../arm-none-eabi/lib/thumb/v7-m\libc.a(lib_a-mallocr.o) (_sbrk_r)
c:/users/guppy/.platformio/packages/toolchain-gccarmnoneeabi/bin/../lib/gcc/arm-none-eabi/7.2.1/../../../../arm-none-eabi/lib/thumb/v7-m\libc.a(lib_a-strlen-stub.o)
                              .pioenvs\bluepill_f103c8_firmware\lib4c2\liblogger.a(logger.o) (strlen)
c:/users/guppy/.platformio/packages/toolchain-gccarmnoneeabi/bin/../lib/gcc/arm-none-eabi/7.2.1/../../../../arm-none-eabi/lib/thumb/v7-m\libc.a(lib_a-strncat.o)
                              .pioenvs\bluepill_f103c8_firmware\lib4c2\liblogger.a(logger.o) (strncat)
c:/users/guppy/.platformio/packages/toolchain-gccarmnoneeabi/bin/../lib/gcc/arm-none-eabi/7.2.1/../../../../arm-none-eabi/lib/thumb/v7-m\libc.a(lib_a-freer.o)
                              c:/users/guppy/.platformio/packages/toolchain-gccarmnoneeabi/bin/../lib/gcc/arm-none-eabi/7.2.1/../../../../arm-none-eabi/lib/thumb/v7-m\libc.a(lib_a-malloc.o) (_free_r)
c:/users/guppy/.platformio/packages/toolchain-gccarmnoneeabi/bin/../lib/gcc/arm-none-eabi/7.2.1/../../../../arm-none-eabi/lib/thumb/v7-m\libc.a(lib_a-impure.o)
                              c:/users/guppy/.platformio/packages/toolchain-gccarmnoneeabi/bin/../lib/gcc/arm-none-eabi/7.2.1/../../../../arm-none-eabi/lib/thumb/v7-m\libc.a(lib_a-malloc.o) (_impure_ptr)
c:/users/guppy/.platformio/packages/toolchain-gccarmnoneeabi/bin/../lib/gcc/arm-none-eabi/7.2.1/../../../../arm-none-eabi/lib/thumb/v7-m\libc.a(lib_a-lock.o)
                              c:/users/guppy/.platformio/packages/toolchain-gccarmnoneeabi/bin/../lib/gcc/arm-none-eabi/7.2.1/../../../../arm-none-eabi/lib/thumb/v7-m\libc.a(lib_a-mlock.o) (__retarget_lock_acquire_recursive)
c:/users/guppy/.platformio/packages/toolchain-gccarmnoneeabi/bin/../lib/gcc/arm-none-eabi/7.2.1/../../../../arm-none-eabi/lib/thumb/v7-m\libc.a(lib_a-reent.o)
                              c:/users/guppy/.platformio/packages/toolchain-gccarmnoneeabi/bin/../lib/gcc/arm-none-eabi/7.2.1/../../../../arm-none-eabi/lib/thumb/v7-m\libc.a(lib_a-sbrkr.o) (errno)
c:/users/guppy/.platformio/packages/toolchain-gccarmnoneeabi/bin/../lib/gcc/arm-none-eabi/7.2.1/thumb/v7-m\libgcc.a(_arm_muldivsf3.o)
                              .pioenvs\bluepill_f103c8_firmware\lib4c2\liblogger.a(logger.o) (__aeabi_fmul)
c:/users/guppy/.platformio/packages/toolchain-gccarmnoneeabi/bin/../lib/gcc/arm-none-eabi/7.2.1/thumb/v7-m\libgcc.a(_arm_cmpsf2.o)
                              .pioenvs\bluepill_f103c8_firmware\lib4c2\liblogger.a(logger.o) (__aeabi_fcmpeq)
c:/users/guppy/.platformio/packages/toolchain-gccarmnoneeabi/bin/../lib/gcc/arm-none-eabi/7.2.1/thumb/v7-m\libgcc.a(_arm_fixunssfsi.o)
                              .pioenvs\bluepill_f103c8_firmware\lib4c2\liblogger.a(logger.o) (__aeabi_f2uiz)
c:/users/guppy/.platformio/packages/toolchain-gccarmnoneeabi/bin/../lib/gcc/arm-none-eabi/7.2.1/../../../../arm-none-eabi/lib/thumb/v7-m\libnosys.a(sbrk.o)
                              c:/users/guppy/.platformio/packages/toolchain-gccarmnoneeabi/bin/../lib/gcc/arm-none-eabi/7.2.1/../../../../arm-none-eabi/lib/thumb/v7-m\libc.a(lib_a-sbrkr.o) (_sbrk)
.pioenvs\bluepill_f103c8_firmware\libFrameworkLibOpenCM3.a(desig.o)
                              .pioenvs\bluepill_f103c8_firmware\src\stm32f103\target_stm32f103.o (desig_get_unique_id_as_string)
.pioenvs\bluepill_f103c8_firmware\libFrameworkLibOpenCM3.a(flash.o)
                              .pioenvs\bluepill_f103c8_firmware\src\stm32f103\target_stm32f103.o (flash_program_half_word)
.pioenvs\bluepill_f103c8_firmware\libFrameworkLibOpenCM3.a(gpio.o)
                              .pioenvs\bluepill_f103c8_firmware\src\stm32f103\target_stm32f103.o (gpio_set_mode)
.pioenvs\bluepill_f103c8_firmware\libFrameworkLibOpenCM3.a(rcc.o)
                              .pioenvs\bluepill_f103c8_firmware\src\stm32f103\target_stm32f103.o (rcc_clock_setup_in_hse_8mhz_out_72mhz)
.pioenvs\bluepill_f103c8_firmware\libFrameworkLibOpenCM3.a(gpio_common_all.o)
                              .pioenvs\bluepill_f103c8_firmware\src\stm32f103\target_stm32f103.o (gpio_set)
.pioenvs\bluepill_f103c8_firmware\libFrameworkLibOpenCM3.a(rcc_common_all.o)
                              .pioenvs\bluepill_f103c8_firmware\src\stm32f103\target_stm32f103.o (rcc_periph_clock_enable)
.pioenvs\bluepill_f103c8_firmware\libFrameworkLibOpenCM3.a(flash_common_f01.o)
                              .pioenvs\bluepill_f103c8_firmware\libFrameworkLibOpenCM3.a(rcc.o) (flash_set_ws)
.pioenvs\bluepill_f103c8_firmware\libFrameworkLibOpenCM3.a(st_usbfs_v1.o)
                              .pioenvs\bluepill_f103c8_firmware\src\stm32f103\target_stm32f103.o (st_usbfs_v1_usb_driver)
.pioenvs\bluepill_f103c8_firmware\libFrameworkLibOpenCM3.a(vector.o)
                              (reset_handler)
.pioenvs\bluepill_f103c8_firmware\libFrameworkLibOpenCM3.a(scb.o)
                              .pioenvs\bluepill_f103c8_firmware\src\stm32f103\target_stm32f103.o (scb_reset_system)
.pioenvs\bluepill_f103c8_firmware\libFrameworkLibOpenCM3.a(assert.o)
                              .pioenvs\bluepill_f103c8_firmware\libFrameworkLibOpenCM3.a(rcc.o) (cm3_assert_failed)
.pioenvs\bluepill_f103c8_firmware\libFrameworkLibOpenCM3.a(st_usbfs_core.o)
                              .pioenvs\bluepill_f103c8_firmware\libFrameworkLibOpenCM3.a(st_usbfs_v1.o) (st_usbfs_set_address)
.pioenvs\bluepill_f103c8_firmware\libFrameworkLibOpenCM3.a(usb.o)
                              .pioenvs\bluepill_f103c8_firmware\libFrameworkLibOpenCM3.a(st_usbfs_core.o) (_usbd_reset)
.pioenvs\bluepill_f103c8_firmware\libFrameworkLibOpenCM3.a(usb_control.o)
                              .pioenvs\bluepill_f103c8_firmware\libFrameworkLibOpenCM3.a(usb.o) (_usbd_control_setup)
.pioenvs\bluepill_f103c8_firmware\libFrameworkLibOpenCM3.a(usb_standard.o)
                              .pioenvs\bluepill_f103c8_firmware\libFrameworkLibOpenCM3.a(usb_control.o) (_usbd_standard_request)
c:/users/guppy/.platformio/packages/toolchain-gccarmnoneeabi/bin/../lib/gcc/arm-none-eabi/7.2.1/../../../../arm-none-eabi/lib/thumb/v7-m\libc.a(lib_a-memcpy.o)
                              .pioenvs\bluepill_f103c8_firmware\libFrameworkLibOpenCM3.a(usb_standard.o) (memcpy)

Allocating common symbols
Common symbol       size              file

__lock___atexit_recursive_mutex
                    0x1               c:/users/guppy/.platformio/packages/toolchain-gccarmnoneeabi/bin/../lib/gcc/arm-none-eabi/7.2.1/../../../../arm-none-eabi/lib/thumb/v7-m\libc.a(lib_a-lock.o)
__lock___arc4random_mutex
                    0x1               c:/users/guppy/.platformio/packages/toolchain-gccarmnoneeabi/bin/../lib/gcc/arm-none-eabi/7.2.1/../../../../arm-none-eabi/lib/thumb/v7-m\libc.a(lib_a-lock.o)
errno               0x4               c:/users/guppy/.platformio/packages/toolchain-gccarmnoneeabi/bin/../lib/gcc/arm-none-eabi/7.2.1/../../../../arm-none-eabi/lib/thumb/v7-m\libc.a(lib_a-reent.o)
__lock___env_recursive_mutex
                    0x1               c:/users/guppy/.platformio/packages/toolchain-gccarmnoneeabi/bin/../lib/gcc/arm-none-eabi/7.2.1/../../../../arm-none-eabi/lib/thumb/v7-m\libc.a(lib_a-lock.o)
__lock___sinit_recursive_mutex
                    0x1               c:/users/guppy/.platformio/packages/toolchain-gccarmnoneeabi/bin/../lib/gcc/arm-none-eabi/7.2.1/../../../../arm-none-eabi/lib/thumb/v7-m\libc.a(lib_a-lock.o)
__lock___malloc_recursive_mutex
                    0x1               c:/users/guppy/.platformio/packages/toolchain-gccarmnoneeabi/bin/../lib/gcc/arm-none-eabi/7.2.1/../../../../arm-none-eabi/lib/thumb/v7-m\libc.a(lib_a-lock.o)
__lock___at_quick_exit_mutex
                    0x1               c:/users/guppy/.platformio/packages/toolchain-gccarmnoneeabi/bin/../lib/gcc/arm-none-eabi/7.2.1/../../../../arm-none-eabi/lib/thumb/v7-m\libc.a(lib_a-lock.o)
__lock___dd_hash_mutex
                    0x1               c:/users/guppy/.platformio/packages/toolchain-gccarmnoneeabi/bin/../lib/gcc/arm-none-eabi/7.2.1/../../../../arm-none-eabi/lib/thumb/v7-m\libc.a(lib_a-lock.o)
__lock___tz_mutex   0x1               c:/users/guppy/.platformio/packages/toolchain-gccarmnoneeabi/bin/../lib/gcc/arm-none-eabi/7.2.1/../../../../arm-none-eabi/lib/thumb/v7-m\libc.a(lib_a-lock.o)
st_usbfs_dev        0xf8              .pioenvs\bluepill_f103c8_firmware\libFrameworkLibOpenCM3.a(st_usbfs_core.o)
__lock___sfp_recursive_mutex
                    0x1               c:/users/guppy/.platformio/packages/toolchain-gccarmnoneeabi/bin/../lib/gcc/arm-none-eabi/7.2.1/../../../../arm-none-eabi/lib/thumb/v7-m\libc.a(lib_a-lock.o)
st_usbfs_force_nak  0x8               .pioenvs\bluepill_f103c8_firmware\libFrameworkLibOpenCM3.a(st_usbfs_core.o)

Discarded input sections

 .text          0x00000000        0x0 .pioenvs\bluepill_f103c8_firmware\src\blink\blink.o
 .data          0x00000000        0x0 .pioenvs\bluepill_f103c8_firmware\src\blink\blink.o
 .bss           0x00000000        0x0 .pioenvs\bluepill_f103c8_firmware\src\blink\blink.o
 .text          0x00000000        0x0 .pioenvs\bluepill_f103c8_firmware\src\stm32f103\backup.o
 .data          0x00000000        0x0 .pioenvs\bluepill_f103c8_firmware\src\stm32f103\backup.o
 .bss           0x00000000        0x0 .pioenvs\bluepill_f103c8_firmware\src\stm32f103\backup.o
 .text.backup_write
                0x00000000        0xc .pioenvs\bluepill_f103c8_firmware\src\stm32f103\backup.o
 .text.backup_read
                0x00000000        0xc .pioenvs\bluepill_f103c8_firmware\src\stm32f103\backup.o
 .comment       0x00000000       0x7f .pioenvs\bluepill_f103c8_firmware\src\stm32f103\backup.o
 .ARM.attributes
                0x00000000       0x33 .pioenvs\bluepill_f103c8_firmware\src\stm32f103\backup.o
 .text          0x00000000        0x0 .pioenvs\bluepill_f103c8_firmware\src\stm32f103\target_stm32f103.o
 .data          0x00000000        0x0 .pioenvs\bluepill_f103c8_firmware\src\stm32f103\target_stm32f103.o
 .bss           0x00000000        0x0 .pioenvs\bluepill_f103c8_firmware\src\stm32f103\target_stm32f103.o
 .text.target_clock_setup
                0x00000000        0x4 .pioenvs\bluepill_f103c8_firmware\src\stm32f103\target_stm32f103.o
 .text.target_usb_init
                0x00000000       0x2c .pioenvs\bluepill_f103c8_firmware\src\stm32f103\target_stm32f103.o
 .text.target_manifest_app
                0x00000000       0x14 .pioenvs\bluepill_f103c8_firmware\src\stm32f103\target_stm32f103.o
 .text.target_get_force_app
                0x00000000       0x24 .pioenvs\bluepill_f103c8_firmware\src\stm32f103\target_stm32f103.o
 .text.target_get_force_bootloader
                0x00000000       0x34 .pioenvs\bluepill_f103c8_firmware\src\stm32f103\target_stm32f103.o
 .text.target_get_serial_number
                0x00000000        0x6 .pioenvs\bluepill_f103c8_firmware\src\stm32f103\target_stm32f103.o
 .text.target_get_max_firmware_size
                0x00000000        0x6 .pioenvs\bluepill_f103c8_firmware\src\stm32f103\target_stm32f103.o
 .text.target_relocate_vector_table
                0x00000000       0x10 .pioenvs\bluepill_f103c8_firmware\src\stm32f103\target_stm32f103.o
 .text.target_flash_unlock
                0x00000000        0x4 .pioenvs\bluepill_f103c8_firmware\src\stm32f103\target_stm32f103.o
 .text.target_flash_lock
                0x00000000        0x4 .pioenvs\bluepill_f103c8_firmware\src\stm32f103\target_stm32f103.o
 .text.target_flash_program_array
                0x00000000       0x70 .pioenvs\bluepill_f103c8_firmware\src\stm32f103\target_stm32f103.o
 .bss.erase_end.5398
                0x00000000        0x4 .pioenvs\bluepill_f103c8_firmware\src\stm32f103\target_stm32f103.o
 .bss.erase_start.5397
                0x00000000        0x4 .pioenvs\bluepill_f103c8_firmware\src\stm32f103\target_stm32f103.o
 .text          0x00000000        0x0 .pioenvs\bluepill_f103c8_firmware\lib4c2\liblogger.a(logger.o)
 .data          0x00000000        0x0 .pioenvs\bluepill_f103c8_firmware\lib4c2\liblogger.a(logger.o)
 .bss           0x00000000        0x0 .pioenvs\bluepill_f103c8_firmware\lib4c2\liblogger.a(logger.o)
 .text.disable_log
                0x00000000       0x14 .pioenvs\bluepill_f103c8_firmware\lib4c2\liblogger.a(logger.o)
 .text.debug_begin
                0x00000000        0x2 .pioenvs\bluepill_f103c8_firmware\lib4c2\liblogger.a(logger.o)
 .text.debug_write
                0x00000000       0x16 .pioenvs\bluepill_f103c8_firmware\lib4c2\liblogger.a(logger.o)
 .text._Z11debug_printj
                0x00000000       0x7c .pioenvs\bluepill_f103c8_firmware\lib4c2\liblogger.a(logger.o)
 .text._Z11debug_printi
                0x00000000       0x30 .pioenvs\bluepill_f103c8_firmware\lib4c2\liblogger.a(logger.o)
 .text._Z11debug_printf
                0x00000000       0x88 .pioenvs\bluepill_f103c8_firmware\lib4c2\liblogger.a(logger.o)
 .text._Z11debug_printc
                0x00000000       0x16 .pioenvs\bluepill_f103c8_firmware\lib4c2\liblogger.a(logger.o)
 .text._Z13debug_printlni
                0x00000000       0x18 .pioenvs\bluepill_f103c8_firmware\lib4c2\liblogger.a(logger.o)
 .text._Z13debug_printlnj
                0x00000000       0x18 .pioenvs\bluepill_f103c8_firmware\lib4c2\liblogger.a(logger.o)
 .text._Z13debug_printlnc
                0x00000000       0x18 .pioenvs\bluepill_f103c8_firmware\lib4c2\liblogger.a(logger.o)
 .text._Z13debug_printlnf
                0x00000000       0x18 .pioenvs\bluepill_f103c8_firmware\lib4c2\liblogger.a(logger.o)
 .text.debug_print_int
                0x00000000        0x4 .pioenvs\bluepill_f103c8_firmware\lib4c2\liblogger.a(logger.o)
 .text.debug_print_unsigned
                0x00000000        0x4 .pioenvs\bluepill_f103c8_firmware\lib4c2\liblogger.a(logger.o)
 .text.debug_print_char
                0x00000000        0x4 .pioenvs\bluepill_f103c8_firmware\lib4c2\liblogger.a(logger.o)
 .text.debug_print_float
                0x00000000        0x4 .pioenvs\bluepill_f103c8_firmware\lib4c2\liblogger.a(logger.o)
 .text.debug_printhex
                0x00000000       0x42 .pioenvs\bluepill_f103c8_firmware\lib4c2\liblogger.a(logger.o)
 .rodata._Z11debug_printf.str1.1
                0x00000000        0x7 .pioenvs\bluepill_f103c8_firmware\lib4c2\liblogger.a(logger.o)
 .rodata._Z11debug_printi.str1.1
                0x00000000        0x4 .pioenvs\bluepill_f103c8_firmware\lib4c2\liblogger.a(logger.o)
 .rodata._Z11debug_printj.str1.1
                0x00000000        0xb .pioenvs\bluepill_f103c8_firmware\lib4c2\liblogger.a(logger.o)
 .text          0x00000000        0x0 .pioenvs\bluepill_f103c8_firmware\libbe0\libbluepill.a(bluepill.o)
 .data          0x00000000        0x0 .pioenvs\bluepill_f103c8_firmware\libbe0\libbluepill.a(bluepill.o)
 .bss           0x00000000        0x0 .pioenvs\bluepill_f103c8_firmware\libbe0\libbluepill.a(bluepill.o)
 .text.disable_debug
                0x00000000       0x10 .pioenvs\bluepill_f103c8_firmware\libbe0\libbluepill.a(bluepill.o)
 .text.convert_pin_to_port
                0x00000000       0x14 .pioenvs\bluepill_f103c8_firmware\libbe0\libbluepill.a(bluepill.o)
 .text.convert_port_to_pin
                0x00000000       0x4c .pioenvs\bluepill_f103c8_firmware\libbe0\libbluepill.a(bluepill.o)
 .text._Z17target_enable_irqv
                0x00000000        0x4 .pioenvs\bluepill_f103c8_firmware\libbe0\libbluepill.a(bluepill.o)
 .text._Z18target_disable_irqv
                0x00000000        0x4 .pioenvs\bluepill_f103c8_firmware\libbe0\libbluepill.a(bluepill.o)
 .text._Z12target_panici
                0x00000000       0x20 .pioenvs\bluepill_f103c8_firmware\libbe0\libbluepill.a(bluepill.o)
 .text.__cxa_pure_virtual
                0x00000000        0xc .pioenvs\bluepill_f103c8_firmware\libbe0\libbluepill.a(bluepill.o)
 .text._Znwj    0x00000000        0x4 .pioenvs\bluepill_f103c8_firmware\libbe0\libbluepill.a(bluepill.o)
 .text._ZdlPv   0x00000000        0x4 .pioenvs\bluepill_f103c8_firmware\libbe0\libbluepill.a(bluepill.o)
 .rodata._Z12target_panici.str1.1
                0x00000000       0x13 .pioenvs\bluepill_f103c8_firmware\libbe0\libbluepill.a(bluepill.o)
 .rodata._ZL7allPins
                0x00000000       0x1c .pioenvs\bluepill_f103c8_firmware\libbe0\libbluepill.a(bluepill.o)
 .text          0x00000000        0x0 .pioenvs\bluepill_f103c8_firmware\libbe0\libbluepill.a(led.o)
 .data          0x00000000        0x0 .pioenvs\bluepill_f103c8_firmware\libbe0\libbluepill.a(led.o)
 .bss           0x00000000        0x0 .pioenvs\bluepill_f103c8_firmware\libbe0\libbluepill.a(led.o)
 .text.led_toggle
                0x00000000       0x10 .pioenvs\bluepill_f103c8_firmware\libbe0\libbluepill.a(led.o)
 .text          0x00000000        0x0 c:/users/guppy/.platformio/packages/toolchain-gccarmnoneeabi/bin/../lib/gcc/arm-none-eabi/7.2.1/../../../../arm-none-eabi/lib/thumb/v7-m\libc.a(lib_a-malloc.o)
 .data          0x00000000        0x0 c:/users/guppy/.platformio/packages/toolchain-gccarmnoneeabi/bin/../lib/gcc/arm-none-eabi/7.2.1/../../../../arm-none-eabi/lib/thumb/v7-m\libc.a(lib_a-malloc.o)
 .bss           0x00000000        0x0 c:/users/guppy/.platformio/packages/toolchain-gccarmnoneeabi/bin/../lib/gcc/arm-none-eabi/7.2.1/../../../../arm-none-eabi/lib/thumb/v7-m\libc.a(lib_a-malloc.o)
 .text.malloc   0x00000000       0x10 c:/users/guppy/.platformio/packages/toolchain-gccarmnoneeabi/bin/../lib/gcc/arm-none-eabi/7.2.1/../../../../arm-none-eabi/lib/thumb/v7-m\libc.a(lib_a-malloc.o)
 .text.free     0x00000000       0x10 c:/users/guppy/.platformio/packages/toolchain-gccarmnoneeabi/bin/../lib/gcc/arm-none-eabi/7.2.1/../../../../arm-none-eabi/lib/thumb/v7-m\libc.a(lib_a-malloc.o)
 .debug_frame   0x00000000       0x30 c:/users/guppy/.platformio/packages/toolchain-gccarmnoneeabi/bin/../lib/gcc/arm-none-eabi/7.2.1/../../../../arm-none-eabi/lib/thumb/v7-m\libc.a(lib_a-malloc.o)
 .ARM.attributes
                0x00000000       0x2d c:/users/guppy/.platformio/packages/toolchain-gccarmnoneeabi/bin/../lib/gcc/arm-none-eabi/7.2.1/../../../../arm-none-eabi/lib/thumb/v7-m\libc.a(lib_a-malloc.o)
 .text          0x00000000        0x0 c:/users/guppy/.platformio/packages/toolchain-gccarmnoneeabi/bin/../lib/gcc/arm-none-eabi/7.2.1/../../../../arm-none-eabi/lib/thumb/v7-m\libc.a(lib_a-mallocr.o)
 .data          0x00000000        0x0 c:/users/guppy/.platformio/packages/toolchain-gccarmnoneeabi/bin/../lib/gcc/arm-none-eabi/7.2.1/../../../../arm-none-eabi/lib/thumb/v7-m\libc.a(lib_a-mallocr.o)
 .bss           0x00000000        0x0 c:/users/guppy/.platformio/packages/toolchain-gccarmnoneeabi/bin/../lib/gcc/arm-none-eabi/7.2.1/../../../../arm-none-eabi/lib/thumb/v7-m\libc.a(lib_a-mallocr.o)
 .text._malloc_r
                0x00000000      0x524 c:/users/guppy/.platformio/packages/toolchain-gccarmnoneeabi/bin/../lib/gcc/arm-none-eabi/7.2.1/../../../../arm-none-eabi/lib/thumb/v7-m\libc.a(lib_a-mallocr.o)
 .bss.__malloc_current_mallinfo
                0x00000000       0x28 c:/users/guppy/.platformio/packages/toolchain-gccarmnoneeabi/bin/../lib/gcc/arm-none-eabi/7.2.1/../../../../arm-none-eabi/lib/thumb/v7-m\libc.a(lib_a-mallocr.o)
 .bss.__malloc_max_sbrked_mem
                0x00000000        0x4 c:/users/guppy/.platformio/packages/toolchain-gccarmnoneeabi/bin/../lib/gcc/arm-none-eabi/7.2.1/../../../../arm-none-eabi/lib/thumb/v7-m\libc.a(lib_a-mallocr.o)
 .bss.__malloc_max_total_mem
                0x00000000        0x4 c:/users/guppy/.platformio/packages/toolchain-gccarmnoneeabi/bin/../lib/gcc/arm-none-eabi/7.2.1/../../../../arm-none-eabi/lib/thumb/v7-m\libc.a(lib_a-mallocr.o)
 .bss.__malloc_top_pad
                0x00000000        0x4 c:/users/guppy/.platformio/packages/toolchain-gccarmnoneeabi/bin/../lib/gcc/arm-none-eabi/7.2.1/../../../../arm-none-eabi/lib/thumb/v7-m\libc.a(lib_a-mallocr.o)
 .data.__malloc_av_
                0x00000000      0x408 c:/users/guppy/.platformio/packages/toolchain-gccarmnoneeabi/bin/../lib/gcc/arm-none-eabi/7.2.1/../../../../arm-none-eabi/lib/thumb/v7-m\libc.a(lib_a-mallocr.o)
 .data.__malloc_sbrk_base
                0x00000000        0x4 c:/users/guppy/.platformio/packages/toolchain-gccarmnoneeabi/bin/../lib/gcc/arm-none-eabi/7.2.1/../../../../arm-none-eabi/lib/thumb/v7-m\libc.a(lib_a-mallocr.o)
 .data.__malloc_trim_threshold
                0x00000000        0x4 c:/users/guppy/.platformio/packages/toolchain-gccarmnoneeabi/bin/../lib/gcc/arm-none-eabi/7.2.1/../../../../arm-none-eabi/lib/thumb/v7-m\libc.a(lib_a-mallocr.o)
 .debug_frame   0x00000000       0x4c c:/users/guppy/.platformio/packages/toolchain-gccarmnoneeabi/bin/../lib/gcc/arm-none-eabi/7.2.1/../../../../arm-none-eabi/lib/thumb/v7-m\libc.a(lib_a-mallocr.o)
 .ARM.attributes
                0x00000000       0x2d c:/users/guppy/.platformio/packages/toolchain-gccarmnoneeabi/bin/../lib/gcc/arm-none-eabi/7.2.1/../../../../arm-none-eabi/lib/thumb/v7-m\libc.a(lib_a-mallocr.o)
 .text          0x00000000        0x0 c:/users/guppy/.platformio/packages/toolchain-gccarmnoneeabi/bin/../lib/gcc/arm-none-eabi/7.2.1/../../../../arm-none-eabi/lib/thumb/v7-m\libc.a(lib_a-mlock.o)
 .data          0x00000000        0x0 c:/users/guppy/.platformio/packages/toolchain-gccarmnoneeabi/bin/../lib/gcc/arm-none-eabi/7.2.1/../../../../arm-none-eabi/lib/thumb/v7-m\libc.a(lib_a-mlock.o)
 .bss           0x00000000        0x0 c:/users/guppy/.platformio/packages/toolchain-gccarmnoneeabi/bin/../lib/gcc/arm-none-eabi/7.2.1/../../../../arm-none-eabi/lib/thumb/v7-m\libc.a(lib_a-mlock.o)
 .text.__malloc_lock
                0x00000000        0xc c:/users/guppy/.platformio/packages/toolchain-gccarmnoneeabi/bin/../lib/gcc/arm-none-eabi/7.2.1/../../../../arm-none-eabi/lib/thumb/v7-m\libc.a(lib_a-mlock.o)
 .text.__malloc_unlock
                0x00000000        0xc c:/users/guppy/.platformio/packages/toolchain-gccarmnoneeabi/bin/../lib/gcc/arm-none-eabi/7.2.1/../../../../arm-none-eabi/lib/thumb/v7-m\libc.a(lib_a-mlock.o)
 .debug_frame   0x00000000       0x30 c:/users/guppy/.platformio/packages/toolchain-gccarmnoneeabi/bin/../lib/gcc/arm-none-eabi/7.2.1/../../../../arm-none-eabi/lib/thumb/v7-m\libc.a(lib_a-mlock.o)
 .ARM.attributes
                0x00000000       0x2d c:/users/guppy/.platformio/packages/toolchain-gccarmnoneeabi/bin/../lib/gcc/arm-none-eabi/7.2.1/../../../../arm-none-eabi/lib/thumb/v7-m\libc.a(lib_a-mlock.o)
 .text          0x00000000        0x0 c:/users/guppy/.platformio/packages/toolchain-gccarmnoneeabi/bin/../lib/gcc/arm-none-eabi/7.2.1/../../../../arm-none-eabi/lib/thumb/v7-m\libc.a(lib_a-sbrkr.o)
 .data          0x00000000        0x0 c:/users/guppy/.platformio/packages/toolchain-gccarmnoneeabi/bin/../lib/gcc/arm-none-eabi/7.2.1/../../../../arm-none-eabi/lib/thumb/v7-m\libc.a(lib_a-sbrkr.o)
 .bss           0x00000000        0x0 c:/users/guppy/.platformio/packages/toolchain-gccarmnoneeabi/bin/../lib/gcc/arm-none-eabi/7.2.1/../../../../arm-none-eabi/lib/thumb/v7-m\libc.a(lib_a-sbrkr.o)
 .text._sbrk_r  0x00000000       0x24 c:/users/guppy/.platformio/packages/toolchain-gccarmnoneeabi/bin/../lib/gcc/arm-none-eabi/7.2.1/../../../../arm-none-eabi/lib/thumb/v7-m\libc.a(lib_a-sbrkr.o)
 .debug_frame   0x00000000       0x2c c:/users/guppy/.platformio/packages/toolchain-gccarmnoneeabi/bin/../lib/gcc/arm-none-eabi/7.2.1/../../../../arm-none-eabi/lib/thumb/v7-m\libc.a(lib_a-sbrkr.o)
 .ARM.attributes
                0x00000000       0x2d c:/users/guppy/.platformio/packages/toolchain-gccarmnoneeabi/bin/../lib/gcc/arm-none-eabi/7.2.1/../../../../arm-none-eabi/lib/thumb/v7-m\libc.a(lib_a-sbrkr.o)
 .text          0x00000000        0x0 c:/users/guppy/.platformio/packages/toolchain-gccarmnoneeabi/bin/../lib/gcc/arm-none-eabi/7.2.1/../../../../arm-none-eabi/lib/thumb/v7-m\libc.a(lib_a-strlen-stub.o)
 .data          0x00000000        0x0 c:/users/guppy/.platformio/packages/toolchain-gccarmnoneeabi/bin/../lib/gcc/arm-none-eabi/7.2.1/../../../../arm-none-eabi/lib/thumb/v7-m\libc.a(lib_a-strlen-stub.o)
 .bss           0x00000000        0x0 c:/users/guppy/.platformio/packages/toolchain-gccarmnoneeabi/bin/../lib/gcc/arm-none-eabi/7.2.1/../../../../arm-none-eabi/lib/thumb/v7-m\libc.a(lib_a-strlen-stub.o)
 .text          0x00000000        0x0 c:/users/guppy/.platformio/packages/toolchain-gccarmnoneeabi/bin/../lib/gcc/arm-none-eabi/7.2.1/../../../../arm-none-eabi/lib/thumb/v7-m\libc.a(lib_a-strncat.o)
 .data          0x00000000        0x0 c:/users/guppy/.platformio/packages/toolchain-gccarmnoneeabi/bin/../lib/gcc/arm-none-eabi/7.2.1/../../../../arm-none-eabi/lib/thumb/v7-m\libc.a(lib_a-strncat.o)
 .bss           0x00000000        0x0 c:/users/guppy/.platformio/packages/toolchain-gccarmnoneeabi/bin/../lib/gcc/arm-none-eabi/7.2.1/../../../../arm-none-eabi/lib/thumb/v7-m\libc.a(lib_a-strncat.o)
 .text          0x00000000        0x0 c:/users/guppy/.platformio/packages/toolchain-gccarmnoneeabi/bin/../lib/gcc/arm-none-eabi/7.2.1/../../../../arm-none-eabi/lib/thumb/v7-m\libc.a(lib_a-freer.o)
 .data          0x00000000        0x0 c:/users/guppy/.platformio/packages/toolchain-gccarmnoneeabi/bin/../lib/gcc/arm-none-eabi/7.2.1/../../../../arm-none-eabi/lib/thumb/v7-m\libc.a(lib_a-freer.o)
 .bss           0x00000000        0x0 c:/users/guppy/.platformio/packages/toolchain-gccarmnoneeabi/bin/../lib/gcc/arm-none-eabi/7.2.1/../../../../arm-none-eabi/lib/thumb/v7-m\libc.a(lib_a-freer.o)
 .text._malloc_trim_r
                0x00000000       0xa0 c:/users/guppy/.platformio/packages/toolchain-gccarmnoneeabi/bin/../lib/gcc/arm-none-eabi/7.2.1/../../../../arm-none-eabi/lib/thumb/v7-m\libc.a(lib_a-freer.o)
 .text._free_r  0x00000000      0x1e8 c:/users/guppy/.platformio/packages/toolchain-gccarmnoneeabi/bin/../lib/gcc/arm-none-eabi/7.2.1/../../../../arm-none-eabi/lib/thumb/v7-m\libc.a(lib_a-freer.o)
 .debug_frame   0x00000000       0x80 c:/users/guppy/.platformio/packages/toolchain-gccarmnoneeabi/bin/../lib/gcc/arm-none-eabi/7.2.1/../../../../arm-none-eabi/lib/thumb/v7-m\libc.a(lib_a-freer.o)
 .ARM.attributes
                0x00000000       0x2d c:/users/guppy/.platformio/packages/toolchain-gccarmnoneeabi/bin/../lib/gcc/arm-none-eabi/7.2.1/../../../../arm-none-eabi/lib/thumb/v7-m\libc.a(lib_a-freer.o)
 .text          0x00000000        0x0 c:/users/guppy/.platformio/packages/toolchain-gccarmnoneeabi/bin/../lib/gcc/arm-none-eabi/7.2.1/../../../../arm-none-eabi/lib/thumb/v7-m\libc.a(lib_a-impure.o)
 .data          0x00000000        0x0 c:/users/guppy/.platformio/packages/toolchain-gccarmnoneeabi/bin/../lib/gcc/arm-none-eabi/7.2.1/../../../../arm-none-eabi/lib/thumb/v7-m\libc.a(lib_a-impure.o)
 .bss           0x00000000        0x0 c:/users/guppy/.platformio/packages/toolchain-gccarmnoneeabi/bin/../lib/gcc/arm-none-eabi/7.2.1/../../../../arm-none-eabi/lib/thumb/v7-m\libc.a(lib_a-impure.o)
 .data._impure_ptr
                0x00000000        0x4 c:/users/guppy/.platformio/packages/toolchain-gccarmnoneeabi/bin/../lib/gcc/arm-none-eabi/7.2.1/../../../../arm-none-eabi/lib/thumb/v7-m\libc.a(lib_a-impure.o)
 .data.impure_data
                0x00000000      0x428 c:/users/guppy/.platformio/packages/toolchain-gccarmnoneeabi/bin/../lib/gcc/arm-none-eabi/7.2.1/../../../../arm-none-eabi/lib/thumb/v7-m\libc.a(lib_a-impure.o)
 .rodata._global_impure_ptr
                0x00000000        0x4 c:/users/guppy/.platformio/packages/toolchain-gccarmnoneeabi/bin/../lib/gcc/arm-none-eabi/7.2.1/../../../../arm-none-eabi/lib/thumb/v7-m\libc.a(lib_a-impure.o)
 .ARM.attributes
                0x00000000       0x2d c:/users/guppy/.platformio/packages/toolchain-gccarmnoneeabi/bin/../lib/gcc/arm-none-eabi/7.2.1/../../../../arm-none-eabi/lib/thumb/v7-m\libc.a(lib_a-impure.o)
 .text          0x00000000        0x0 c:/users/guppy/.platformio/packages/toolchain-gccarmnoneeabi/bin/../lib/gcc/arm-none-eabi/7.2.1/../../../../arm-none-eabi/lib/thumb/v7-m\libc.a(lib_a-lock.o)
 .data          0x00000000        0x0 c:/users/guppy/.platformio/packages/toolchain-gccarmnoneeabi/bin/../lib/gcc/arm-none-eabi/7.2.1/../../../../arm-none-eabi/lib/thumb/v7-m\libc.a(lib_a-lock.o)
 .bss           0x00000000        0x0 c:/users/guppy/.platformio/packages/toolchain-gccarmnoneeabi/bin/../lib/gcc/arm-none-eabi/7.2.1/../../../../arm-none-eabi/lib/thumb/v7-m\libc.a(lib_a-lock.o)
 .text.__retarget_lock_init
                0x00000000        0x4 c:/users/guppy/.platformio/packages/toolchain-gccarmnoneeabi/bin/../lib/gcc/arm-none-eabi/7.2.1/../../../../arm-none-eabi/lib/thumb/v7-m\libc.a(lib_a-lock.o)
 .text.__retarget_lock_init_recursive
                0x00000000        0x4 c:/users/guppy/.platformio/packages/toolchain-gccarmnoneeabi/bin/../lib/gcc/arm-none-eabi/7.2.1/../../../../arm-none-eabi/lib/thumb/v7-m\libc.a(lib_a-lock.o)
 .text.__retarget_lock_close
                0x00000000        0x4 c:/users/guppy/.platformio/packages/toolchain-gccarmnoneeabi/bin/../lib/gcc/arm-none-eabi/7.2.1/../../../../arm-none-eabi/lib/thumb/v7-m\libc.a(lib_a-lock.o)
 .text.__retarget_lock_close_recursive
                0x00000000        0x4 c:/users/guppy/.platformio/packages/toolchain-gccarmnoneeabi/bin/../lib/gcc/arm-none-eabi/7.2.1/../../../../arm-none-eabi/lib/thumb/v7-m\libc.a(lib_a-lock.o)
 .text.__retarget_lock_acquire
                0x00000000        0x4 c:/users/guppy/.platformio/packages/toolchain-gccarmnoneeabi/bin/../lib/gcc/arm-none-eabi/7.2.1/../../../../arm-none-eabi/lib/thumb/v7-m\libc.a(lib_a-lock.o)
 .text.__retarget_lock_acquire_recursive
                0x00000000        0x4 c:/users/guppy/.platformio/packages/toolchain-gccarmnoneeabi/bin/../lib/gcc/arm-none-eabi/7.2.1/../../../../arm-none-eabi/lib/thumb/v7-m\libc.a(lib_a-lock.o)
 .text.__retarget_lock_try_acquire
                0x00000000        0x4 c:/users/guppy/.platformio/packages/toolchain-gccarmnoneeabi/bin/../lib/gcc/arm-none-eabi/7.2.1/../../../../arm-none-eabi/lib/thumb/v7-m\libc.a(lib_a-lock.o)
 .text.__retarget_lock_try_acquire_recursive
                0x00000000        0x4 c:/users/guppy/.platformio/packages/toolchain-gccarmnoneeabi/bin/../lib/gcc/arm-none-eabi/7.2.1/../../../../arm-none-eabi/lib/thumb/v7-m\libc.a(lib_a-lock.o)
 .text.__retarget_lock_release
                0x00000000        0x4 c:/users/guppy/.platformio/packages/toolchain-gccarmnoneeabi/bin/../lib/gcc/arm-none-eabi/7.2.1/../../../../arm-none-eabi/lib/thumb/v7-m\libc.a(lib_a-lock.o)
 .text.__retarget_lock_release_recursive
                0x00000000        0x4 c:/users/guppy/.platformio/packages/toolchain-gccarmnoneeabi/bin/../lib/gcc/arm-none-eabi/7.2.1/../../../../arm-none-eabi/lib/thumb/v7-m\libc.a(lib_a-lock.o)
 .debug_frame   0x00000000       0xb0 c:/users/guppy/.platformio/packages/toolchain-gccarmnoneeabi/bin/../lib/gcc/arm-none-eabi/7.2.1/../../../../arm-none-eabi/lib/thumb/v7-m\libc.a(lib_a-lock.o)
 .ARM.attributes
                0x00000000       0x2d c:/users/guppy/.platformio/packages/toolchain-gccarmnoneeabi/bin/../lib/gcc/arm-none-eabi/7.2.1/../../../../arm-none-eabi/lib/thumb/v7-m\libc.a(lib_a-lock.o)
 COMMON         0x00000000       0x21 c:/users/guppy/.platformio/packages/toolchain-gccarmnoneeabi/bin/../lib/gcc/arm-none-eabi/7.2.1/../../../../arm-none-eabi/lib/thumb/v7-m\libc.a(lib_a-lock.o)
 .text          0x00000000        0x0 c:/users/guppy/.platformio/packages/toolchain-gccarmnoneeabi/bin/../lib/gcc/arm-none-eabi/7.2.1/../../../../arm-none-eabi/lib/thumb/v7-m\libc.a(lib_a-reent.o)
 .data          0x00000000        0x0 c:/users/guppy/.platformio/packages/toolchain-gccarmnoneeabi/bin/../lib/gcc/arm-none-eabi/7.2.1/../../../../arm-none-eabi/lib/thumb/v7-m\libc.a(lib_a-reent.o)
 .bss           0x00000000        0x0 c:/users/guppy/.platformio/packages/toolchain-gccarmnoneeabi/bin/../lib/gcc/arm-none-eabi/7.2.1/../../../../arm-none-eabi/lib/thumb/v7-m\libc.a(lib_a-reent.o)
 .text.cleanup_glue
                0x00000000       0x28 c:/users/guppy/.platformio/packages/toolchain-gccarmnoneeabi/bin/../lib/gcc/arm-none-eabi/7.2.1/../../../../arm-none-eabi/lib/thumb/v7-m\libc.a(lib_a-reent.o)
 .text._reclaim_reent
                0x00000000       0x88 c:/users/guppy/.platformio/packages/toolchain-gccarmnoneeabi/bin/../lib/gcc/arm-none-eabi/7.2.1/../../../../arm-none-eabi/lib/thumb/v7-m\libc.a(lib_a-reent.o)
 .debug_frame   0x00000000       0x68 c:/users/guppy/.platformio/packages/toolchain-gccarmnoneeabi/bin/../lib/gcc/arm-none-eabi/7.2.1/../../../../arm-none-eabi/lib/thumb/v7-m\libc.a(lib_a-reent.o)
 .ARM.attributes
                0x00000000       0x2d c:/users/guppy/.platformio/packages/toolchain-gccarmnoneeabi/bin/../lib/gcc/arm-none-eabi/7.2.1/../../../../arm-none-eabi/lib/thumb/v7-m\libc.a(lib_a-reent.o)
 COMMON         0x00000000        0x4 c:/users/guppy/.platformio/packages/toolchain-gccarmnoneeabi/bin/../lib/gcc/arm-none-eabi/7.2.1/../../../../arm-none-eabi/lib/thumb/v7-m\libc.a(lib_a-reent.o)
 .text          0x00000000      0x2a0 c:/users/guppy/.platformio/packages/toolchain-gccarmnoneeabi/bin/../lib/gcc/arm-none-eabi/7.2.1/thumb/v7-m\libgcc.a(_arm_muldivsf3.o)
 .data          0x00000000        0x0 c:/users/guppy/.platformio/packages/toolchain-gccarmnoneeabi/bin/../lib/gcc/arm-none-eabi/7.2.1/thumb/v7-m\libgcc.a(_arm_muldivsf3.o)
 .bss           0x00000000        0x0 c:/users/guppy/.platformio/packages/toolchain-gccarmnoneeabi/bin/../lib/gcc/arm-none-eabi/7.2.1/thumb/v7-m\libgcc.a(_arm_muldivsf3.o)
 .debug_frame   0x00000000       0x38 c:/users/guppy/.platformio/packages/toolchain-gccarmnoneeabi/bin/../lib/gcc/arm-none-eabi/7.2.1/thumb/v7-m\libgcc.a(_arm_muldivsf3.o)
 .ARM.attributes
                0x00000000       0x1d c:/users/guppy/.platformio/packages/toolchain-gccarmnoneeabi/bin/../lib/gcc/arm-none-eabi/7.2.1/thumb/v7-m\libgcc.a(_arm_muldivsf3.o)
 .text          0x00000000       0xec c:/users/guppy/.platformio/packages/toolchain-gccarmnoneeabi/bin/../lib/gcc/arm-none-eabi/7.2.1/thumb/v7-m\libgcc.a(_arm_cmpsf2.o)
 .data          0x00000000        0x0 c:/users/guppy/.platformio/packages/toolchain-gccarmnoneeabi/bin/../lib/gcc/arm-none-eabi/7.2.1/thumb/v7-m\libgcc.a(_arm_cmpsf2.o)
 .bss           0x00000000        0x0 c:/users/guppy/.platformio/packages/toolchain-gccarmnoneeabi/bin/../lib/gcc/arm-none-eabi/7.2.1/thumb/v7-m\libgcc.a(_arm_cmpsf2.o)
 .debug_frame   0x00000000       0xc8 c:/users/guppy/.platformio/packages/toolchain-gccarmnoneeabi/bin/../lib/gcc/arm-none-eabi/7.2.1/thumb/v7-m\libgcc.a(_arm_cmpsf2.o)
 .ARM.attributes
                0x00000000       0x1d c:/users/guppy/.platformio/packages/toolchain-gccarmnoneeabi/bin/../lib/gcc/arm-none-eabi/7.2.1/thumb/v7-m\libgcc.a(_arm_cmpsf2.o)
 .text          0x00000000       0x40 c:/users/guppy/.platformio/packages/toolchain-gccarmnoneeabi/bin/../lib/gcc/arm-none-eabi/7.2.1/thumb/v7-m\libgcc.a(_arm_fixunssfsi.o)
 .data          0x00000000        0x0 c:/users/guppy/.platformio/packages/toolchain-gccarmnoneeabi/bin/../lib/gcc/arm-none-eabi/7.2.1/thumb/v7-m\libgcc.a(_arm_fixunssfsi.o)
 .bss           0x00000000        0x0 c:/users/guppy/.platformio/packages/toolchain-gccarmnoneeabi/bin/../lib/gcc/arm-none-eabi/7.2.1/thumb/v7-m\libgcc.a(_arm_fixunssfsi.o)
 .debug_frame   0x00000000       0x24 c:/users/guppy/.platformio/packages/toolchain-gccarmnoneeabi/bin/../lib/gcc/arm-none-eabi/7.2.1/thumb/v7-m\libgcc.a(_arm_fixunssfsi.o)
 .ARM.attributes
                0x00000000       0x1d c:/users/guppy/.platformio/packages/toolchain-gccarmnoneeabi/bin/../lib/gcc/arm-none-eabi/7.2.1/thumb/v7-m\libgcc.a(_arm_fixunssfsi.o)
 .text          0x00000000        0x0 c:/users/guppy/.platformio/packages/toolchain-gccarmnoneeabi/bin/../lib/gcc/arm-none-eabi/7.2.1/../../../../arm-none-eabi/lib/thumb/v7-m\libnosys.a(sbrk.o)
 .data          0x00000000        0x0 c:/users/guppy/.platformio/packages/toolchain-gccarmnoneeabi/bin/../lib/gcc/arm-none-eabi/7.2.1/../../../../arm-none-eabi/lib/thumb/v7-m\libnosys.a(sbrk.o)
 .bss           0x00000000        0x0 c:/users/guppy/.platformio/packages/toolchain-gccarmnoneeabi/bin/../lib/gcc/arm-none-eabi/7.2.1/../../../../arm-none-eabi/lib/thumb/v7-m\libnosys.a(sbrk.o)
 .text._sbrk    0x00000000       0x1c c:/users/guppy/.platformio/packages/toolchain-gccarmnoneeabi/bin/../lib/gcc/arm-none-eabi/7.2.1/../../../../arm-none-eabi/lib/thumb/v7-m\libnosys.a(sbrk.o)
 .bss.heap_end.4102
                0x00000000        0x4 c:/users/guppy/.platformio/packages/toolchain-gccarmnoneeabi/bin/../lib/gcc/arm-none-eabi/7.2.1/../../../../arm-none-eabi/lib/thumb/v7-m\libnosys.a(sbrk.o)
 .debug_frame   0x00000000       0x20 c:/users/guppy/.platformio/packages/toolchain-gccarmnoneeabi/bin/../lib/gcc/arm-none-eabi/7.2.1/../../../../arm-none-eabi/lib/thumb/v7-m\libnosys.a(sbrk.o)
 .ARM.attributes
                0x00000000       0x2d c:/users/guppy/.platformio/packages/toolchain-gccarmnoneeabi/bin/../lib/gcc/arm-none-eabi/7.2.1/../../../../arm-none-eabi/lib/thumb/v7-m\libnosys.a(sbrk.o)
 .text          0x00000000        0x0 .pioenvs\bluepill_f103c8_firmware\libFrameworkLibOpenCM3.a(desig.o)
 .data          0x00000000        0x0 .pioenvs\bluepill_f103c8_firmware\libFrameworkLibOpenCM3.a(desig.o)
 .bss           0x00000000        0x0 .pioenvs\bluepill_f103c8_firmware\libFrameworkLibOpenCM3.a(desig.o)
 .text.desig_get_flash_size
                0x00000000        0xc .pioenvs\bluepill_f103c8_firmware\libFrameworkLibOpenCM3.a(desig.o)
 .text.desig_get_unique_id
                0x00000000       0x20 .pioenvs\bluepill_f103c8_firmware\libFrameworkLibOpenCM3.a(desig.o)
 .text.desig_get_unique_id_as_string
                0x00000000       0x48 .pioenvs\bluepill_f103c8_firmware\libFrameworkLibOpenCM3.a(desig.o)
 .rodata.chars.4166
                0x00000000       0x11 .pioenvs\bluepill_f103c8_firmware\libFrameworkLibOpenCM3.a(desig.o)
 .comment       0x00000000       0x7f .pioenvs\bluepill_f103c8_firmware\libFrameworkLibOpenCM3.a(desig.o)
 .ARM.attributes
                0x00000000       0x33 .pioenvs\bluepill_f103c8_firmware\libFrameworkLibOpenCM3.a(desig.o)
 .text          0x00000000        0x0 .pioenvs\bluepill_f103c8_firmware\libFrameworkLibOpenCM3.a(flash.o)
 .data          0x00000000        0x0 .pioenvs\bluepill_f103c8_firmware\libFrameworkLibOpenCM3.a(flash.o)
 .bss           0x00000000        0x0 .pioenvs\bluepill_f103c8_firmware\libFrameworkLibOpenCM3.a(flash.o)
 .text.flash_halfcycle_enable
                0x00000000       0x10 .pioenvs\bluepill_f103c8_firmware\libFrameworkLibOpenCM3.a(flash.o)
 .text.flash_halfcycle_disable
                0x00000000       0x10 .pioenvs\bluepill_f103c8_firmware\libFrameworkLibOpenCM3.a(flash.o)
 .text.flash_unlock_upper
                0x00000000       0x34 .pioenvs\bluepill_f103c8_firmware\libFrameworkLibOpenCM3.a(flash.o)
 .text.flash_lock_upper
                0x00000000       0x10 .pioenvs\bluepill_f103c8_firmware\libFrameworkLibOpenCM3.a(flash.o)
 .text.flash_clear_pgerr_flag_upper
                0x00000000       0x20 .pioenvs\bluepill_f103c8_firmware\libFrameworkLibOpenCM3.a(flash.o)
 .text.flash_clear_eop_flag_upper
                0x00000000       0x20 .pioenvs\bluepill_f103c8_firmware\libFrameworkLibOpenCM3.a(flash.o)
 .text.flash_clear_wrprterr_flag_upper
                0x00000000       0x20 .pioenvs\bluepill_f103c8_firmware\libFrameworkLibOpenCM3.a(flash.o)
 .text.flash_clear_bsy_flag_upper
                0x00000000       0x20 .pioenvs\bluepill_f103c8_firmware\libFrameworkLibOpenCM3.a(flash.o)
 .text.flash_clear_status_flags
                0x00000000       0x38 .pioenvs\bluepill_f103c8_firmware\libFrameworkLibOpenCM3.a(flash.o)
 .text.flash_get_status_flags
                0x00000000       0x28 .pioenvs\bluepill_f103c8_firmware\libFrameworkLibOpenCM3.a(flash.o)
 .text.flash_program_half_word
                0x00000000       0x60 .pioenvs\bluepill_f103c8_firmware\libFrameworkLibOpenCM3.a(flash.o)
 .text.flash_erase_page
                0x00000000       0x78 .pioenvs\bluepill_f103c8_firmware\libFrameworkLibOpenCM3.a(flash.o)
 .text.flash_erase_all_pages
                0x00000000       0x48 .pioenvs\bluepill_f103c8_firmware\libFrameworkLibOpenCM3.a(flash.o)
 .comment       0x00000000       0x7f .pioenvs\bluepill_f103c8_firmware\libFrameworkLibOpenCM3.a(flash.o)
 .ARM.attributes
                0x00000000       0x33 .pioenvs\bluepill_f103c8_firmware\libFrameworkLibOpenCM3.a(flash.o)
 .text          0x00000000        0x0 .pioenvs\bluepill_f103c8_firmware\libFrameworkLibOpenCM3.a(gpio.o)
 .data          0x00000000        0x0 .pioenvs\bluepill_f103c8_firmware\libFrameworkLibOpenCM3.a(gpio.o)
 .bss           0x00000000        0x0 .pioenvs\bluepill_f103c8_firmware\libFrameworkLibOpenCM3.a(gpio.o)
 .text.gpio_set_eventout
                0x00000000       0x10 .pioenvs\bluepill_f103c8_firmware\libFrameworkLibOpenCM3.a(gpio.o)
 .text.gpio_primary_remap
                0x00000000       0x18 .pioenvs\bluepill_f103c8_firmware\libFrameworkLibOpenCM3.a(gpio.o)
 .text.gpio_secondary_remap
                0x00000000       0x10 .pioenvs\bluepill_f103c8_firmware\libFrameworkLibOpenCM3.a(gpio.o)
 .text          0x00000000        0x0 .pioenvs\bluepill_f103c8_firmware\libFrameworkLibOpenCM3.a(rcc.o)
 .data          0x00000000        0x0 .pioenvs\bluepill_f103c8_firmware\libFrameworkLibOpenCM3.a(rcc.o)
 .bss           0x00000000        0x0 .pioenvs\bluepill_f103c8_firmware\libFrameworkLibOpenCM3.a(rcc.o)
 .text.rcc_osc_ready_int_clear
                0x00000000       0x5c .pioenvs\bluepill_f103c8_firmware\libFrameworkLibOpenCM3.a(rcc.o)
 .text.rcc_osc_ready_int_enable
                0x00000000       0x5c .pioenvs\bluepill_f103c8_firmware\libFrameworkLibOpenCM3.a(rcc.o)
 .text.rcc_osc_ready_int_disable
                0x00000000       0x5c .pioenvs\bluepill_f103c8_firmware\libFrameworkLibOpenCM3.a(rcc.o)
 .text.rcc_osc_ready_int_flag
                0x00000000       0x54 .pioenvs\bluepill_f103c8_firmware\libFrameworkLibOpenCM3.a(rcc.o)
 .text.rcc_css_int_clear
                0x00000000       0x10 .pioenvs\bluepill_f103c8_firmware\libFrameworkLibOpenCM3.a(rcc.o)
 .text.rcc_css_int_flag
                0x00000000       0x10 .pioenvs\bluepill_f103c8_firmware\libFrameworkLibOpenCM3.a(rcc.o)
 .text.rcc_osc_off
                0x00000000       0x58 .pioenvs\bluepill_f103c8_firmware\libFrameworkLibOpenCM3.a(rcc.o)
 .text.rcc_css_enable
                0x00000000       0x10 .pioenvs\bluepill_f103c8_firmware\libFrameworkLibOpenCM3.a(rcc.o)
 .text.rcc_css_disable
                0x00000000       0x10 .pioenvs\bluepill_f103c8_firmware\libFrameworkLibOpenCM3.a(rcc.o)
 .text.rcc_osc_bypass_enable
                0x00000000       0x28 .pioenvs\bluepill_f103c8_firmware\libFrameworkLibOpenCM3.a(rcc.o)
 .text.rcc_osc_bypass_disable
                0x00000000       0x28 .pioenvs\bluepill_f103c8_firmware\libFrameworkLibOpenCM3.a(rcc.o)
 .text.rcc_set_pll2_multiplication_factor
                0x00000000       0x14 .pioenvs\bluepill_f103c8_firmware\libFrameworkLibOpenCM3.a(rcc.o)
 .text.rcc_set_pll3_multiplication_factor
                0x00000000       0x14 .pioenvs\bluepill_f103c8_firmware\libFrameworkLibOpenCM3.a(rcc.o)
 .text.rcc_rtc_clock_enabled_flag
                0x00000000       0x10 .pioenvs\bluepill_f103c8_firmware\libFrameworkLibOpenCM3.a(rcc.o)
 .text.rcc_enable_rtc_clock
                0x00000000       0x10 .pioenvs\bluepill_f103c8_firmware\libFrameworkLibOpenCM3.a(rcc.o)
 .text.rcc_set_rtc_clock_source
                0x00000000       0x90 .pioenvs\bluepill_f103c8_firmware\libFrameworkLibOpenCM3.a(rcc.o)
 .text.rcc_set_usbpre
                0x00000000       0x18 .pioenvs\bluepill_f103c8_firmware\libFrameworkLibOpenCM3.a(rcc.o)
 .text.rcc_set_prediv1
                0x00000000       0x14 .pioenvs\bluepill_f103c8_firmware\libFrameworkLibOpenCM3.a(rcc.o)
 .text.rcc_set_prediv2
                0x00000000       0x14 .pioenvs\bluepill_f103c8_firmware\libFrameworkLibOpenCM3.a(rcc.o)
 .text.rcc_set_prediv1_source
                0x00000000       0x18 .pioenvs\bluepill_f103c8_firmware\libFrameworkLibOpenCM3.a(rcc.o)
 .text.rcc_system_clock_source
                0x00000000       0x10 .pioenvs\bluepill_f103c8_firmware\libFrameworkLibOpenCM3.a(rcc.o)
 .text.rcc_clock_setup_in_hsi_out_64mhz
                0x00000000       0x74 .pioenvs\bluepill_f103c8_firmware\libFrameworkLibOpenCM3.a(rcc.o)
 .text.rcc_clock_setup_in_hsi_out_48mhz
                0x00000000       0x84 .pioenvs\bluepill_f103c8_firmware\libFrameworkLibOpenCM3.a(rcc.o)
 .text.rcc_clock_setup_in_hsi_out_24mhz
                0x00000000       0x70 .pioenvs\bluepill_f103c8_firmware\libFrameworkLibOpenCM3.a(rcc.o)
 .text.rcc_clock_setup_in_hse_8mhz_out_24mhz
                0x00000000       0x88 .pioenvs\bluepill_f103c8_firmware\libFrameworkLibOpenCM3.a(rcc.o)
 .text.rcc_clock_setup_in_hse_12mhz_out_72mhz
                0x00000000       0x8c .pioenvs\bluepill_f103c8_firmware\libFrameworkLibOpenCM3.a(rcc.o)
 .text.rcc_clock_setup_in_hse_16mhz_out_72mhz
                0x00000000       0x8c .pioenvs\bluepill_f103c8_firmware\libFrameworkLibOpenCM3.a(rcc.o)
 .text.rcc_clock_setup_in_hse_25mhz_out_72mhz
                0x00000000       0xac .pioenvs\bluepill_f103c8_firmware\libFrameworkLibOpenCM3.a(rcc.o)
 .text.rcc_backupdomain_reset
                0x00000000       0x18 .pioenvs\bluepill_f103c8_firmware\libFrameworkLibOpenCM3.a(rcc.o)
 .text          0x00000000        0x0 .pioenvs\bluepill_f103c8_firmware\libFrameworkLibOpenCM3.a(gpio_common_all.o)
 .data          0x00000000        0x0 .pioenvs\bluepill_f103c8_firmware\libFrameworkLibOpenCM3.a(gpio_common_all.o)
 .bss           0x00000000        0x0 .pioenvs\bluepill_f103c8_firmware\libFrameworkLibOpenCM3.a(gpio_common_all.o)
 .text.gpio_get
                0x00000000        0x6 .pioenvs\bluepill_f103c8_firmware\libFrameworkLibOpenCM3.a(gpio_common_all.o)
 .text.gpio_toggle
                0x00000000       0x12 .pioenvs\bluepill_f103c8_firmware\libFrameworkLibOpenCM3.a(gpio_common_all.o)
 .text.gpio_port_read
                0x00000000        0x6 .pioenvs\bluepill_f103c8_firmware\libFrameworkLibOpenCM3.a(gpio_common_all.o)
 .text.gpio_port_write
                0x00000000        0x4 .pioenvs\bluepill_f103c8_firmware\libFrameworkLibOpenCM3.a(gpio_common_all.o)
 .text.gpio_port_config_lock
                0x00000000       0x10 .pioenvs\bluepill_f103c8_firmware\libFrameworkLibOpenCM3.a(gpio_common_all.o)
 .text          0x00000000        0x0 .pioenvs\bluepill_f103c8_firmware\libFrameworkLibOpenCM3.a(rcc_common_all.o)
 .data          0x00000000        0x0 .pioenvs\bluepill_f103c8_firmware\libFrameworkLibOpenCM3.a(rcc_common_all.o)
 .bss           0x00000000        0x0 .pioenvs\bluepill_f103c8_firmware\libFrameworkLibOpenCM3.a(rcc_common_all.o)
 .text.rcc_peripheral_enable_clock
                0x00000000        0x8 .pioenvs\bluepill_f103c8_firmware\libFrameworkLibOpenCM3.a(rcc_common_all.o)
 .text.rcc_peripheral_disable_clock
                0x00000000        0xa .pioenvs\bluepill_f103c8_firmware\libFrameworkLibOpenCM3.a(rcc_common_all.o)
 .text.rcc_peripheral_reset
                0x00000000        0x8 .pioenvs\bluepill_f103c8_firmware\libFrameworkLibOpenCM3.a(rcc_common_all.o)
 .text.rcc_peripheral_clear_reset
                0x00000000        0xa .pioenvs\bluepill_f103c8_firmware\libFrameworkLibOpenCM3.a(rcc_common_all.o)
 .text.rcc_periph_clock_disable
                0x00000000       0x1e .pioenvs\bluepill_f103c8_firmware\libFrameworkLibOpenCM3.a(rcc_common_all.o)
 .text.rcc_periph_reset_pulse
                0x00000000       0x22 .pioenvs\bluepill_f103c8_firmware\libFrameworkLibOpenCM3.a(rcc_common_all.o)
 .text.rcc_periph_reset_hold
                0x00000000       0x1a .pioenvs\bluepill_f103c8_firmware\libFrameworkLibOpenCM3.a(rcc_common_all.o)
 .text.rcc_periph_reset_release
                0x00000000       0x1e .pioenvs\bluepill_f103c8_firmware\libFrameworkLibOpenCM3.a(rcc_common_all.o)
 .text.rcc_set_mco
                0x00000000       0x14 .pioenvs\bluepill_f103c8_firmware\libFrameworkLibOpenCM3.a(rcc_common_all.o)
 .text          0x00000000        0x0 .pioenvs\bluepill_f103c8_firmware\libFrameworkLibOpenCM3.a(flash_common_f01.o)
 .data          0x00000000        0x0 .pioenvs\bluepill_f103c8_firmware\libFrameworkLibOpenCM3.a(flash_common_f01.o)
 .bss           0x00000000        0x0 .pioenvs\bluepill_f103c8_firmware\libFrameworkLibOpenCM3.a(flash_common_f01.o)
 .text.flash_prefetch_buffer_enable
                0x00000000       0x10 .pioenvs\bluepill_f103c8_firmware\libFrameworkLibOpenCM3.a(flash_common_f01.o)
 .text.flash_prefetch_buffer_disable
                0x00000000       0x10 .pioenvs\bluepill_f103c8_firmware\libFrameworkLibOpenCM3.a(flash_common_f01.o)
 .text.flash_unlock
                0x00000000       0x24 .pioenvs\bluepill_f103c8_firmware\libFrameworkLibOpenCM3.a(flash_common_f01.o)
 .text.flash_lock
                0x00000000       0x10 .pioenvs\bluepill_f103c8_firmware\libFrameworkLibOpenCM3.a(flash_common_f01.o)
 .text.flash_clear_pgerr_flag
                0x00000000       0x10 .pioenvs\bluepill_f103c8_firmware\libFrameworkLibOpenCM3.a(flash_common_f01.o)
 .text.flash_clear_eop_flag
                0x00000000       0x10 .pioenvs\bluepill_f103c8_firmware\libFrameworkLibOpenCM3.a(flash_common_f01.o)
 .text.flash_clear_wrprterr_flag
                0x00000000       0x10 .pioenvs\bluepill_f103c8_firmware\libFrameworkLibOpenCM3.a(flash_common_f01.o)
 .text.flash_clear_bsy_flag
                0x00000000       0x10 .pioenvs\bluepill_f103c8_firmware\libFrameworkLibOpenCM3.a(flash_common_f01.o)
 .text.flash_wait_for_last_operation
                0x00000000        0xc .pioenvs\bluepill_f103c8_firmware\libFrameworkLibOpenCM3.a(flash_common_f01.o)
 .text.flash_program_word
                0x00000000       0x18 .pioenvs\bluepill_f103c8_firmware\libFrameworkLibOpenCM3.a(flash_common_f01.o)
 .text.flash_unlock_option_bytes
                0x00000000       0x18 .pioenvs\bluepill_f103c8_firmware\libFrameworkLibOpenCM3.a(flash_common_f01.o)
 .text.flash_erase_option_bytes
                0x00000000       0x34 .pioenvs\bluepill_f103c8_firmware\libFrameworkLibOpenCM3.a(flash_common_f01.o)
 .text.flash_program_option_bytes
                0x00000000       0x34 .pioenvs\bluepill_f103c8_firmware\libFrameworkLibOpenCM3.a(flash_common_f01.o)
 .text          0x00000000        0x0 .pioenvs\bluepill_f103c8_firmware\libFrameworkLibOpenCM3.a(st_usbfs_v1.o)
 .data          0x00000000        0x0 .pioenvs\bluepill_f103c8_firmware\libFrameworkLibOpenCM3.a(st_usbfs_v1.o)
 .bss           0x00000000        0x0 .pioenvs\bluepill_f103c8_firmware\libFrameworkLibOpenCM3.a(st_usbfs_v1.o)
 .text.st_usbfs_v1_usbd_init
                0x00000000       0x30 .pioenvs\bluepill_f103c8_firmware\libFrameworkLibOpenCM3.a(st_usbfs_v1.o)
 .text.st_usbfs_copy_to_pm
                0x00000000       0x1c .pioenvs\bluepill_f103c8_firmware\libFrameworkLibOpenCM3.a(st_usbfs_v1.o)
 .text.st_usbfs_copy_from_pm
                0x00000000       0x2a .pioenvs\bluepill_f103c8_firmware\libFrameworkLibOpenCM3.a(st_usbfs_v1.o)
 .rodata.st_usbfs_v1_usb_driver
                0x00000000       0x34 .pioenvs\bluepill_f103c8_firmware\libFrameworkLibOpenCM3.a(st_usbfs_v1.o)
 .comment       0x00000000       0x7f .pioenvs\bluepill_f103c8_firmware\libFrameworkLibOpenCM3.a(st_usbfs_v1.o)
 .ARM.attributes
                0x00000000       0x33 .pioenvs\bluepill_f103c8_firmware\libFrameworkLibOpenCM3.a(st_usbfs_v1.o)
 .text          0x00000000        0x0 .pioenvs\bluepill_f103c8_firmware\libFrameworkLibOpenCM3.a(vector.o)
 .data          0x00000000        0x0 .pioenvs\bluepill_f103c8_firmware\libFrameworkLibOpenCM3.a(vector.o)
 .bss           0x00000000        0x0 .pioenvs\bluepill_f103c8_firmware\libFrameworkLibOpenCM3.a(vector.o)
 .text          0x00000000        0x0 .pioenvs\bluepill_f103c8_firmware\libFrameworkLibOpenCM3.a(scb.o)
 .data          0x00000000        0x0 .pioenvs\bluepill_f103c8_firmware\libFrameworkLibOpenCM3.a(scb.o)
 .bss           0x00000000        0x0 .pioenvs\bluepill_f103c8_firmware\libFrameworkLibOpenCM3.a(scb.o)
 .text.scb_reset_core
                0x00000000       0x10 .pioenvs\bluepill_f103c8_firmware\libFrameworkLibOpenCM3.a(scb.o)
 .text.scb_reset_system
                0x00000000       0x10 .pioenvs\bluepill_f103c8_firmware\libFrameworkLibOpenCM3.a(scb.o)
 .text.scb_set_priority_grouping
                0x00000000       0x14 .pioenvs\bluepill_f103c8_firmware\libFrameworkLibOpenCM3.a(scb.o)
 .comment       0x00000000       0x7f .pioenvs\bluepill_f103c8_firmware\libFrameworkLibOpenCM3.a(scb.o)
 .ARM.attributes
                0x00000000       0x33 .pioenvs\bluepill_f103c8_firmware\libFrameworkLibOpenCM3.a(scb.o)
 .text          0x00000000        0x0 .pioenvs\bluepill_f103c8_firmware\libFrameworkLibOpenCM3.a(assert.o)
 .data          0x00000000        0x0 .pioenvs\bluepill_f103c8_firmware\libFrameworkLibOpenCM3.a(assert.o)
 .bss           0x00000000        0x0 .pioenvs\bluepill_f103c8_firmware\libFrameworkLibOpenCM3.a(assert.o)
 .text.cm3_assert_failed
                0x00000000        0x2 .pioenvs\bluepill_f103c8_firmware\libFrameworkLibOpenCM3.a(assert.o)
 .text.cm3_assert_failed_verbose
                0x00000000        0x6 .pioenvs\bluepill_f103c8_firmware\libFrameworkLibOpenCM3.a(assert.o)
 .comment       0x00000000       0x7f .pioenvs\bluepill_f103c8_firmware\libFrameworkLibOpenCM3.a(assert.o)
 .ARM.attributes
                0x00000000       0x33 .pioenvs\bluepill_f103c8_firmware\libFrameworkLibOpenCM3.a(assert.o)
 .text          0x00000000        0x0 .pioenvs\bluepill_f103c8_firmware\libFrameworkLibOpenCM3.a(st_usbfs_core.o)
 .data          0x00000000        0x0 .pioenvs\bluepill_f103c8_firmware\libFrameworkLibOpenCM3.a(st_usbfs_core.o)
 .bss           0x00000000        0x0 .pioenvs\bluepill_f103c8_firmware\libFrameworkLibOpenCM3.a(st_usbfs_core.o)
 .text.st_usbfs_set_address
                0x00000000       0x10 .pioenvs\bluepill_f103c8_firmware\libFrameworkLibOpenCM3.a(st_usbfs_core.o)
 .text.st_usbfs_set_ep_rx_bufsize
                0x00000000       0x48 .pioenvs\bluepill_f103c8_firmware\libFrameworkLibOpenCM3.a(st_usbfs_core.o)
 .text.st_usbfs_ep_setup
                0x00000000      0x150 .pioenvs\bluepill_f103c8_firmware\libFrameworkLibOpenCM3.a(st_usbfs_core.o)
 .text.st_usbfs_endpoints_reset
                0x00000000       0x44 .pioenvs\bluepill_f103c8_firmware\libFrameworkLibOpenCM3.a(st_usbfs_core.o)
 .text.st_usbfs_ep_stall_set
                0x00000000       0xe4 .pioenvs\bluepill_f103c8_firmware\libFrameworkLibOpenCM3.a(st_usbfs_core.o)
 .text.st_usbfs_ep_stall_get
                0x00000000       0x38 .pioenvs\bluepill_f103c8_firmware\libFrameworkLibOpenCM3.a(st_usbfs_core.o)
 .text.st_usbfs_ep_nak_set
                0x00000000       0x58 .pioenvs\bluepill_f103c8_firmware\libFrameworkLibOpenCM3.a(st_usbfs_core.o)
 .text.st_usbfs_ep_write_packet
                0x00000000       0x8c .pioenvs\bluepill_f103c8_firmware\libFrameworkLibOpenCM3.a(st_usbfs_core.o)
 .text.st_usbfs_ep_read_packet
                0x00000000       0xb8 .pioenvs\bluepill_f103c8_firmware\libFrameworkLibOpenCM3.a(st_usbfs_core.o)
 .text.st_usbfs_poll
                0x00000000       0xd0 .pioenvs\bluepill_f103c8_firmware\libFrameworkLibOpenCM3.a(st_usbfs_core.o)
 .comment       0x00000000       0x7f .pioenvs\bluepill_f103c8_firmware\libFrameworkLibOpenCM3.a(st_usbfs_core.o)
 .ARM.attributes
                0x00000000       0x33 .pioenvs\bluepill_f103c8_firmware\libFrameworkLibOpenCM3.a(st_usbfs_core.o)
 COMMON         0x00000000      0x100 .pioenvs\bluepill_f103c8_firmware\libFrameworkLibOpenCM3.a(st_usbfs_core.o)
 .text          0x00000000        0x0 .pioenvs\bluepill_f103c8_firmware\libFrameworkLibOpenCM3.a(usb.o)
 .data          0x00000000        0x0 .pioenvs\bluepill_f103c8_firmware\libFrameworkLibOpenCM3.a(usb.o)
 .bss           0x00000000        0x0 .pioenvs\bluepill_f103c8_firmware\libFrameworkLibOpenCM3.a(usb.o)
 .text.usbd_init
                0x00000000       0x50 .pioenvs\bluepill_f103c8_firmware\libFrameworkLibOpenCM3.a(usb.o)
 .text.usbd_register_reset_callback
                0x00000000        0x4 .pioenvs\bluepill_f103c8_firmware\libFrameworkLibOpenCM3.a(usb.o)
 .text.usbd_register_suspend_callback
                0x00000000        0x4 .pioenvs\bluepill_f103c8_firmware\libFrameworkLibOpenCM3.a(usb.o)
 .text.usbd_register_resume_callback
                0x00000000        0x4 .pioenvs\bluepill_f103c8_firmware\libFrameworkLibOpenCM3.a(usb.o)
 .text.usbd_register_sof_callback
                0x00000000        0x4 .pioenvs\bluepill_f103c8_firmware\libFrameworkLibOpenCM3.a(usb.o)
 .text.usbd_poll
                0x00000000        0x8 .pioenvs\bluepill_f103c8_firmware\libFrameworkLibOpenCM3.a(usb.o)
 .text.usbd_disconnect
                0x00000000        0xc .pioenvs\bluepill_f103c8_firmware\libFrameworkLibOpenCM3.a(usb.o)
 .text.usbd_ep_setup
                0x00000000        0xe .pioenvs\bluepill_f103c8_firmware\libFrameworkLibOpenCM3.a(usb.o)
 .text._usbd_reset
                0x00000000       0x32 .pioenvs\bluepill_f103c8_firmware\libFrameworkLibOpenCM3.a(usb.o)
 .text.usbd_ep_write_packet
                0x00000000        0xe .pioenvs\bluepill_f103c8_firmware\libFrameworkLibOpenCM3.a(usb.o)
 .text.usbd_ep_read_packet
                0x00000000        0xe .pioenvs\bluepill_f103c8_firmware\libFrameworkLibOpenCM3.a(usb.o)
 .text.usbd_ep_stall_set
                0x00000000        0x8 .pioenvs\bluepill_f103c8_firmware\libFrameworkLibOpenCM3.a(usb.o)
 .text.usbd_ep_stall_get
                0x00000000        0x8 .pioenvs\bluepill_f103c8_firmware\libFrameworkLibOpenCM3.a(usb.o)
 .text.usbd_ep_nak_set
                0x00000000        0x8 .pioenvs\bluepill_f103c8_firmware\libFrameworkLibOpenCM3.a(usb.o)
 .comment       0x00000000       0x7f .pioenvs\bluepill_f103c8_firmware\libFrameworkLibOpenCM3.a(usb.o)
 .ARM.attributes
                0x00000000       0x33 .pioenvs\bluepill_f103c8_firmware\libFrameworkLibOpenCM3.a(usb.o)
 .text          0x00000000        0x0 .pioenvs\bluepill_f103c8_firmware\libFrameworkLibOpenCM3.a(usb_control.o)
 .data          0x00000000        0x0 .pioenvs\bluepill_f103c8_firmware\libFrameworkLibOpenCM3.a(usb_control.o)
 .bss           0x00000000        0x0 .pioenvs\bluepill_f103c8_firmware\libFrameworkLibOpenCM3.a(usb_control.o)
 .text.stall_transaction
                0x00000000       0x14 .pioenvs\bluepill_f103c8_firmware\libFrameworkLibOpenCM3.a(usb_control.o)
 .text.usb_control_recv_chunk
                0x00000000       0x3c .pioenvs\bluepill_f103c8_firmware\libFrameworkLibOpenCM3.a(usb_control.o)
 .text.usb_control_send_chunk
                0x00000000       0x44 .pioenvs\bluepill_f103c8_firmware\libFrameworkLibOpenCM3.a(usb_control.o)
 .text.usb_control_request_dispatch
                0x00000000       0x62 .pioenvs\bluepill_f103c8_firmware\libFrameworkLibOpenCM3.a(usb_control.o)
 .text.usb_control_setup_read
                0x00000000       0x42 .pioenvs\bluepill_f103c8_firmware\libFrameworkLibOpenCM3.a(usb_control.o)
 .text.usbd_register_control_callback
                0x00000000       0x26 .pioenvs\bluepill_f103c8_firmware\libFrameworkLibOpenCM3.a(usb_control.o)
 .text._usbd_control_setup
                0x00000000       0x5a .pioenvs\bluepill_f103c8_firmware\libFrameworkLibOpenCM3.a(usb_control.o)
 .text._usbd_control_out
                0x00000000       0x82 .pioenvs\bluepill_f103c8_firmware\libFrameworkLibOpenCM3.a(usb_control.o)
 .text._usbd_control_in
                0x00000000       0x56 .pioenvs\bluepill_f103c8_firmware\libFrameworkLibOpenCM3.a(usb_control.o)
 .comment       0x00000000       0x7f .pioenvs\bluepill_f103c8_firmware\libFrameworkLibOpenCM3.a(usb_control.o)
 .ARM.attributes
                0x00000000       0x33 .pioenvs\bluepill_f103c8_firmware\libFrameworkLibOpenCM3.a(usb_control.o)
 .text          0x00000000        0x0 .pioenvs\bluepill_f103c8_firmware\libFrameworkLibOpenCM3.a(usb_standard.o)
 .data          0x00000000        0x0 .pioenvs\bluepill_f103c8_firmware\libFrameworkLibOpenCM3.a(usb_standard.o)
 .bss           0x00000000        0x0 .pioenvs\bluepill_f103c8_firmware\libFrameworkLibOpenCM3.a(usb_standard.o)
 .text.usb_standard_set_configuration
                0x00000000       0x92 .pioenvs\bluepill_f103c8_firmware\libFrameworkLibOpenCM3.a(usb_standard.o)
 .text.usb_standard_get_configuration
                0x00000000       0x20 .pioenvs\bluepill_f103c8_firmware\libFrameworkLibOpenCM3.a(usb_standard.o)
 .text.usb_standard_get_interface
                0x00000000       0x34 .pioenvs\bluepill_f103c8_firmware\libFrameworkLibOpenCM3.a(usb_standard.o)
 .text.usb_standard_device_get_status
                0x00000000       0x18 .pioenvs\bluepill_f103c8_firmware\libFrameworkLibOpenCM3.a(usb_standard.o)
 .text.usb_standard_endpoint_get_status
                0x00000000       0x2a .pioenvs\bluepill_f103c8_firmware\libFrameworkLibOpenCM3.a(usb_standard.o)
 .text.usb_standard_endpoint_stall
                0x00000000       0x10 .pioenvs\bluepill_f103c8_firmware\libFrameworkLibOpenCM3.a(usb_standard.o)
 .text.usb_standard_endpoint_unstall
                0x00000000       0x10 .pioenvs\bluepill_f103c8_firmware\libFrameworkLibOpenCM3.a(usb_standard.o)
 .text.usb_standard_set_address
                0x00000000       0x28 .pioenvs\bluepill_f103c8_firmware\libFrameworkLibOpenCM3.a(usb_standard.o)
 .text.usb_standard_set_interface
                0x00000000       0x4e .pioenvs\bluepill_f103c8_firmware\libFrameworkLibOpenCM3.a(usb_standard.o)
 .text.usb_standard_get_descriptor
                0x00000000      0x256 .pioenvs\bluepill_f103c8_firmware\libFrameworkLibOpenCM3.a(usb_standard.o)
 .text.usb_standard_interface_get_status
                0x00000000       0x18 .pioenvs\bluepill_f103c8_firmware\libFrameworkLibOpenCM3.a(usb_standard.o)
 .text.usbd_register_set_config_callback
                0x00000000       0x26 .pioenvs\bluepill_f103c8_firmware\libFrameworkLibOpenCM3.a(usb_standard.o)
 .text.usbd_register_set_altsetting_callback
                0x00000000        0x6 .pioenvs\bluepill_f103c8_firmware\libFrameworkLibOpenCM3.a(usb_standard.o)
 .text._usbd_standard_request_device
                0x00000000       0x48 .pioenvs\bluepill_f103c8_firmware\libFrameworkLibOpenCM3.a(usb_standard.o)
 .text._usbd_standard_request_interface
                0x00000000       0x30 .pioenvs\bluepill_f103c8_firmware\libFrameworkLibOpenCM3.a(usb_standard.o)
 .text._usbd_standard_request_endpoint
                0x00000000       0x3c .pioenvs\bluepill_f103c8_firmware\libFrameworkLibOpenCM3.a(usb_standard.o)
 .text._usbd_standard_request
                0x00000000       0x30 .pioenvs\bluepill_f103c8_firmware\libFrameworkLibOpenCM3.a(usb_standard.o)
 .comment       0x00000000       0x7f .pioenvs\bluepill_f103c8_firmware\libFrameworkLibOpenCM3.a(usb_standard.o)
 .ARM.attributes
                0x00000000       0x33 .pioenvs\bluepill_f103c8_firmware\libFrameworkLibOpenCM3.a(usb_standard.o)
 .text          0x00000000       0xec c:/users/guppy/.platformio/packages/toolchain-gccarmnoneeabi/bin/../lib/gcc/arm-none-eabi/7.2.1/../../../../arm-none-eabi/lib/thumb/v7-m\libc.a(lib_a-memcpy.o)
 .data          0x00000000        0x0 c:/users/guppy/.platformio/packages/toolchain-gccarmnoneeabi/bin/../lib/gcc/arm-none-eabi/7.2.1/../../../../arm-none-eabi/lib/thumb/v7-m\libc.a(lib_a-memcpy.o)
 .bss           0x00000000        0x0 c:/users/guppy/.platformio/packages/toolchain-gccarmnoneeabi/bin/../lib/gcc/arm-none-eabi/7.2.1/../../../../arm-none-eabi/lib/thumb/v7-m\libc.a(lib_a-memcpy.o)
 .ARM.attributes
                0x00000000       0x1b c:/users/guppy/.platformio/packages/toolchain-gccarmnoneeabi/bin/../lib/gcc/arm-none-eabi/7.2.1/../../../../arm-none-eabi/lib/thumb/v7-m\libc.a(lib_a-memcpy.o)

Memory Configuration

Name             Origin             Length             Attributes
rom              0x08000000         0x00010000         xr
ram              0x20000000         0x00005000         xrw
*default*        0x00000000         0xffffffff

Linker script and memory map

LOAD .pioenvs\bluepill_f103c8_firmware\src\blink\blink.o
LOAD .pioenvs\bluepill_f103c8_firmware\src\stm32f103\backup.o
LOAD .pioenvs\bluepill_f103c8_firmware\src\stm32f103\target_stm32f103.o
START GROUP
LOAD .pioenvs\bluepill_f103c8_firmware\lib4c2\liblogger.a
LOAD .pioenvs\bluepill_f103c8_firmware\libbe0\libbluepill.a
LOAD c:/users/guppy/.platformio/packages/toolchain-gccarmnoneeabi/bin/../lib/gcc/arm-none-eabi/7.2.1/../../../../arm-none-eabi/lib/thumb/v7-m\libc.a
LOAD c:/users/guppy/.platformio/packages/toolchain-gccarmnoneeabi/bin/../lib/gcc/arm-none-eabi/7.2.1/thumb/v7-m\libgcc.a
LOAD c:/users/guppy/.platformio/packages/toolchain-gccarmnoneeabi/bin/../lib/gcc/arm-none-eabi/7.2.1/../../../../arm-none-eabi/lib/thumb/v7-m\libm.a
LOAD c:/users/guppy/.platformio/packages/toolchain-gccarmnoneeabi/bin/../lib/gcc/arm-none-eabi/7.2.1/../../../../arm-none-eabi/lib/thumb/v7-m\libstdc++.a
LOAD c:/users/guppy/.platformio/packages/toolchain-gccarmnoneeabi/bin/../lib/gcc/arm-none-eabi/7.2.1/../../../../arm-none-eabi/lib/thumb/v7-m\libnosys.a
LOAD .pioenvs\bluepill_f103c8_firmware\libFrameworkLibOpenCM3.a
END GROUP

.text           0x08000000      0x788
 *(SORT_BY_ALIGNMENT(.vectors))
 .vectors       0x08000000      0x150 .pioenvs\bluepill_f103c8_firmware\libFrameworkLibOpenCM3.a(vector.o)
                0x08000000                vector_table
 *(SORT_BY_ALIGNMENT(.text*))
 .text.startup.main
                0x08000150       0x3c .pioenvs\bluepill_f103c8_firmware\src\blink\blink.o
                0x08000150                main
 .text.target_set_led
                0x0800018c       0x18 .pioenvs\bluepill_f103c8_firmware\src\stm32f103\target_stm32f103.o
                0x0800018c                target_set_led
 .text.target_gpio_setup
                0x080001a4       0x68 .pioenvs\bluepill_f103c8_firmware\src\stm32f103\target_stm32f103.o
                0x080001a4                target_gpio_setup
 .text.enable_log
                0x0800020c       0x18 .pioenvs\bluepill_f103c8_firmware\lib4c2\liblogger.a(logger.o)
                0x0800020c                enable_log
 .text.debug_flush
                0x08000224       0x38 .pioenvs\bluepill_f103c8_firmware\lib4c2\liblogger.a(logger.o)
                0x08000224                debug_flush
 .text._ZL12debug_appendPKcj
                0x0800025c       0x50 .pioenvs\bluepill_f103c8_firmware\lib4c2\liblogger.a(logger.o)
 .text.debug_println
                0x080002ac       0x1c .pioenvs\bluepill_f103c8_firmware\lib4c2\liblogger.a(logger.o)
                0x080002ac                debug_println
 .text.platform_setup
                0x080002c8       0x48 .pioenvs\bluepill_f103c8_firmware\libbe0\libbluepill.a(bluepill.o)
                0x080002c8                platform_setup
 .text.enable_debug
                0x08000310       0x10 .pioenvs\bluepill_f103c8_firmware\libbe0\libbluepill.a(bluepill.o)
                0x08000310                enable_debug
 .text.led_setup
                0x08000320       0x20 .pioenvs\bluepill_f103c8_firmware\libbe0\libbluepill.a(led.o)
                0x08000320                led_setup
 .text.led_on   0x08000340       0x10 .pioenvs\bluepill_f103c8_firmware\libbe0\libbluepill.a(led.o)
                0x08000340                led_on
 .text.led_off  0x08000350       0x10 .pioenvs\bluepill_f103c8_firmware\libbe0\libbluepill.a(led.o)
                0x08000350                led_off
 .text.led_wait
                0x08000360       0x10 .pioenvs\bluepill_f103c8_firmware\libbe0\libbluepill.a(led.o)
                0x08000360                led_wait
 .text.strlen   0x08000370       0x5c c:/users/guppy/.platformio/packages/toolchain-gccarmnoneeabi/bin/../lib/gcc/arm-none-eabi/7.2.1/../../../../arm-none-eabi/lib/thumb/v7-m\libc.a(lib_a-strlen-stub.o)
                0x08000370                strlen
 .text.strncat  0x080003cc       0x5c c:/users/guppy/.platformio/packages/toolchain-gccarmnoneeabi/bin/../lib/gcc/arm-none-eabi/7.2.1/../../../../arm-none-eabi/lib/thumb/v7-m\libc.a(lib_a-strncat.o)
                0x080003cc                strncat
 .text.rcc_osc_on.part.0
                0x08000428       0x10 .pioenvs\bluepill_f103c8_firmware\libFrameworkLibOpenCM3.a(rcc.o)
 .text.rcc_wait_for_osc_ready
                0x08000438       0x64 .pioenvs\bluepill_f103c8_firmware\libFrameworkLibOpenCM3.a(rcc.o)
                0x08000438                rcc_wait_for_osc_ready
 .text.rcc_osc_on
                0x0800049c       0x54 .pioenvs\bluepill_f103c8_firmware\libFrameworkLibOpenCM3.a(rcc.o)
                0x0800049c                rcc_osc_on
 .text.rcc_set_sysclk_source
                0x080004f0       0x14 .pioenvs\bluepill_f103c8_firmware\libFrameworkLibOpenCM3.a(rcc.o)
                0x080004f0                rcc_set_sysclk_source
 .text.rcc_set_pll_multiplication_factor
                0x08000504       0x14 .pioenvs\bluepill_f103c8_firmware\libFrameworkLibOpenCM3.a(rcc.o)
                0x08000504                rcc_set_pll_multiplication_factor
 .text.rcc_set_pll_source
                0x08000518       0x14 .pioenvs\bluepill_f103c8_firmware\libFrameworkLibOpenCM3.a(rcc.o)
                0x08000518                rcc_set_pll_source
 .text.rcc_set_pllxtpre
                0x0800052c       0x14 .pioenvs\bluepill_f103c8_firmware\libFrameworkLibOpenCM3.a(rcc.o)
                0x0800052c                rcc_set_pllxtpre
 .text.rcc_set_adcpre
                0x08000540       0x14 .pioenvs\bluepill_f103c8_firmware\libFrameworkLibOpenCM3.a(rcc.o)
                0x08000540                rcc_set_adcpre
 .text.rcc_set_ppre2
                0x08000554       0x14 .pioenvs\bluepill_f103c8_firmware\libFrameworkLibOpenCM3.a(rcc.o)
                0x08000554                rcc_set_ppre2
 .text.rcc_set_ppre1
                0x08000568       0x14 .pioenvs\bluepill_f103c8_firmware\libFrameworkLibOpenCM3.a(rcc.o)
                0x08000568                rcc_set_ppre1
 .text.rcc_set_hpre
                0x0800057c       0x14 .pioenvs\bluepill_f103c8_firmware\libFrameworkLibOpenCM3.a(rcc.o)
                0x0800057c                rcc_set_hpre
 .text.rcc_clock_setup_in_hse_8mhz_out_72mhz
                0x08000590       0x8c .pioenvs\bluepill_f103c8_firmware\libFrameworkLibOpenCM3.a(rcc.o)
                0x08000590                rcc_clock_setup_in_hse_8mhz_out_72mhz
 .text.flash_set_ws
                0x0800061c       0x14 .pioenvs\bluepill_f103c8_firmware\libFrameworkLibOpenCM3.a(flash_common_f01.o)
                0x0800061c                flash_set_ws
 .text.reset_handler
                0x08000630       0x90 .pioenvs\bluepill_f103c8_firmware\libFrameworkLibOpenCM3.a(vector.o)
                0x08000630                reset_handler
 .text.debug_print
                0x080006c0       0x1a .pioenvs\bluepill_f103c8_firmware\lib4c2\liblogger.a(logger.o)
                0x080006c0                debug_print
 .text.gpio_set_mode
                0x080006da       0x62 .pioenvs\bluepill_f103c8_firmware\libFrameworkLibOpenCM3.a(gpio.o)
                0x080006da                gpio_set_mode
 .text.gpio_set
                0x0800073c        0x4 .pioenvs\bluepill_f103c8_firmware\libFrameworkLibOpenCM3.a(gpio_common_all.o)
                0x0800073c                gpio_set
 .text.gpio_clear
                0x08000740        0x6 .pioenvs\bluepill_f103c8_firmware\libFrameworkLibOpenCM3.a(gpio_common_all.o)
                0x08000740                gpio_clear
 .text.rcc_periph_clock_enable
                0x08000746       0x1a .pioenvs\bluepill_f103c8_firmware\libFrameworkLibOpenCM3.a(rcc_common_all.o)
                0x08000746                rcc_periph_clock_enable
 .text.blocking_handler
                0x08000760        0x2 .pioenvs\bluepill_f103c8_firmware\libFrameworkLibOpenCM3.a(vector.o)
                0x08000760                usart3_isr
                0x08000760                rtc_isr
                0x08000760                tim7_isr
                0x08000760                adc1_2_isr
                0x08000760                tim1_trg_com_isr
                0x08000760                usb_hp_can_tx_isr
                0x08000760                tim6_isr
                0x08000760                usb_wakeup_isr
                0x08000760                blocking_handler
                0x08000760                tim5_isr
                0x08000760                otg_fs_isr
                0x08000760                spi1_isr
                0x08000760                exti2_isr
                0x08000760                dma1_channel6_isr
                0x08000760                can_rx1_isr
                0x08000760                dma1_channel5_isr
                0x08000760                dma2_channel5_isr
                0x08000760                usart1_isr
                0x08000760                usage_fault_handler
                0x08000760                tim8_trg_com_isr
                0x08000760                can2_rx0_isr
                0x08000760                tim1_brk_isr
                0x08000760                can2_rx1_isr
                0x08000760                tim1_cc_isr
                0x08000760                sdio_isr
                0x08000760                eth_isr
                0x08000760                dma1_channel4_isr
                0x08000760                tim8_brk_isr
                0x08000760                dma2_channel4_5_isr
                0x08000760                pvd_isr
                0x08000760                rcc_isr
                0x08000760                flash_isr
                0x08000760                uart4_isr
                0x08000760                rtc_alarm_isr
                0x08000760                exti15_10_isr
                0x08000760                hard_fault_handler
                0x08000760                exti1_isr
                0x08000760                i2c1_ev_isr
                0x08000760                dma2_channel1_isr
                0x08000760                spi2_isr
                0x08000760                tim8_up_isr
                0x08000760                dma2_channel2_isr
                0x08000760                exti3_isr
                0x08000760                adc3_isr
                0x08000760                tim3_isr
                0x08000760                usart2_isr
                0x08000760                usb_lp_can_rx0_isr
                0x08000760                i2c2_er_isr
                0x08000760                i2c2_ev_isr
                0x08000760                uart5_isr
                0x08000760                fsmc_isr
                0x08000760                dma1_channel1_isr
                0x08000760                exti4_isr
                0x08000760                mem_manage_handler
                0x08000760                can2_tx_isr
                0x08000760                exti9_5_isr
                0x08000760                dma2_channel3_isr
                0x08000760                dma1_channel7_isr
                0x08000760                tim1_up_isr
                0x08000760                can2_sce_isr
                0x08000760                tim4_isr
                0x08000760                dma1_channel2_isr
                0x08000760                i2c1_er_isr
                0x08000760                can_sce_isr
                0x08000760                tim8_cc_isr
                0x08000760                tamper_isr
                0x08000760                eth_wkup_isr
                0x08000760                bus_fault_handler
                0x08000760                wwdg_isr
                0x08000760                dma1_channel3_isr
                0x08000760                spi3_isr
                0x08000760                tim2_isr
                0x08000760                exti0_isr
 .text.null_handler
                0x08000762        0x2 .pioenvs\bluepill_f103c8_firmware\libFrameworkLibOpenCM3.a(vector.o)
                0x08000762                sv_call_handler
                0x08000762                pend_sv_handler
                0x08000762                debug_monitor_handler
                0x08000762                sys_tick_handler
                0x08000762                nmi_handler
                0x08000762                null_handler
                0x08000764                . = ALIGN (0x4)
 *(SORT_BY_ALIGNMENT(.rodata*))
 .rodata.main.str1.1
                0x08000764        0xd .pioenvs\bluepill_f103c8_firmware\src\blink\blink.o
 .rodata.debug_println.str1.1
                0x08000771        0x2 .pioenvs\bluepill_f103c8_firmware\lib4c2\liblogger.a(logger.o)
 .rodata.platform_setup.str1.1
                0x08000773       0x13 .pioenvs\bluepill_f103c8_firmware\libbe0\libbluepill.a(bluepill.o)
                0x08000788                . = ALIGN (0x4)
 *fill*         0x08000786        0x2 

.glue_7         0x08000788        0x0
 .glue_7        0x08000788        0x0 linker stubs

.glue_7t        0x08000788        0x0
 .glue_7t       0x08000788        0x0 linker stubs

.vfp11_veneer   0x08000788        0x0
 .vfp11_veneer  0x08000788        0x0 linker stubs

.v4_bx          0x08000788        0x0
 .v4_bx         0x08000788        0x0 linker stubs

.iplt           0x08000788        0x0
 .iplt          0x08000788        0x0 .pioenvs\bluepill_f103c8_firmware\src\blink\blink.o

.rel.dyn        0x08000788        0x0
 .rel.iplt      0x08000788        0x0 .pioenvs\bluepill_f103c8_firmware\src\blink\blink.o

.preinit_array  0x08000788        0x0
                0x08000788                . = ALIGN (0x4)
                0x08000788                __preinit_array_start = .
 *(SORT_BY_ALIGNMENT(.preinit_array))
                0x08000788                __preinit_array_end = .

.init_array     0x08000788        0x0
                0x08000788                . = ALIGN (0x4)
                0x08000788                __init_array_start = .
 *(SORT_BY_NAME(SORT_BY_ALIGNMENT(.init_array.*)))
 *(SORT_BY_ALIGNMENT(.init_array))
                0x08000788                __init_array_end = .

.fini_array     0x08000788        0x0
                0x08000788                . = ALIGN (0x4)
                0x08000788                __fini_array_start = .
 *(SORT_BY_ALIGNMENT(.fini_array))
 *(SORT_BY_NAME(SORT_BY_ALIGNMENT(.fini_array.*)))
                0x08000788                __fini_array_end = .

.ARM.extab
 *(SORT_BY_ALIGNMENT(.ARM.extab*))

.ARM.exidx      0x08000788        0x0
                0x08000788                __exidx_start = .
 *(SORT_BY_ALIGNMENT(.ARM.exidx*))
                0x08000788                __exidx_end = .
                0x08000788                . = ALIGN (0x4)
                0x08000788                _etext = .

.data           0x20000000        0xc load address 0x08000788
                0x20000000                _data = .
 *(SORT_BY_ALIGNMENT(.data*))
 .data.rcc_ahb_frequency
                0x20000000        0x4 .pioenvs\bluepill_f103c8_firmware\libFrameworkLibOpenCM3.a(rcc.o)
                0x20000000                rcc_ahb_frequency
 .data.rcc_apb1_frequency
                0x20000004        0x4 .pioenvs\bluepill_f103c8_firmware\libFrameworkLibOpenCM3.a(rcc.o)
                0x20000004                rcc_apb1_frequency
 .data.rcc_apb2_frequency
                0x20000008        0x4 .pioenvs\bluepill_f103c8_firmware\libFrameworkLibOpenCM3.a(rcc.o)
                0x20000008                rcc_apb2_frequency
                0x2000000c                . = ALIGN (0x4)
                0x2000000c                _edata = .
                0x08000788                _data_loadaddr = LOADADDR (.data)

.igot.plt       0x2000000c        0x0 load address 0x08000794
 .igot.plt      0x2000000c        0x0 .pioenvs\bluepill_f103c8_firmware\src\blink\blink.o

.bss            0x2000000c       0x54 load address 0x08000794
 *(SORT_BY_ALIGNMENT(.bss*))
 .bss._ZL10logEnabled
                0x2000000c        0x1 .pioenvs\bluepill_f103c8_firmware\lib4c2\liblogger.a(logger.o)
 .bss._ZL11debugBuffer
                0x2000000d       0x51 .pioenvs\bluepill_f103c8_firmware\lib4c2\liblogger.a(logger.o)
 .bss._ZL12debugEnabled
                0x2000005e        0x1 .pioenvs\bluepill_f103c8_firmware\libbe0\libbluepill.a(bluepill.o)
 *(SORT_BY_ALIGNMENT(COMMON))
                0x20000060                . = ALIGN (0x4)
 *fill*         0x2000005f        0x1 
                0x20000060                _ebss = .

/DISCARD/
 *(SORT_BY_ALIGNMENT(.eh_frame))
                0x20000060                . = ALIGN (0x4)
                0x20000060                end = .
                0x20005000                PROVIDE (_stack, (ORIGIN (ram) + LENGTH (ram)))
OUTPUT(.pioenvs\bluepill_f103c8_firmware\firmware.elf elf32-littlearm)

.comment        0x00000000       0x7e
 .comment       0x00000000       0x7e .pioenvs\bluepill_f103c8_firmware\src\blink\blink.o
                                 0x7f (size before relaxing)
 .comment       0x0000007e       0x7f .pioenvs\bluepill_f103c8_firmware\src\stm32f103\target_stm32f103.o
 .comment       0x0000007e       0x7f .pioenvs\bluepill_f103c8_firmware\lib4c2\liblogger.a(logger.o)
 .comment       0x0000007e       0x7f .pioenvs\bluepill_f103c8_firmware\libbe0\libbluepill.a(bluepill.o)
 .comment       0x0000007e       0x7f .pioenvs\bluepill_f103c8_firmware\libbe0\libbluepill.a(led.o)
 .comment       0x0000007e       0x7f .pioenvs\bluepill_f103c8_firmware\libFrameworkLibOpenCM3.a(gpio.o)
 .comment       0x0000007e       0x7f .pioenvs\bluepill_f103c8_firmware\libFrameworkLibOpenCM3.a(rcc.o)
 .comment       0x0000007e       0x7f .pioenvs\bluepill_f103c8_firmware\libFrameworkLibOpenCM3.a(gpio_common_all.o)
 .comment       0x0000007e       0x7f .pioenvs\bluepill_f103c8_firmware\libFrameworkLibOpenCM3.a(rcc_common_all.o)
 .comment       0x0000007e       0x7f .pioenvs\bluepill_f103c8_firmware\libFrameworkLibOpenCM3.a(flash_common_f01.o)
 .comment       0x0000007e       0x7f .pioenvs\bluepill_f103c8_firmware\libFrameworkLibOpenCM3.a(vector.o)

.ARM.attributes
                0x00000000       0x31
 .ARM.attributes
                0x00000000       0x33 .pioenvs\bluepill_f103c8_firmware\src\blink\blink.o
 .ARM.attributes
                0x00000033       0x33 .pioenvs\bluepill_f103c8_firmware\src\stm32f103\target_stm32f103.o
 .ARM.attributes
                0x00000066       0x33 .pioenvs\bluepill_f103c8_firmware\lib4c2\liblogger.a(logger.o)
 .ARM.attributes
                0x00000099       0x33 .pioenvs\bluepill_f103c8_firmware\libbe0\libbluepill.a(bluepill.o)
 .ARM.attributes
                0x000000cc       0x33 .pioenvs\bluepill_f103c8_firmware\libbe0\libbluepill.a(led.o)
 .ARM.attributes
                0x000000ff       0x2d c:/users/guppy/.platformio/packages/toolchain-gccarmnoneeabi/bin/../lib/gcc/arm-none-eabi/7.2.1/../../../../arm-none-eabi/lib/thumb/v7-m\libc.a(lib_a-strlen-stub.o)
 .ARM.attributes
                0x0000012c       0x2d c:/users/guppy/.platformio/packages/toolchain-gccarmnoneeabi/bin/../lib/gcc/arm-none-eabi/7.2.1/../../../../arm-none-eabi/lib/thumb/v7-m\libc.a(lib_a-strncat.o)
 .ARM.attributes
                0x00000159       0x33 .pioenvs\bluepill_f103c8_firmware\libFrameworkLibOpenCM3.a(gpio.o)
 .ARM.attributes
                0x0000018c       0x33 .pioenvs\bluepill_f103c8_firmware\libFrameworkLibOpenCM3.a(rcc.o)
 .ARM.attributes
                0x000001bf       0x33 .pioenvs\bluepill_f103c8_firmware\libFrameworkLibOpenCM3.a(gpio_common_all.o)
 .ARM.attributes
                0x000001f2       0x33 .pioenvs\bluepill_f103c8_firmware\libFrameworkLibOpenCM3.a(rcc_common_all.o)
 .ARM.attributes
                0x00000225       0x33 .pioenvs\bluepill_f103c8_firmware\libFrameworkLibOpenCM3.a(flash_common_f01.o)
 .ARM.attributes
                0x00000258       0x33 .pioenvs\bluepill_f103c8_firmware\libFrameworkLibOpenCM3.a(vector.o)

.debug_frame    0x00000000       0x54
 .debug_frame   0x00000000       0x20 c:/users/guppy/.platformio/packages/toolchain-gccarmnoneeabi/bin/../lib/gcc/arm-none-eabi/7.2.1/../../../../arm-none-eabi/lib/thumb/v7-m\libc.a(lib_a-strlen-stub.o)
 .debug_frame   0x00000020       0x34 c:/users/guppy/.platformio/packages/toolchain-gccarmnoneeabi/bin/../lib/gcc/arm-none-eabi/7.2.1/../../../../arm-none-eabi/lib/thumb/v7-m\libc.a(lib_a-strncat.o)
